../Core/Src/lis3dsh.c:53:13:LIS3DSH_CS_Low	8	static
../Core/Src/lis3dsh.c:58:13:LIS3DSH_CS_High	8	static
../Core/Src/lis3dsh.c:63:13:LIS3DSH_SPI_Recover	8	static
../Core/Src/lis3dsh.c:71:13:LIS3DSH_CS_Init	32	static
../Core/Src/lis3dsh.c:85:16:LIS3DSH_SPI_WriteRead	24	static
../Core/Src/lis3dsh.c:99:13:LIS3DSH_WriteReg	16	static
../Core/Src/lis3dsh.c:107:16:LIS3DSH_ReadReg	24	static
../Core/Src/lis3dsh.c:119:16:LIS3DSH_Raw16FromBytes	16	static
../Core/Src/lis3dsh.c:124:14:LIS3DSH_Raw16ToG	16	static
../Core/Src/lis3dsh.c:130:13:LIS3DSH_Reboot	16	static
../Core/Src/lis3dsh.c:139:19:LIS3DSH_Init	16	static
../Core/Src/lis3dsh.c:175:19:LIS3DSH_ReadAccel	40	static
