../Core/Src/sensor_uart.c:51:16:float_to_fixed	16	static
../Core/Src/sensor_uart.c:60:12:append_mm	48	static
../Core/Src/sensor_uart.c:83:12:append_g	48	static
../Core/Src/sensor_uart.c:106:12:append_temp_c	48	static
../Core/Src/sensor_uart.c:129:12:SensorUart_FormatSample	40	static
../Core/Src/sensor_uart.c:194:13:SensorUart_CaptureSample	40	static
../Core/Src/sensor_uart.c:229:13:SensorUart_SendSample	168	static
../Core/Src/sensor_uart.c:246:13:SensorUart_Flush	16	static
../Core/Src/sensor_uart.c:257:6:SensorUart_Init	8	static
../Core/Src/sensor_uart.c:272:13:SensorUart_SendHeartbeat	96	static
../Core/Src/sensor_uart.c:292:6:SensorUart_Process	16	static
