../Core/Src/sensor_uart.c:52:16:float_to_fixed	16	static
../Core/Src/sensor_uart.c:61:12:append_mm	48	static
../Core/Src/sensor_uart.c:84:12:append_g	48	static
../Core/Src/sensor_uart.c:107:12:append_temp_c	48	static
../Core/Src/sensor_uart.c:130:12:SensorUart_FormatSample	40	static
../Core/Src/sensor_uart.c:205:13:SensorUart_CaptureSample	40	static
../Core/Src/sensor_uart.c:242:13:SensorUart_SendSample	168	static
../Core/Src/sensor_uart.c:259:13:SensorUart_Flush	16	static
../Core/Src/sensor_uart.c:270:6:SensorUart_Init	8	static
../Core/Src/sensor_uart.c:285:13:SensorUart_SendHeartbeat	96	static
../Core/Src/sensor_uart.c:305:6:SensorUart_Process	16	static
