Archive member included to satisfy reference by file (symbol)

C:/ST/STM32CubeIDE_2.1.1/STM32CubeIDE/plugins/com.st.stm32cube.ide.mcu.externaltools.gnu-tools-for-stm32.14.3.rel1.win32_1.0.100.202602081740/tools/bin/../lib/gcc/arm-none-eabi/14.3.1/../../../../arm-none-eabi/lib/thumb/v7e-m+fp/hard\libc_nano.a(libc_a-atoi.o)
                              ./Core/Src/wheel_speed_uart.o (atoi)
C:/ST/STM32CubeIDE_2.1.1/STM32CubeIDE/plugins/com.st.stm32cube.ide.mcu.externaltools.gnu-tools-for-stm32.14.3.rel1.win32_1.0.100.202602081740/tools/bin/../lib/gcc/arm-none-eabi/14.3.1/../../../../arm-none-eabi/lib/thumb/v7e-m+fp/hard\libc_nano.a(libc_a-exit.o)
                              C:/ST/STM32CubeIDE_2.1.1/STM32CubeIDE/plugins/com.st.stm32cube.ide.mcu.externaltools.gnu-tools-for-stm32.14.3.rel1.win32_1.0.100.202602081740/tools/bin/../lib/gcc/arm-none-eabi/14.3.1/../../../../arm-none-eabi/lib/thumb/v7e-m+fp/hard/crt0.o (exit)
C:/ST/STM32CubeIDE_2.1.1/STM32CubeIDE/plugins/com.st.stm32cube.ide.mcu.externaltools.gnu-tools-for-stm32.14.3.rel1.win32_1.0.100.202602081740/tools/bin/../lib/gcc/arm-none-eabi/14.3.1/../../../../arm-none-eabi/lib/thumb/v7e-m+fp/hard\libc_nano.a(libc_a-strtol.o)
                              C:/ST/STM32CubeIDE_2.1.1/STM32CubeIDE/plugins/com.st.stm32cube.ide.mcu.externaltools.gnu-tools-for-stm32.14.3.rel1.win32_1.0.100.202602081740/tools/bin/../lib/gcc/arm-none-eabi/14.3.1/../../../../arm-none-eabi/lib/thumb/v7e-m+fp/hard\libc_nano.a(libc_a-atoi.o) (_strtol_r)
C:/ST/STM32CubeIDE_2.1.1/STM32CubeIDE/plugins/com.st.stm32cube.ide.mcu.externaltools.gnu-tools-for-stm32.14.3.rel1.win32_1.0.100.202602081740/tools/bin/../lib/gcc/arm-none-eabi/14.3.1/../../../../arm-none-eabi/lib/thumb/v7e-m+fp/hard\libc_nano.a(libc_a-ctype_.o)
                              C:/ST/STM32CubeIDE_2.1.1/STM32CubeIDE/plugins/com.st.stm32cube.ide.mcu.externaltools.gnu-tools-for-stm32.14.3.rel1.win32_1.0.100.202602081740/tools/bin/../lib/gcc/arm-none-eabi/14.3.1/../../../../arm-none-eabi/lib/thumb/v7e-m+fp/hard\libc_nano.a(libc_a-strtol.o) (_ctype_)
C:/ST/STM32CubeIDE_2.1.1/STM32CubeIDE/plugins/com.st.stm32cube.ide.mcu.externaltools.gnu-tools-for-stm32.14.3.rel1.win32_1.0.100.202602081740/tools/bin/../lib/gcc/arm-none-eabi/14.3.1/../../../../arm-none-eabi/lib/thumb/v7e-m+fp/hard\libc_nano.a(libc_a-findfp.o)
                              C:/ST/STM32CubeIDE_2.1.1/STM32CubeIDE/plugins/com.st.stm32cube.ide.mcu.externaltools.gnu-tools-for-stm32.14.3.rel1.win32_1.0.100.202602081740/tools/bin/../lib/gcc/arm-none-eabi/14.3.1/../../../../arm-none-eabi/lib/thumb/v7e-m+fp/hard\libc_nano.a(libc_a-exit.o) (__stdio_exit_handler)
C:/ST/STM32CubeIDE_2.1.1/STM32CubeIDE/plugins/com.st.stm32cube.ide.mcu.externaltools.gnu-tools-for-stm32.14.3.rel1.win32_1.0.100.202602081740/tools/bin/../lib/gcc/arm-none-eabi/14.3.1/../../../../arm-none-eabi/lib/thumb/v7e-m+fp/hard\libc_nano.a(libc_a-fwalk.o)
                              C:/ST/STM32CubeIDE_2.1.1/STM32CubeIDE/plugins/com.st.stm32cube.ide.mcu.externaltools.gnu-tools-for-stm32.14.3.rel1.win32_1.0.100.202602081740/tools/bin/../lib/gcc/arm-none-eabi/14.3.1/../../../../arm-none-eabi/lib/thumb/v7e-m+fp/hard\libc_nano.a(libc_a-findfp.o) (_fwalk_sglue)
C:/ST/STM32CubeIDE_2.1.1/STM32CubeIDE/plugins/com.st.stm32cube.ide.mcu.externaltools.gnu-tools-for-stm32.14.3.rel1.win32_1.0.100.202602081740/tools/bin/../lib/gcc/arm-none-eabi/14.3.1/../../../../arm-none-eabi/lib/thumb/v7e-m+fp/hard\libc_nano.a(libc_a-snprintf.o)
                              ./Core/Src/sensor_uart.o (snprintf)
C:/ST/STM32CubeIDE_2.1.1/STM32CubeIDE/plugins/com.st.stm32cube.ide.mcu.externaltools.gnu-tools-for-stm32.14.3.rel1.win32_1.0.100.202602081740/tools/bin/../lib/gcc/arm-none-eabi/14.3.1/../../../../arm-none-eabi/lib/thumb/v7e-m+fp/hard\libc_nano.a(libc_a-stdio.o)
                              C:/ST/STM32CubeIDE_2.1.1/STM32CubeIDE/plugins/com.st.stm32cube.ide.mcu.externaltools.gnu-tools-for-stm32.14.3.rel1.win32_1.0.100.202602081740/tools/bin/../lib/gcc/arm-none-eabi/14.3.1/../../../../arm-none-eabi/lib/thumb/v7e-m+fp/hard\libc_nano.a(libc_a-findfp.o) (__sread)
C:/ST/STM32CubeIDE_2.1.1/STM32CubeIDE/plugins/com.st.stm32cube.ide.mcu.externaltools.gnu-tools-for-stm32.14.3.rel1.win32_1.0.100.202602081740/tools/bin/../lib/gcc/arm-none-eabi/14.3.1/../../../../arm-none-eabi/lib/thumb/v7e-m+fp/hard\libc_nano.a(libc_a-memset.o)
                              C:/ST/STM32CubeIDE_2.1.1/STM32CubeIDE/plugins/com.st.stm32cube.ide.mcu.externaltools.gnu-tools-for-stm32.14.3.rel1.win32_1.0.100.202602081740/tools/bin/../lib/gcc/arm-none-eabi/14.3.1/../../../../arm-none-eabi/lib/thumb/v7e-m+fp/hard/crt0.o (memset)
C:/ST/STM32CubeIDE_2.1.1/STM32CubeIDE/plugins/com.st.stm32cube.ide.mcu.externaltools.gnu-tools-for-stm32.14.3.rel1.win32_1.0.100.202602081740/tools/bin/../lib/gcc/arm-none-eabi/14.3.1/../../../../arm-none-eabi/lib/thumb/v7e-m+fp/hard\libc_nano.a(libc_a-strncmp.o)
                              ./Core/Src/wheel_speed_uart.o (strncmp)
[...]
Memory Configuration

Name             Origin             Length             Attributes
CCMRAM           0x10000000         0x00010000         xrw
RAM              0x20000000         0x00020000         xrw
FLASH            0x08000000         0x00100000         xr
*default*        0x00000000         0xffffffff

Linker script and memory map

LOAD C:/ST/STM32CubeIDE_2.1.1/STM32CubeIDE/plugins/com.st.stm32cube.ide.mcu.externaltools.gnu-tools-for-stm32.14.3.rel1.win32_1.0.100.202602081740/tools/bin/../lib/gcc/arm-none-eabi/14.3.1/thumb/v7e-m+fp/hard/crti.o
LOAD C:/ST/STM32CubeIDE_2.1.1/STM32CubeIDE/plugins/com.st.stm32cube.ide.mcu.externaltools.gnu-tools-for-stm32.14.3.rel1.win32_1.0.100.202602081740/tools/bin/../lib/gcc/arm-none-eabi/14.3.1/thumb/v7e-m+fp/hard/crtbegin.o
LOAD C:/ST/STM32CubeIDE_2.1.1/STM32CubeIDE/plugins/com.st.stm32cube.ide.mcu.externaltools.gnu-tools-for-stm32.14.3.rel1.win32_1.0.100.202602081740/tools/bin/../lib/gcc/arm-none-eabi/14.3.1/../../../../arm-none-eabi/lib/thumb/v7e-m+fp/hard/crt0.o
LOAD ./Core/Src/adc.o
LOAD ./Core/Src/can.o
LOAD ./Core/Src/can_lws.o
LOAD ./Core/Src/gpio.o
LOAD ./Core/Src/lis3dsh.o
LOAD ./Core/Src/main.o
LOAD ./Core/Src/sensor_uart.o
LOAD ./Core/Src/spi.o
LOAD ./Core/Src/stm32f4xx_hal_msp.o
LOAD ./Core/Src/stm32f4xx_it.o
LOAD ./Core/Src/syscalls.o
LOAD ./Core/Src/sysmem.o
LOAD ./Core/Src/system_stm32f4xx.o
LOAD ./Core/Src/usart.o
LOAD ./Core/Src/user_button.o
LOAD ./Core/Src/wheel_speed_uart.o
LOAD ./Core/Startup/startup_stm32f407vgtx.o
LOAD ./Drivers/STM32F4xx_HAL_Driver/Src/stm32f4xx_hal.o
LOAD ./Drivers/STM32F4xx_HAL_Driver/Src/stm32f4xx_hal_adc.o
LOAD ./Drivers/STM32F4xx_HAL_Driver/Src/stm32f4xx_hal_adc_ex.o
LOAD ./Drivers/STM32F4xx_HAL_Driver/Src/stm32f4xx_hal_can.o
LOAD ./Drivers/STM32F4xx_HAL_Driver/Src/stm32f4xx_hal_cortex.o
LOAD ./Drivers/STM32F4xx_HAL_Driver/Src/stm32f4xx_hal_dma.o
LOAD ./Drivers/STM32F4xx_HAL_Driver/Src/stm32f4xx_hal_dma_ex.o
LOAD ./Drivers/STM32F4xx_HAL_Driver/Src/stm32f4xx_hal_exti.o
LOAD ./Drivers/STM32F4xx_HAL_Driver/Src/stm32f4xx_hal_flash.o
LOAD ./Drivers/STM32F4xx_HAL_Driver/Src/stm32f4xx_hal_flash_ex.o
LOAD ./Drivers/STM32F4xx_HAL_Driver/Src/stm32f4xx_hal_flash_ramfunc.o
LOAD ./Drivers/STM32F4xx_HAL_Driver/Src/stm32f4xx_hal_gpio.o
LOAD ./Drivers/STM32F4xx_HAL_Driver/Src/stm32f4xx_hal_pwr.o
LOAD ./Drivers/STM32F4xx_HAL_Driver/Src/stm32f4xx_hal_pwr_ex.o
LOAD ./Drivers/STM32F4xx_HAL_Driver/Src/stm32f4xx_hal_rcc.o
LOAD ./Drivers/STM32F4xx_HAL_Driver/Src/stm32f4xx_hal_rcc_ex.o
LOAD ./Drivers/STM32F4xx_HAL_Driver/Src/stm32f4xx_hal_spi.o
LOAD ./Drivers/STM32F4xx_HAL_Driver/Src/stm32f4xx_hal_uart.o
START GROUP
LOAD C:/ST/STM32CubeIDE_2.1.1/STM32CubeIDE/plugins/com.st.stm32cube.ide.mcu.externaltools.gnu-tools-for-stm32.14.3.rel1.win32_1.0.100.202602081740/tools/bin/../lib/gcc/arm-none-eabi/14.3.1/../../../../arm-none-eabi/lib/thumb/v7e-m+fp/hard\libc_nano.a
LOAD C:/ST/STM32CubeIDE_2.1.1/STM32CubeIDE/plugins/com.st.stm32cube.ide.mcu.externaltools.gnu-tools-for-stm32.14.3.rel1.win32_1.0.100.202602081740/tools/bin/../lib/gcc/arm-none-eabi/14.3.1/../../../../arm-none-eabi/lib/thumb/v7e-m+fp/hard\libm.a
END GROUP
START GROUP
LOAD C:/ST/STM32CubeIDE_2.1.1/STM32CubeIDE/plugins/com.st.stm32cube.ide.mcu.externaltools.gnu-tools-for-stm32.14.3.rel1.win32_1.0.100.202602081740/tools/bin/../lib/gcc/arm-none-eabi/14.3.1/thumb/v7e-m+fp/hard\libgcc.a
LOAD C:/ST/STM32CubeIDE_2.1.1/STM32CubeIDE/plugins/com.st.stm32cube.ide.mcu.externaltools.gnu-tools-for-stm32.14.3.rel1.win32_1.0.100.202602081740/tools/bin/../lib/gcc/arm-none-eabi/14.3.1/../../../../arm-none-eabi/lib/thumb/v7e-m+fp/hard\libc_nano.a
END GROUP
START GROUP
LOAD C:/ST/STM32CubeIDE_2.1.1/STM32CubeIDE/plugins/com.st.stm32cube.ide.mcu.externaltools.gnu-tools-for-stm32.14.3.rel1.win32_1.0.100.202602081740/tools/bin/../lib/gcc/arm-none-eabi/14.3.1/thumb/v7e-m+fp/hard\libgcc.a
LOAD C:/ST/STM32CubeIDE_2.1.1/STM32CubeIDE/plugins/com.st.stm32cube.ide.mcu.externaltools.gnu-tools-for-stm32.14.3.rel1.win32_1.0.100.202602081740/tools/bin/../lib/gcc/arm-none-eabi/14.3.1/../../../../arm-none-eabi/lib/thumb/v7e-m+fp/hard\libc_nano.a
LOAD C:/ST/STM32CubeIDE_2.1.1/STM32CubeIDE/plugins/com.st.stm32cube.ide.mcu.externaltools.gnu-tools-for-stm32.14.3.rel1.win32_1.0.100.202602081740/tools/bin/../lib/gcc/arm-none-eabi/14.3.1/../../../../arm-none-eabi/lib/thumb/v7e-m+fp/hard\libnosys.a
END GROUP
START GROUP
LOAD C:/ST/STM32CubeIDE_2.1.1/STM32CubeIDE/plugins/com.st.stm32cube.ide.mcu.externaltools.gnu-tools-for-stm32.14.3.rel1.win32_1.0.100.202602081740/tools/bin/../lib/gcc/arm-none-eabi/14.3.1/thumb/v7e-m+fp/hard\libgcc.a
LOAD C:/ST/STM32CubeIDE_2.1.1/STM32CubeIDE/plugins/com.st.stm32cube.ide.mcu.externaltools.gnu-tools-for-stm32.14.3.rel1.win32_1.0.100.202602081740/tools/bin/../lib/gcc/arm-none-eabi/14.3.1/../../../../arm-none-eabi/lib/thumb/v7e-m+fp/hard\libc_nano.a
LOAD C:/ST/STM32CubeIDE_2.1.1/STM32CubeIDE/plugins/com.st.stm32cube.ide.mcu.externaltools.gnu-tools-for-stm32.14.3.rel1.win32_1.0.100.202602081740/tools/bin/../lib/gcc/arm-none-eabi/14.3.1/../../../../arm-none-eabi/lib/thumb/v7e-m+fp/hard\libnosys.a
END GROUP
LOAD C:/ST/STM32CubeIDE_2.1.1/STM32CubeIDE/plugins/com.st.stm32cube.ide.mcu.externaltools.gnu-tools-for-stm32.14.3.rel1.win32_1.0.100.202602081740/tools/bin/../lib/gcc/arm-none-eabi/14.3.1/thumb/v7e-m+fp/hard/crtend.o
LOAD C:/ST/STM32CubeIDE_2.1.1/STM32CubeIDE/plugins/com.st.stm32cube.ide.mcu.externaltools.gnu-tools-for-stm32.14.3.rel1.win32_1.0.100.202602081740/tools/bin/../lib/gcc/arm-none-eabi/14.3.1/thumb/v7e-m+fp/hard/crtn.o
                0x20020000                        _estack = (ORIGIN (RAM) + LENGTH (RAM))
                0x00000200                        _Min_Heap_Size = 0x200
                0x00000400                        _Min_Stack_Size = 0x400

.isr_vector     0x08000000      0x188
                0x08000000                        . = ALIGN (0x4)
 *(.isr_vector)
 .isr_vector    0x08000000      0x188 ./Core/Startup/startup_stm32f407vgtx.o
                0x08000000                g_pfnVectors
                0x08000188                        . = ALIGN (0x4)

.text           0x08000190     0x6c80
                0x08000190                        . = ALIGN (0x4)
 *(.text)
 .text          0x08000190       0x40 C:/ST/STM32CubeIDE_2.1.1/STM32CubeIDE/plugins/com.st.stm32cube.ide.mcu.externaltools.gnu-tools-for-stm32.14.3.rel1.win32_1.0.100.202602081740/tools/bin/../lib/gcc/arm-none-eabi/14.3.1/thumb/v7e-m+fp/hard/crtbegin.o
 .text          0x080001d0       0x10 C:/ST/STM32CubeIDE_2.1.1/STM32CubeIDE/plugins/com.st.stm32cube.ide.mcu.externaltools.gnu-tools-for-stm32.14.3.rel1.win32_1.0.100.202602081740/tools/bin/../lib/gcc/arm-none-eabi/14.3.1/../../../../arm-none-eabi/lib/thumb/v7e-m+fp/hard\libc_nano.a(libc_a-strlen.o)
                0x080001d0                strlen
 .text          0x080001e0       0xa0 C:/ST/STM32CubeIDE_2.1.1/STM32CubeIDE/plugins/com.st.stm32cube.ide.mcu.externaltools.gnu-tools-for-stm32.14.3.rel1.win32_1.0.100.202602081740/tools/bin/../lib/gcc/arm-none-eabi/14.3.1/../../../../arm-none-eabi/lib/thumb/v7e-m+fp/hard\libc_nano.a(libc_a-memchr.o)
                0x080001e0                memchr
 .text          0x08000280       0x30 C:/ST/STM32CubeIDE_2.1.1/STM32CubeIDE/plugins/com.st.stm32cube.ide.mcu.externaltools.gnu-tools-for-stm32.14.3.rel1.win32_1.0.100.202602081740/tools/bin/../lib/gcc/arm-none-eabi/14.3.1/thumb/v7e-m+fp/hard\libgcc.a(_aeabi_uldivmod.o)
                0x08000280                __aeabi_uldivmod
 .text          0x080002b0      0x2f8 C:/ST/STM32CubeIDE_2.1.1/STM32CubeIDE/plugins/com.st.stm32cube.ide.mcu.externaltools.gnu-tools-for-stm32.14.3.rel1.win32_1.0.100.202602081740/tools/bin/../lib/gcc/arm-none-eabi/14.3.1/thumb/v7e-m+fp/hard\libgcc.a(_udivmoddi4.o)
                0x080002b0                __udivmoddi4
 .text          0x080005a8        0x4 C:/ST/STM32CubeIDE_2.1.1/STM32CubeIDE/plugins/com.st.stm32cube.ide.mcu.externaltools.gnu-tools-for-stm32.14.3.rel1.win32_1.0.100.202602081740/tools/bin/../lib/gcc/arm-none-eabi/14.3.1/thumb/v7e-m+fp/hard\libgcc.a(_dvmd_tls.o)
                0x080005a8                __aeabi_idiv0
                0x080005a8                __aeabi_ldiv0
 *(.text*)
 .text.ADC_EnsureAnalogPins
                0x080005ac       0x58 ./Core/Src/adc.o
 .text.ADC_ReadHalChannel
                0x08000604       0xd0 ./Core/Src/adc.o
 .text.ADC_ReadChannelOnce
                0x080006d4       0x30 ./Core/Src/adc.o
 .text.ADC_ReadInternalRawAvg
                0x08000704       0x50 ./Core/Src/adc.o
 .text.ADC_ReadVddaMv
                0x08000754       0x6c ./Core/Src/adc.o
 .text.MX_ADC1_Init
                0x080007c0       0xa4 ./Core/Src/adc.o
                0x080007c0                MX_ADC1_Init
 .text.HAL_ADC_MspInit
                0x08000864       0x88 ./Core/Src/adc.o
                0x08000864                HAL_ADC_MspInit
 .text.ADC_LinearSensor_Init
                0x080008ec       0x60 ./Core/Src/adc.o
                0x080008ec                ADC_LinearSensor_Init
 .text.ADC_RawToVoltageMv
                0x0800094c       0x34 ./Core/Src/adc.o
                0x0800094c                ADC_RawToVoltageMv
 .text.ADC_RawToPositionMm
                0x08000980       0x3c ./Core/Src/adc.o
                0x08000980                ADC_RawToPositionMm
 .text.ADC_ReadAllLinearSensors
                0x080009bc       0x80 ./Core/Src/adc.o
                0x080009bc                ADC_ReadAllLinearSensors
 .text.ADC_RawToMcuTempC
                0x08000a3c       0x80 ./Core/Src/adc.o
 .text.ADC_ReadMcuTempC
                0x08000abc       0x64 ./Core/Src/adc.o
                0x08000abc                ADC_ReadMcuTempC
 .text.MX_CAN1_Init
                0x08000b20       0x6c ./Core/Src/can.o
                0x08000b20                MX_CAN1_Init
 .text.MX_CAN2_Init
                0x08000b8c       0x6c ./Core/Src/can.o
                0x08000b8c                MX_CAN2_Init
 .text.HAL_CAN_MspInit
                0x08000bf8      0x144 ./Core/Src/can.o
                0x08000bf8                HAL_CAN_MspInit
 .text.CAN_LWS_SyncDebugState
                0x08000d3c       0x28 ./Core/Src/can_lws.o
 .text.CAN_LWS_ParsePayload
                0x08000d64      0x12c ./Core/Src/can_lws.o
 .text.CAN_LWS_Init
                0x08000e90       0xa4 ./Core/Src/can_lws.o
                0x08000e90                CAN_LWS_Init
 .text.CAN_LWS_Process
                0x08000f34       0x58 ./Core/Src/can_lws.o
                0x08000f34                CAN_LWS_Process
 .text.CAN_LWS_GetState
                0x08000f8c       0x34 ./Core/Src/can_lws.o
                0x08000f8c                CAN_LWS_GetState
 .text.CAN_LWS_SendConfigCcw
                0x08000fc0       0x8c ./Core/Src/can_lws.o
                0x08000fc0                CAN_LWS_SendConfigCcw
 .text.MX_GPIO_Init
                0x0800104c       0xcc ./Core/Src/gpio.o
                0x0800104c                MX_GPIO_Init
 .text.LIS3DSH_CS_Low
                0x08001118       0x18 ./Core/Src/lis3dsh.o
 .text.LIS3DSH_CS_High
                0x08001130       0x18 ./Core/Src/lis3dsh.o
 .text.LIS3DSH_SPI_Recover
                0x08001148       0x24 ./Core/Src/lis3dsh.o
 .text.LIS3DSH_CS_Init
                0x0800116c       0x60 ./Core/Src/lis3dsh.o
 .text.LIS3DSH_SPI_WriteRead
                0x080011cc       0x54 ./Core/Src/lis3dsh.o
 .text.LIS3DSH_WriteReg
                0x08001220       0x30 ./Core/Src/lis3dsh.o
 .text.LIS3DSH_ReadReg
                0x08001250       0x34 ./Core/Src/lis3dsh.o
 .text.LIS3DSH_Raw16FromBytes
                0x08001284       0x2c ./Core/Src/lis3dsh.o
 .text.LIS3DSH_Raw16ToG
                0x080012b0       0x40 ./Core/Src/lis3dsh.o
 .text.LIS3DSH_Reboot
                0x080012f0       0x30 ./Core/Src/lis3dsh.o
 .text.LIS3DSH_Init
                0x08001320       0xa8 ./Core/Src/lis3dsh.o
                0x08001320                LIS3DSH_Init
 .text.LIS3DSH_ReadAccel
                0x080013c8      0x194 ./Core/Src/lis3dsh.o
                0x080013c8                LIS3DSH_ReadAccel
 .text.main     0x0800155c       0x5c ./Core/Src/main.o
                0x0800155c                main
 .text.SystemClock_Config
                0x080015b8       0xd4 ./Core/Src/main.o
                0x080015b8                SystemClock_Config
 .text.Error_Handler
                0x0800168c        0xc ./Core/Src/main.o
                0x0800168c                Error_Handler
 .text.float_to_fixed
                0x08001698       0x68 ./Core/Src/sensor_uart.o
 .text.append_mm
                0x08001700       0xa8 ./Core/Src/sensor_uart.o
 .text.append_g
                0x080017a8       0xa8 ./Core/Src/sensor_uart.o
 .text.append_temp_c
                0x08001850       0xa8 ./Core/Src/sensor_uart.o
 .text.SensorUart_FormatSample
                0x080018f8      0x32c ./Core/Src/sensor_uart.o
 .text.SensorUart_CaptureSample
                0x08001c24       0xf0 ./Core/Src/sensor_uart.o
 .text.SensorUart_SendSample
                0x08001d14       0x58 ./Core/Src/sensor_uart.o
 .text.SensorUart_Flush
                0x08001d6c       0x48 ./Core/Src/sensor_uart.o
 .text.SensorUart_Init
                0x08001db4       0x88 ./Core/Src/sensor_uart.o
                0x08001db4                SensorUart_Init
 .text.SensorUart_SendHeartbeat
                0x08001e3c       0x54 ./Core/Src/sensor_uart.o
 .text.SensorUart_Process
                0x08001e90       0xa8 ./Core/Src/sensor_uart.o
                0x08001e90                SensorUart_Process
 .text.MX_SPI1_Init
                0x08001f38       0x6c ./Core/Src/spi.o
                0x08001f38                MX_SPI1_Init
 .text.HAL_SPI_MspInit
                0x08001fa4       0x90 ./Core/Src/spi.o
                0x08001fa4                HAL_SPI_MspInit
 .text.HAL_MspInit
                0x08002034       0x50 ./Core/Src/stm32f4xx_hal_msp.o
                0x08002034                HAL_MspInit
 .text.NMI_Handler
                0x08002084        0x8 ./Core/Src/stm32f4xx_it.o
                0x08002084                NMI_Handler
 .text.HardFault_Handler
                0x0800208c        0x8 ./Core/Src/stm32f4xx_it.o
                0x0800208c                HardFault_Handler
 .text.MemManage_Handler
                0x08002094        0x8 ./Core/Src/stm32f4xx_it.o
                0x08002094                MemManage_Handler
 .text.BusFault_Handler
                0x0800209c        0x8 ./Core/Src/stm32f4xx_it.o
                0x0800209c                BusFault_Handler
 .text.UsageFault_Handler
                0x080020a4        0x8 ./Core/Src/stm32f4xx_it.o
                0x080020a4                UsageFault_Handler
 .text.SVC_Handler
                0x080020ac        0xe ./Core/Src/stm32f4xx_it.o
                0x080020ac                SVC_Handler
 .text.DebugMon_Handler
                0x080020ba        0xe ./Core/Src/stm32f4xx_it.o
                0x080020ba                DebugMon_Handler
 .text.PendSV_Handler
                0x080020c8        0xe ./Core/Src/stm32f4xx_it.o
                0x080020c8                PendSV_Handler
 .text.SysTick_Handler
                0x080020d6        0xc ./Core/Src/stm32f4xx_it.o
                0x080020d6                SysTick_Handler
 *fill*         0x080020e2        0x2 
 .text.USART2_IRQHandler
                0x080020e4       0x14 ./Core/Src/stm32f4xx_it.o
                0x080020e4                USART2_IRQHandler
 .text._sbrk    0x080020f8       0x6c ./Core/Src/sysmem.o
                0x080020f8                _sbrk
 .text.SystemInit
                0x08002164       0x24 ./Core/Src/system_stm32f4xx.o
                0x08002164                SystemInit
 .text.MX_UART4_Init
                0x08002188       0x64 ./Core/Src/usart.o
                0x08002188                MX_UART4_Init
 .text.MX_USART2_UART_Init
                0x080021ec       0x54 ./Core/Src/usart.o
                0x080021ec                MX_USART2_UART_Init
 .text.HAL_UART_MspInit
                0x08002240       0xfc ./Core/Src/usart.o
                0x08002240                HAL_UART_MspInit
 .text.UserButton_IsPressed
                0x0800233c       0x20 ./Core/Src/user_button.o
 .text.UserButton_NotifyCal
                0x0800235c       0x44 ./Core/Src/user_button.o
 .text.UserButton_StartCalibrate
                0x080023a0       0x40 ./Core/Src/user_button.o
 .text.UserButton_Init
                0x080023e0        0xe ./Core/Src/user_button.o
                0x080023e0                UserButton_Init
 *fill*         0x080023ee        0x2 
 .text.UserButton_Process
                0x080023f0       0xd8 ./Core/Src/user_button.o
                0x080023f0                UserButton_Process
 .text.wheel_speed_pulses_to_rpm
                0x080024c8       0x3c ./Core/Src/wheel_speed_uart.o
 .text.wheel_speed_restart_rx
                0x08002504       0x1c ./Core/Src/wheel_speed_uart.o
 .text.wheel_speed_parse_line
                0x08002520       0xcc ./Core/Src/wheel_speed_uart.o
 .text.wheel_speed_rx_byte
                0x080025ec       0x70 ./Core/Src/wheel_speed_uart.o
 .text.WheelSpeedUart_Init
                0x0800265c       0x54 ./Core/Src/wheel_speed_uart.o
                0x0800265c                WheelSpeedUart_Init
 .text.WheelSpeedUart_GetWheelRpmRight
                0x080026b0       0x1c ./Core/Src/wheel_speed_uart.o
                0x080026b0                WheelSpeedUart_GetWheelRpmRight
 .text.WheelSpeedUart_GetWheelRpmLeft
                0x080026cc       0x1c ./Core/Src/wheel_speed_uart.o
                0x080026cc                WheelSpeedUart_GetWheelRpmLeft
 .text.HAL_UART_RxCpltCallback
                0x080026e8       0x30 ./Core/Src/wheel_speed_uart.o
                0x080026e8                HAL_UART_RxCpltCallback
 .text.Reset_Handler
                0x08002718       0x50 ./Core/Startup/startup_stm32f407vgtx.o
                0x08002718                Reset_Handler
 .text.Default_Handler
                0x08002768        0x2 ./Core/Startup/startup_stm32f407vgtx.o
                0x08002768                RTC_Alarm_IRQHandler
                0x08002768                HASH_RNG_IRQHandler
                0x08002768                EXTI2_IRQHandler
                0x08002768                TIM8_CC_IRQHandler
                0x08002768                TIM1_CC_IRQHandler
                0x08002768                DMA2_Stream5_IRQHandler
                0x08002768                DMA1_Stream5_IRQHandler
                0x08002768                PVD_IRQHandler
                0x08002768                SDIO_IRQHandler
                0x08002768                TAMP_STAMP_IRQHandler
                0x08002768                CAN2_RX1_IRQHandler
                0x08002768                EXTI3_IRQHandler
                0x08002768                TIM8_TRG_COM_TIM14_IRQHandler
                0x08002768                TIM1_UP_TIM10_IRQHandler
                0x08002768                TIM8_UP_TIM13_IRQHandler
                0x08002768                I2C3_ER_IRQHandler
                0x08002768                EXTI0_IRQHandler
                0x08002768                I2C2_EV_IRQHandler
                0x08002768                DMA1_Stream2_IRQHandler
                0x08002768                CAN1_RX0_IRQHandler
                0x08002768                FPU_IRQHandler
                0x08002768                OTG_HS_WKUP_IRQHandler
                0x08002768                CAN2_SCE_IRQHandler
                0x08002768                DMA2_Stream2_IRQHandler
                0x08002768                SPI1_IRQHandler
                0x08002768                TIM6_DAC_IRQHandler
                0x08002768                TIM1_BRK_TIM9_IRQHandler
                0x08002768                DCMI_IRQHandler
                0x08002768                CAN2_RX0_IRQHandler
                0x08002768                DMA2_Stream3_IRQHandler
                0x08002768                USART6_IRQHandler
                0x08002768                USART3_IRQHandler
                0x08002768                CAN1_RX1_IRQHandler
                0x08002768                UART5_IRQHandler
                0x08002768                DMA2_Stream0_IRQHandler
                0x08002768                TIM4_IRQHandler
                0x08002768                I2C1_EV_IRQHandler
                0x08002768                DMA1_Stream6_IRQHandler
                0x08002768                DMA1_Stream1_IRQHandler
                0x08002768                UART4_IRQHandler
                0x08002768                TIM3_IRQHandler
                0x08002768                RCC_IRQHandler
                0x08002768                TIM8_BRK_TIM12_IRQHandler
                0x08002768                Default_Handler
                0x08002768                EXTI15_10_IRQHandler
                0x08002768                ADC_IRQHandler
                0x08002768                DMA1_Stream7_IRQHandler
                0x08002768                TIM7_IRQHandler
                0x08002768                CAN2_TX_IRQHandler
                0x08002768                TIM5_IRQHandler
                0x08002768                DMA2_Stream7_IRQHandler
                0x08002768                I2C3_EV_IRQHandler
                0x08002768                EXTI9_5_IRQHandler
                0x08002768                RTC_WKUP_IRQHandler
                0x08002768                ETH_WKUP_IRQHandler
                0x08002768                SPI2_IRQHandler
                0x08002768                OTG_HS_EP1_IN_IRQHandler
                0x08002768                DMA1_Stream0_IRQHandler
                0x08002768                CAN1_TX_IRQHandler
                0x08002768                EXTI4_IRQHandler
                0x08002768                FSMC_IRQHandler
                0x08002768                ETH_IRQHandler
                0x08002768                OTG_HS_EP1_OUT_IRQHandler
                0x08002768                WWDG_IRQHandler
                0x08002768                TIM2_IRQHandler
                0x08002768                OTG_FS_WKUP_IRQHandler
                0x08002768                TIM1_TRG_COM_TIM11_IRQHandler
                0x08002768                OTG_HS_IRQHandler
                0x08002768                EXTI1_IRQHandler
                0x08002768                I2C2_ER_IRQHandler
                0x08002768                DMA2_Stream1_IRQHandler
                0x08002768                CAN1_SCE_IRQHandler
                0x08002768                FLASH_IRQHandler
                0x08002768                DMA2_Stream4_IRQHandler
                0x08002768                USART1_IRQHandler
                0x08002768                OTG_FS_IRQHandler
                0x08002768                SPI3_IRQHandler
                0x08002768                DMA1_Stream4_IRQHandler
                0x08002768                I2C1_ER_IRQHandler
                0x08002768                DMA2_Stream6_IRQHandler
                0x08002768                DMA1_Stream3_IRQHandler
 *fill*         0x0800276a        0x2 
 .text.HAL_Init
                0x0800276c       0x44 ./Drivers/STM32F4xx_HAL_Driver/Src/stm32f4xx_hal.o
                0x0800276c                HAL_Init
 .text.HAL_InitTick
                0x080027b0       0x60 ./Drivers/STM32F4xx_HAL_Driver/Src/stm32f4xx_hal.o
                0x080027b0                HAL_InitTick
 .text.HAL_IncTick
                0x08002810       0x28 ./Drivers/STM32F4xx_HAL_Driver/Src/stm32f4xx_hal.o
                0x08002810                HAL_IncTick
 .text.HAL_GetTick
                0x08002838       0x18 ./Drivers/STM32F4xx_HAL_Driver/Src/stm32f4xx_hal.o
                0x08002838                HAL_GetTick
 .text.HAL_Delay
                0x08002850       0x48 ./Drivers/STM32F4xx_HAL_Driver/Src/stm32f4xx_hal.o
                0x08002850                HAL_Delay
 .text.HAL_ADC_Init
                0x08002898       0x86 ./Drivers/STM32F4xx_HAL_Driver/Src/stm32f4xx_hal_adc.o
                0x08002898                HAL_ADC_Init
 *fill*         0x0800291e        0x2 
 .text.HAL_ADC_Start
                0x08002920      0x1a4 ./Drivers/STM32F4xx_HAL_Driver/Src/stm32f4xx_hal_adc.o
                0x08002920                HAL_ADC_Start
 .text.HAL_ADC_Stop
                0x08002ac4       0x66 ./Drivers/STM32F4xx_HAL_Driver/Src/stm32f4xx_hal_adc.o
                0x08002ac4                HAL_ADC_Stop
 .text.HAL_ADC_PollForConversion
                0x08002b2a      0x116 ./Drivers/STM32F4xx_HAL_Driver/Src/stm32f4xx_hal_adc.o
                0x08002b2a                HAL_ADC_PollForConversion
 .text.HAL_ADC_GetValue
                0x08002c40       0x1a ./Drivers/STM32F4xx_HAL_Driver/Src/stm32f4xx_hal_adc.o
                0x08002c40                HAL_ADC_GetValue
 *fill*         0x08002c5a        0x2 
 .text.HAL_ADC_ConfigChannel
                0x08002c5c      0x244 ./Drivers/STM32F4xx_HAL_Driver/Src/stm32f4xx_hal_adc.o
                0x08002c5c                HAL_ADC_ConfigChannel
 .text.ADC_Init
                0x08002ea0      0x1f8 ./Drivers/STM32F4xx_HAL_Driver/Src/stm32f4xx_hal_adc.o
 .text.HAL_CAN_Init
                0x08003098      0x1f6 ./Drivers/STM32F4xx_HAL_Driver/Src/stm32f4xx_hal_can.o
                0x08003098                HAL_CAN_Init
 *fill*         0x0800328e        0x2 
 .text.HAL_CAN_ConfigFilter
                0x08003290      0x1bc ./Drivers/STM32F4xx_HAL_Driver/Src/stm32f4xx_hal_can.o
                0x08003290                HAL_CAN_ConfigFilter
 .text.HAL_CAN_Start
                0x0800344c       0x88 ./Drivers/STM32F4xx_HAL_Driver/Src/stm32f4xx_hal_can.o
                0x0800344c                HAL_CAN_Start
 .text.HAL_CAN_AddTxMessage
                0x080034d4      0x1a0 ./Drivers/STM32F4xx_HAL_Driver/Src/stm32f4xx_hal_can.o
                0x080034d4                HAL_CAN_AddTxMessage
 .text.HAL_CAN_GetTxMailboxesFreeLevel
                0x08003674       0x6a ./Drivers/STM32F4xx_HAL_Driver/Src/stm32f4xx_hal_can.o
                0x08003674                HAL_CAN_GetTxMailboxesFreeLevel
 .text.HAL_CAN_GetRxMessage
                0x080036de      0x244 ./Drivers/STM32F4xx_HAL_Driver/Src/stm32f4xx_hal_can.o
                0x080036de                HAL_CAN_GetRxMessage
 .text.HAL_CAN_GetRxFifoFillLevel
                0x08003922       0x50 ./Drivers/STM32F4xx_HAL_Driver/Src/stm32f4xx_hal_can.o
                0x08003922                HAL_CAN_GetRxFifoFillLevel
 *fill*         0x08003972        0x2 
 .text.__NVIC_SetPriorityGrouping
                0x08003974       0x48 ./Drivers/STM32F4xx_HAL_Driver/Src/stm32f4xx_hal_cortex.o
 .text.__NVIC_GetPriorityGrouping
                0x080039bc       0x1c ./Drivers/STM32F4xx_HAL_Driver/Src/stm32f4xx_hal_cortex.o
 .text.__NVIC_EnableIRQ
                0x080039d8       0x3c ./Drivers/STM32F4xx_HAL_Driver/Src/stm32f4xx_hal_cortex.o
 .text.__NVIC_SetPriority
                0x08003a14       0x54 ./Drivers/STM32F4xx_HAL_Driver/Src/stm32f4xx_hal_cortex.o
 .text.NVIC_EncodePriority
                0x08003a68       0x66 ./Drivers/STM32F4xx_HAL_Driver/Src/stm32f4xx_hal_cortex.o
 *fill*         0x08003ace        0x2 
 .text.SysTick_Config
                0x08003ad0       0x44 ./Drivers/STM32F4xx_HAL_Driver/Src/stm32f4xx_hal_cortex.o
 .text.HAL_NVIC_SetPriorityGrouping
                0x08003b14       0x16 ./Drivers/STM32F4xx_HAL_Driver/Src/stm32f4xx_hal_cortex.o
                0x08003b14                HAL_NVIC_SetPriorityGrouping
 .text.HAL_NVIC_SetPriority
                0x08003b2a       0x38 ./Drivers/STM32F4xx_HAL_Driver/Src/stm32f4xx_hal_cortex.o
                0x08003b2a                HAL_NVIC_SetPriority
 .text.HAL_NVIC_EnableIRQ
                0x08003b62       0x1c ./Drivers/STM32F4xx_HAL_Driver/Src/stm32f4xx_hal_cortex.o
                0x08003b62                HAL_NVIC_EnableIRQ
 .text.HAL_SYSTICK_Config
                0x08003b7e       0x18 ./Drivers/STM32F4xx_HAL_Driver/Src/stm32f4xx_hal_cortex.o
                0x08003b7e                HAL_SYSTICK_Config
 .text.HAL_DMA_Abort
                0x08003b96       0xe0 ./Drivers/STM32F4xx_HAL_Driver/Src/stm32f4xx_hal_dma.o
                0x08003b96                HAL_DMA_Abort
 .text.HAL_DMA_Abort_IT
                0x08003c76       0x44 ./Drivers/STM32F4xx_HAL_Driver/Src/stm32f4xx_hal_dma.o
                0x08003c76                HAL_DMA_Abort_IT
 *fill*         0x08003cba        0x2 
 .text.HAL_GPIO_Init
                0x08003cbc      0x338 ./Drivers/STM32F4xx_HAL_Driver/Src/stm32f4xx_hal_gpio.o
                0x08003cbc                HAL_GPIO_Init
 .text.HAL_GPIO_ReadPin
                0x08003ff4       0x30 ./Drivers/STM32F4xx_HAL_Driver/Src/stm32f4xx_hal_gpio.o
                0x08003ff4                HAL_GPIO_ReadPin
 .text.HAL_GPIO_WritePin
                0x08004024       0x32 ./Drivers/STM32F4xx_HAL_Driver/Src/stm32f4xx_hal_gpio.o
                0x08004024                HAL_GPIO_WritePin
 *fill*         0x08004056        0x2 
 .text.HAL_RCC_OscConfig
                0x08004058      0x4f0 ./Drivers/STM32F4xx_HAL_Driver/Src/stm32f4xx_hal_rcc.o
                0x08004058                HAL_RCC_OscConfig
 .text.HAL_RCC_ClockConfig
                0x08004548      0x1cc ./Drivers/STM32F4xx_HAL_Driver/Src/stm32f4xx_hal_rcc.o
                0x08004548                HAL_RCC_ClockConfig
 .text.HAL_RCC_GetSysClockFreq
                0x08004714      0x20c ./Drivers/STM32F4xx_HAL_Driver/Src/stm32f4xx_hal_rcc.o
                0x08004714                HAL_RCC_GetSysClockFreq
 .text.HAL_RCC_GetHCLKFreq
                0x08004920       0x18 ./Drivers/STM32F4xx_HAL_Driver/Src/stm32f4xx_hal_rcc.o
                0x08004920                HAL_RCC_GetHCLKFreq
 .text.HAL_RCC_GetPCLK1Freq
                0x08004938       0x28 ./Drivers/STM32F4xx_HAL_Driver/Src/stm32f4xx_hal_rcc.o
                0x08004938                HAL_RCC_GetPCLK1Freq
 .text.HAL_RCC_GetPCLK2Freq
                0x08004960       0x28 ./Drivers/STM32F4xx_HAL_Driver/Src/stm32f4xx_hal_rcc.o
                0x08004960                HAL_RCC_GetPCLK2Freq
 .text.HAL_SPI_Init
                0x08004988      0x112 ./Drivers/STM32F4xx_HAL_Driver/Src/stm32f4xx_hal_spi.o
                0x08004988                HAL_SPI_Init
 .text.HAL_SPI_TransmitReceive
                0x08004a9a      0x352 ./Drivers/STM32F4xx_HAL_Driver/Src/stm32f4xx_hal_spi.o
                0x08004a9a                HAL_SPI_TransmitReceive
 .text.HAL_SPI_Abort
                0x08004dec      0x1d8 ./Drivers/STM32F4xx_HAL_Driver/Src/stm32f4xx_hal_spi.o
                0x08004dec                HAL_SPI_Abort
 .text.SPI_WaitFlagStateUntilTimeout
                0x08004fc4      0x110 ./Drivers/STM32F4xx_HAL_Driver/Src/stm32f4xx_hal_spi.o
 .text.SPI_EndRxTxTransaction
                0x080050d4       0xa8 ./Drivers/STM32F4xx_HAL_Driver/Src/stm32f4xx_hal_spi.o
 .text.SPI_AbortRx_ISR
                0x0800517c       0x90 ./Drivers/STM32F4xx_HAL_Driver/Src/stm32f4xx_hal_spi.o
 .text.SPI_AbortTx_ISR
                0x0800520c       0x3c ./Drivers/STM32F4xx_HAL_Driver/Src/stm32f4xx_hal_spi.o
 .text.HAL_UART_Init
                0x08005248       0xa0 ./Drivers/STM32F4xx_HAL_Driver/Src/stm32f4xx_hal_uart.o
                0x08005248                HAL_UART_Init
 .text.HAL_UART_Transmit
                0x080052e8      0x116 ./Drivers/STM32F4xx_HAL_Driver/Src/stm32f4xx_hal_uart.o
                0x080052e8                HAL_UART_Transmit
 .text.HAL_UART_Receive_IT
                0x080053fe       0x4a ./Drivers/STM32F4xx_HAL_Driver/Src/stm32f4xx_hal_uart.o
                0x080053fe                HAL_UART_Receive_IT
 .text.HAL_UART_IRQHandler
                0x08005448      0x554 ./Drivers/STM32F4xx_HAL_Driver/Src/stm32f4xx_hal_uart.o
                0x08005448                HAL_UART_IRQHandler
 .text.HAL_UART_TxCpltCallback
                0x0800599c       0x14 ./Drivers/STM32F4xx_HAL_Driver/Src/stm32f4xx_hal_uart.o
                0x0800599c                HAL_UART_TxCpltCallback
 .text.HAL_UART_ErrorCallback
                0x080059b0       0x14 ./Drivers/STM32F4xx_HAL_Driver/Src/stm32f4xx_hal_uart.o
                0x080059b0                HAL_UART_ErrorCallback
 .text.HAL_UARTEx_RxEventCallback
                0x080059c4       0x18 ./Drivers/STM32F4xx_HAL_Driver/Src/stm32f4xx_hal_uart.o
                0x080059c4                HAL_UARTEx_RxEventCallback
 .text.UART_WaitOnFlagUntilTimeout
                0x080059dc       0xb2 ./Drivers/STM32F4xx_HAL_Driver/Src/stm32f4xx_hal_uart.o
 .text.UART_Start_Receive_IT
                0x08005a8e       0x74 ./Drivers/STM32F4xx_HAL_Driver/Src/stm32f4xx_hal_uart.o
                0x08005a8e                UART_Start_Receive_IT
 .text.UART_EndRxTransfer
                0x08005b02       0xc6 ./Drivers/STM32F4xx_HAL_Driver/Src/stm32f4xx_hal_uart.o
 .text.UART_DMAAbortOnError
                0x08005bc8       0x22 ./Drivers/STM32F4xx_HAL_Driver/Src/stm32f4xx_hal_uart.o
 .text.UART_Transmit_IT
                0x08005bea       0xa0 ./Drivers/STM32F4xx_HAL_Driver/Src/stm32f4xx_hal_uart.o
 .text.UART_EndTransmit_IT
                0x08005c8a       0x30 ./Drivers/STM32F4xx_HAL_Driver/Src/stm32f4xx_hal_uart.o
 .text.UART_Receive_IT
                0x08005cba      0x17c ./Drivers/STM32F4xx_HAL_Driver/Src/stm32f4xx_hal_uart.o
 *fill*         0x08005e36        0x2 
 .text.UART_SetConfig
                0x08005e38      0x4e8 ./Drivers/STM32F4xx_HAL_Driver/Src/stm32f4xx_hal_uart.o
 .text.atoi     0x08006320        0x8 C:/ST/STM32CubeIDE_2.1.1/STM32CubeIDE/plugins/com.st.stm32cube.ide.mcu.externaltools.gnu-tools-for-stm32.14.3.rel1.win32_1.0.100.202602081740/tools/bin/../lib/gcc/arm-none-eabi/14.3.1/../../../../arm-none-eabi/lib/thumb/v7e-m+fp/hard\libc_nano.a(libc_a-atoi.o)
                0x08006320                atoi
 .text._strtol_l.isra.0
                0x08006328       0xf4 C:/ST/STM32CubeIDE_2.1.1/STM32CubeIDE/plugins/com.st.stm32cube.ide.mcu.externaltools.gnu-tools-for-stm32.14.3.rel1.win32_1.0.100.202602081740/tools/bin/../lib/gcc/arm-none-eabi/14.3.1/../../../../arm-none-eabi/lib/thumb/v7e-m+fp/hard\libc_nano.a(libc_a-strtol.o)
 .text.strtol   0x0800641c       0x14 C:/ST/STM32CubeIDE_2.1.1/STM32CubeIDE/plugins/com.st.stm32cube.ide.mcu.externaltools.gnu-tools-for-stm32.14.3.rel1.win32_1.0.100.202602081740/tools/bin/../lib/gcc/arm-none-eabi/14.3.1/../../../../arm-none-eabi/lib/thumb/v7e-m+fp/hard\libc_nano.a(libc_a-strtol.o)
                0x0800641c                strtol
 .text.snprintf
                0x08006430       0x6c C:/ST/STM32CubeIDE_2.1.1/STM32CubeIDE/plugins/com.st.stm32cube.ide.mcu.externaltools.gnu-tools-for-stm32.14.3.rel1.win32_1.0.100.202602081740/tools/bin/../lib/gcc/arm-none-eabi/14.3.1/../../../../arm-none-eabi/lib/thumb/v7e-m+fp/hard\libc_nano.a(libc_a-snprintf.o)
                0x08006430                sniprintf
                0x08006430                snprintf
 .text.memset   0x0800649c       0x10 C:/ST/STM32CubeIDE_2.1.1/STM32CubeIDE/plugins/com.st.stm32cube.ide.mcu.externaltools.gnu-tools-for-stm32.14.3.rel1.win32_1.0.100.202602081740/tools/bin/../lib/gcc/arm-none-eabi/14.3.1/../../../../arm-none-eabi/lib/thumb/v7e-m+fp/hard\libc_nano.a(libc_a-memset.o)
                0x0800649c                memset
 .text.strncmp  0x080064ac       0x24 C:/ST/STM32CubeIDE_2.1.1/STM32CubeIDE/plugins/com.st.stm32cube.ide.mcu.externaltools.gnu-tools-for-stm32.14.3.rel1.win32_1.0.100.202602081740/tools/bin/../lib/gcc/arm-none-eabi/14.3.1/../../../../arm-none-eabi/lib/thumb/v7e-m+fp/hard\libc_nano.a(libc_a-strncmp.o)
                0x080064ac                strncmp
 .text.strstr   0x080064d0       0x2c C:/ST/STM32CubeIDE_2.1.1/STM32CubeIDE/plugins/com.st.stm32cube.ide.mcu.externaltools.gnu-tools-for-stm32.14.3.rel1.win32_1.0.100.202602081740/tools/bin/../lib/gcc/arm-none-eabi/14.3.1/../../../../arm-none-eabi/lib/thumb/v7e-m+fp/hard\libc_nano.a(libc_a-strstr.o)
                0x080064d0                strstr
 .text.__errno  0x080064fc        0xc C:/ST/STM32CubeIDE_2.1.1/STM32CubeIDE/plugins/com.st.stm32cube.ide.mcu.externaltools.gnu-tools-for-stm32.14.3.rel1.win32_1.0.100.202602081740/tools/bin/../lib/gcc/arm-none-eabi/14.3.1/../../../../arm-none-eabi/lib/thumb/v7e-m+fp/hard\libc_nano.a(libc_a-errno.o)
                0x080064fc                __errno
 .text.__libc_init_array
                0x08006508       0x48 C:/ST/STM32CubeIDE_2.1.1/STM32CubeIDE/plugins/com.st.stm32cube.ide.mcu.externaltools.gnu-tools-for-stm32.14.3.rel1.win32_1.0.100.202602081740/tools/bin/../lib/gcc/arm-none-eabi/14.3.1/../../../../arm-none-eabi/lib/thumb/v7e-m+fp/hard\libc_nano.a(libc_a-init.o)
                0x08006508                __libc_init_array
 .text.__retarget_lock_acquire_recursive
                0x08006550        0x2 C:/ST/STM32CubeIDE_2.1.1/STM32CubeIDE/plugins/com.st.stm32cube.ide.mcu.externaltools.gnu-tools-for-stm32.14.3.rel1.win32_1.0.100.202602081740/tools/bin/../lib/gcc/arm-none-eabi/14.3.1/../../../../arm-none-eabi/lib/thumb/v7e-m+fp/hard\libc_nano.a(libc_a-lock.o)
                0x08006550                __retarget_lock_acquire_recursive
 .text.__retarget_lock_release_recursive
                0x08006552        0x2 C:/ST/STM32CubeIDE_2.1.1/STM32CubeIDE/plugins/com.st.stm32cube.ide.mcu.externaltools.gnu-tools-for-stm32.14.3.rel1.win32_1.0.100.202602081740/tools/bin/../lib/gcc/arm-none-eabi/14.3.1/../../../../arm-none-eabi/lib/thumb/v7e-m+fp/hard\libc_nano.a(libc_a-lock.o)
                0x08006552                __retarget_lock_release_recursive
 .text._free_r  0x08006554       0x94 C:/ST/STM32CubeIDE_2.1.1/STM32CubeIDE/plugins/com.st.stm32cube.ide.mcu.externaltools.gnu-tools-for-stm32.14.3.rel1.win32_1.0.100.202602081740/tools/bin/../lib/gcc/arm-none-eabi/14.3.1/../../../../arm-none-eabi/lib/thumb/v7e-m+fp/hard\libc_nano.a(libc_a-freer.o)
                0x08006554                _free_r
 .text.sbrk_aligned
                0x080065e8       0x44 C:/ST/STM32CubeIDE_2.1.1/STM32CubeIDE/plugins/com.st.stm32cube.ide.mcu.externaltools.gnu-tools-for-stm32.14.3.rel1.win32_1.0.100.202602081740/tools/bin/../lib/gcc/arm-none-eabi/14.3.1/../../../../arm-none-eabi/lib/thumb/v7e-m+fp/hard\libc_nano.a(libc_a-mallocr.o)
 .text._malloc_r
                0x0800662c      0x100 C:/ST/STM32CubeIDE_2.1.1/STM32CubeIDE/plugins/com.st.stm32cube.ide.mcu.externaltools.gnu-tools-for-stm32.14.3.rel1.win32_1.0.100.202602081740/tools/bin/../lib/gcc/arm-none-eabi/14.3.1/../../../../arm-none-eabi/lib/thumb/v7e-m+fp/hard\libc_nano.a(libc_a-mallocr.o)
                0x0800662c                _malloc_r
 .text.__malloc_lock
                0x0800672c        0xc C:/ST/STM32CubeIDE_2.1.1/STM32CubeIDE/plugins/com.st.stm32cube.ide.mcu.externaltools.gnu-tools-for-stm32.14.3.rel1.win32_1.0.100.202602081740/tools/bin/../lib/gcc/arm-none-eabi/14.3.1/../../../../arm-none-eabi/lib/thumb/v7e-m+fp/hard\libc_nano.a(libc_a-mlock.o)
                0x0800672c                __malloc_lock
 .text.__malloc_unlock
                0x08006738        0xc C:/ST/STM32CubeIDE_2.1.1/STM32CubeIDE/plugins/com.st.stm32cube.ide.mcu.externaltools.gnu-tools-for-stm32.14.3.rel1.win32_1.0.100.202602081740/tools/bin/../lib/gcc/arm-none-eabi/14.3.1/../../../../arm-none-eabi/lib/thumb/v7e-m+fp/hard\libc_nano.a(libc_a-mlock.o)
                0x08006738                __malloc_unlock
 .text.__ssputs_r
                0x08006744       0xc0 C:/ST/STM32CubeIDE_2.1.1/STM32CubeIDE/plugins/com.st.stm32cube.ide.mcu.externaltools.gnu-tools-for-stm32.14.3.rel1.win32_1.0.100.202602081740/tools/bin/../lib/gcc/arm-none-eabi/14.3.1/../../../../arm-none-eabi/lib/thumb/v7e-m+fp/hard\libc_nano.a(libc_a-nano-svfprintf.o)
                0x08006744                __ssputs_r
 .text._svfprintf_r
                0x08006804      0x1f0 C:/ST/STM32CubeIDE_2.1.1/STM32CubeIDE/plugins/com.st.stm32cube.ide.mcu.externaltools.gnu-tools-for-stm32.14.3.rel1.win32_1.0.100.202602081740/tools/bin/../lib/gcc/arm-none-eabi/14.3.1/../../../../arm-none-eabi/lib/thumb/v7e-m+fp/hard\libc_nano.a(libc_a-nano-svfprintf.o)
                0x08006804                _svfiprintf_r
                0x08006804                _svfprintf_r
 .text._printf_common
                0x080069f4       0xda C:/ST/STM32CubeIDE_2.1.1/STM32CubeIDE/plugins/com.st.stm32cube.ide.mcu.externaltools.gnu-tools-for-stm32.14.3.rel1.win32_1.0.100.202602081740/tools/bin/../lib/gcc/arm-none-eabi/14.3.1/../../../../arm-none-eabi/lib/thumb/v7e-m+fp/hard\libc_nano.a(libc_a-nano-vfprintf_i.o)
                0x080069f4                _printf_common
 *fill*         0x08006ace        0x2 
 .text._printf_i
                0x08006ad0      0x24c C:/ST/STM32CubeIDE_2.1.1/STM32CubeIDE/plugins/com.st.stm32cube.ide.mcu.externaltools.gnu-tools-for-stm32.14.3.rel1.win32_1.0.100.202602081740/tools/bin/../lib/gcc/arm-none-eabi/14.3.1/../../../../arm-none-eabi/lib/thumb/v7e-m+fp/hard\libc_nano.a(libc_a-nano-vfprintf_i.o)
                0x08006ad0                _printf_i
 .text.memmove  0x08006d1c       0x32 C:/ST/STM32CubeIDE_2.1.1/STM32CubeIDE/plugins/com.st.stm32cube.ide.mcu.externaltools.gnu-tools-for-stm32.14.3.rel1.win32_1.0.100.202602081740/tools/bin/../lib/gcc/arm-none-eabi/14.3.1/../../../../arm-none-eabi/lib/thumb/v7e-m+fp/hard\libc_nano.a(libc_a-memmove.o)
                0x08006d1c                memmove
 *fill*         0x08006d4e        0x2 
 .text._sbrk_r  0x08006d50       0x20 C:/ST/STM32CubeIDE_2.1.1/STM32CubeIDE/plugins/com.st.stm32cube.ide.mcu.externaltools.gnu-tools-for-stm32.14.3.rel1.win32_1.0.100.202602081740/tools/bin/../lib/gcc/arm-none-eabi/14.3.1/../../../../arm-none-eabi/lib/thumb/v7e-m+fp/hard\libc_nano.a(libc_a-sbrkr.o)
                0x08006d50                _sbrk_r
 .text.memcpy   0x08006d70       0x1c C:/ST/STM32CubeIDE_2.1.1/STM32CubeIDE/plugins/com.st.stm32cube.ide.mcu.externaltools.gnu-tools-for-stm32.14.3.rel1.win32_1.0.100.202602081740/tools/bin/../lib/gcc/arm-none-eabi/14.3.1/../../../../arm-none-eabi/lib/thumb/v7e-m+fp/hard\libc_nano.a(libc_a-memcpy-stub.o)
                0x08006d70                memcpy
 .text._realloc_r
                0x08006d8c       0x5c C:/ST/STM32CubeIDE_2.1.1/STM32CubeIDE/plugins/com.st.stm32cube.ide.mcu.externaltools.gnu-tools-for-stm32.14.3.rel1.win32_1.0.100.202602081740/tools/bin/../lib/gcc/arm-none-eabi/14.3.1/../../../../arm-none-eabi/lib/thumb/v7e-m+fp/hard\libc_nano.a(libc_a-reallocr.o)
                0x08006d8c                _realloc_r
 .text._malloc_usable_size_r
                0x08006de8       0x10 C:/ST/STM32CubeIDE_2.1.1/STM32CubeIDE/plugins/com.st.stm32cube.ide.mcu.externaltools.gnu-tools-for-stm32.14.3.rel1.win32_1.0.100.202602081740/tools/bin/../lib/gcc/arm-none-eabi/14.3.1/../../../../arm-none-eabi/lib/thumb/v7e-m+fp/hard\libc_nano.a(libc_a-msizer.o)
                0x08006de8                _malloc_usable_size_r
 *(.glue_7)
 .glue_7        0x08006df8        0x0 linker stubs
 *(.glue_7t)
 .glue_7t       0x08006df8        0x0 linker stubs
 *(.eh_frame)
 .eh_frame      0x08006df8        0x0 C:/ST/STM32CubeIDE_2.1.1/STM32CubeIDE/plugins/com.st.stm32cube.ide.mcu.externaltools.gnu-tools-for-stm32.14.3.rel1.win32_1.0.100.202602081740/tools/bin/../lib/gcc/arm-none-eabi/14.3.1/thumb/v7e-m+fp/hard/crtbegin.o
 *(.init)
 .init          0x08006df8        0x4 C:/ST/STM32CubeIDE_2.1.1/STM32CubeIDE/plugins/com.st.stm32cube.ide.mcu.externaltools.gnu-tools-for-stm32.14.3.rel1.win32_1.0.100.202602081740/tools/bin/../lib/gcc/arm-none-eabi/14.3.1/thumb/v7e-m+fp/hard/crti.o
                0x08006df8                _init
 .init          0x08006dfc        0x8 C:/ST/STM32CubeIDE_2.1.1/STM32CubeIDE/plugins/com.st.stm32cube.ide.mcu.externaltools.gnu-tools-for-stm32.14.3.rel1.win32_1.0.100.202602081740/tools/bin/../lib/gcc/arm-none-eabi/14.3.1/thumb/v7e-m+fp/hard/crtn.o
 *(.fini)
 .fini          0x08006e04        0x4 C:/ST/STM32CubeIDE_2.1.1/STM32CubeIDE/plugins/com.st.stm32cube.ide.mcu.externaltools.gnu-tools-for-stm32.14.3.rel1.win32_1.0.100.202602081740/tools/bin/../lib/gcc/arm-none-eabi/14.3.1/thumb/v7e-m+fp/hard/crti.o
                0x08006e04                _fini
 .fini          0x08006e08        0x8 C:/ST/STM32CubeIDE_2.1.1/STM32CubeIDE/plugins/com.st.stm32cube.ide.mcu.externaltools.gnu-tools-for-stm32.14.3.rel1.win32_1.0.100.202602081740/tools/bin/../lib/gcc/arm-none-eabi/14.3.1/thumb/v7e-m+fp/hard/crtn.o
                0x08006e10                        . = ALIGN (0x4)
                0x08006e10                        _etext = .

.vfp11_veneer   0x08006e10        0x0
 .vfp11_veneer  0x08006e10        0x0 linker stubs

.v4_bx          0x08006e10        0x0
 .v4_bx         0x08006e10        0x0 linker stubs

.iplt           0x08006e10        0x0
 .iplt          0x08006e10        0x0 C:/ST/STM32CubeIDE_2.1.1/STM32CubeIDE/plugins/com.st.stm32cube.ide.mcu.externaltools.gnu-tools-for-stm32.14.3.rel1.win32_1.0.100.202602081740/tools/bin/../lib/gcc/arm-none-eabi/14.3.1/thumb/v7e-m+fp/hard/crtbegin.o

.rodata         0x08006e10      0x1e0
                0x08006e10                        . = ALIGN (0x4)
 *(.rodata)
 .rodata        0x08006e10       0x3f ./Core/Src/sensor_uart.o
 *fill*         0x08006e4f        0x1 
 .rodata        0x08006e50        0xc ./Core/Src/wheel_speed_uart.o
 *(.rodata*)
 .rodata.adc_linear_hal_channels
                0x08006e5c       0x10 ./Core/Src/adc.o
 .rodata.ready_msg.0
                0x08006e6c        0xb ./Core/Src/sensor_uart.o
 *fill*         0x08006e77        0x1 
 .rodata.AHBPrescTable
                0x08006e78       0x10 ./Core/Src/system_stm32f4xx.o
                0x08006e78                AHBPrescTable
 .rodata.APBPrescTable
                0x08006e88        0x8 ./Core/Src/system_stm32f4xx.o
                0x08006e88                APBPrescTable
 .rodata.uart4_boot_msg.0
                0x08006e90        0xe ./Core/Src/usart.o
 *fill*         0x08006e9e        0x2 
 .rodata.ok_msg.1
                0x08006ea0        0xc ./Core/Src/user_button.o
 .rodata.fail_msg.0
                0x08006eac        0xe ./Core/Src/user_button.o
 .rodata._ctype_
                0x08006eba      0x101 C:/ST/STM32CubeIDE_2.1.1/STM32CubeIDE/plugins/com.st.stm32cube.ide.mcu.externaltools.gnu-tools-for-stm32.14.3.rel1.win32_1.0.100.202602081740/tools/bin/../lib/gcc/arm-none-eabi/14.3.1/../../../../arm-none-eabi/lib/thumb/v7e-m+fp/hard\libc_nano.a(libc_a-ctype_.o)
                0x08006eba                _ctype_
 .rodata._svfprintf_r.str1.1
                0x08006fbb       0x33 C:/ST/STM32CubeIDE_2.1.1/STM32CubeIDE/plugins/com.st.stm32cube.ide.mcu.externaltools.gnu-tools-for-stm32.14.3.rel1.win32_1.0.100.202602081740/tools/bin/../lib/gcc/arm-none-eabi/14.3.1/../../../../arm-none-eabi/lib/thumb/v7e-m+fp/hard\libc_nano.a(libc_a-nano-svfprintf.o)
                                 0x11 (size before relaxing)
 .rodata._printf_i.str1.1
                0x08006fee       0x22 C:/ST/STM32CubeIDE_2.1.1/STM32CubeIDE/plugins/com.st.stm32cube.ide.mcu.externaltools.gnu-tools-for-stm32.14.3.rel1.win32_1.0.100.202602081740/tools/bin/../lib/gcc/arm-none-eabi/14.3.1/../../../../arm-none-eabi/lib/thumb/v7e-m+fp/hard\libc_nano.a(libc_a-nano-vfprintf_i.o)
                0x08007010                        . = ALIGN (0x4)
 *fill*         0x08006fee        0x2 

.ARM.extab      0x08006ff0        0x0
                0x08006ff0                        . = ALIGN (0x4)
 *(.ARM.extab* .gnu.linkonce.armextab.*)
                0x08006ff0                        . = ALIGN (0x4)

.ARM            0x08006ff0        0x8
                0x08006ff0                        . = ALIGN (0x4)
                0x08006ff0                        __exidx_start = .
 *(.ARM.exidx*)
 .ARM.exidx     0x08006ff0        0x8 C:/ST/STM32CubeIDE_2.1.1/STM32CubeIDE/plugins/com.st.stm32cube.ide.mcu.externaltools.gnu-tools-for-stm32.14.3.rel1.win32_1.0.100.202602081740/tools/bin/../lib/gcc/arm-none-eabi/14.3.1/../../../../arm-none-eabi/lib/thumb/v7e-m+fp/hard\libc_nano.a(libc_a-strlen.o)
 .ARM.exidx     0x08006ff8        0x0 C:/ST/STM32CubeIDE_2.1.1/STM32CubeIDE/plugins/com.st.stm32cube.ide.mcu.externaltools.gnu-tools-for-stm32.14.3.rel1.win32_1.0.100.202602081740/tools/bin/../lib/gcc/arm-none-eabi/14.3.1/../../../../arm-none-eabi/lib/thumb/v7e-m+fp/hard\libc_nano.a(libc_a-memchr.o)
                                  0x8 (size before relaxing)
 .ARM.exidx     0x08006ff8        0x0 C:/ST/STM32CubeIDE_2.1.1/STM32CubeIDE/plugins/com.st.stm32cube.ide.mcu.externaltools.gnu-tools-for-stm32.14.3.rel1.win32_1.0.100.202602081740/tools/bin/../lib/gcc/arm-none-eabi/14.3.1/thumb/v7e-m+fp/hard\libgcc.a(_udivmoddi4.o)
                                  0x8 (size before relaxing)
                0x08006ff8                        __exidx_end = .
                0x08006ff8                        . = ALIGN (0x4)

.preinit_array  0x08006ff8        0x0
                0x08006ff8                        . = ALIGN (0x4)
                0x08006ff8                        PROVIDE (__preinit_array_start = .)
 *(.preinit_array*)
                0x08006ff8                        PROVIDE (__preinit_array_end = .)
                0x08006ff8                        . = ALIGN (0x4)

.init_array     0x08006ff8        0x4
                0x08006ff8                        . = ALIGN (0x4)
                0x08006ff8                        PROVIDE (__init_array_start = .)
 *(SORT_BY_NAME(.init_array.*))
 *(.init_array*)
 .init_array    0x08006ff8        0x4 C:/ST/STM32CubeIDE_2.1.1/STM32CubeIDE/plugins/com.st.stm32cube.ide.mcu.externaltools.gnu-tools-for-stm32.14.3.rel1.win32_1.0.100.202602081740/tools/bin/../lib/gcc/arm-none-eabi/14.3.1/thumb/v7e-m+fp/hard/crtbegin.o
                0x08006ffc                        PROVIDE (__init_array_end = .)
                0x08006ffc                        . = ALIGN (0x4)

.fini_array     0x08006ffc        0x4
                0x08006ffc                        . = ALIGN (0x4)
                [!provide]                        PROVIDE (__fini_array_start = .)
 *(SORT_BY_NAME(.fini_array.*))
 *(.fini_array*)
 .fini_array    0x08006ffc        0x4 C:/ST/STM32CubeIDE_2.1.1/STM32CubeIDE/plugins/com.st.stm32cube.ide.mcu.externaltools.gnu-tools-for-stm32.14.3.rel1.win32_1.0.100.202602081740/tools/bin/../lib/gcc/arm-none-eabi/14.3.1/thumb/v7e-m+fp/hard/crtbegin.o
                [!provide]                        PROVIDE (__fini_array_end = .)
                0x08007000                        . = ALIGN (0x4)
                0x08007000                        _sidata = LOADADDR (.data)

.rel.dyn        0x08007000        0x0
 .rel.iplt      0x08007000        0x0 C:/ST/STM32CubeIDE_2.1.1/STM32CubeIDE/plugins/com.st.stm32cube.ide.mcu.externaltools.gnu-tools-for-stm32.14.3.rel1.win32_1.0.100.202602081740/tools/bin/../lib/gcc/arm-none-eabi/14.3.1/thumb/v7e-m+fp/hard/crtbegin.o

.data           0x20000000       0x64 load address 0x08007000
                0x20000000                        . = ALIGN (0x4)
                0x20000000                        _sdata = .
 *(.data)
 *(.data*)
 .data.adc_vdda_mv
                0x20000000        0x2 ./Core/Src/adc.o
                0x20000000                adc_vdda_mv
 *fill*         0x20000002        0x2 
 .data.SystemCoreClock
                0x20000004        0x4 ./Core/Src/system_stm32f4xx.o
                0x20000004                SystemCoreClock
 .data.stable_released
                0x20000008        0x1 ./Core/Src/user_button.o
 *fill*         0x20000009        0x3 
 .data.uwTickPrio
                0x2000000c        0x4 ./Drivers/STM32F4xx_HAL_Driver/Src/stm32f4xx_hal.o
                0x2000000c                uwTickPrio
 .data.uwTickFreq
                0x20000010        0x1 ./Drivers/STM32F4xx_HAL_Driver/Src/stm32f4xx_hal.o
                0x20000010                uwTickFreq
 *fill*         0x20000011        0x3 
 .data._impure_ptr
                0x20000014        0x4 C:/ST/STM32CubeIDE_2.1.1/STM32CubeIDE/plugins/com.st.stm32cube.ide.mcu.externaltools.gnu-tools-for-stm32.14.3.rel1.win32_1.0.100.202602081740/tools/bin/../lib/gcc/arm-none-eabi/14.3.1/../../../../arm-none-eabi/lib/thumb/v7e-m+fp/hard\libc_nano.a(libc_a-impure.o)
                0x20000014                _impure_ptr
 .data._impure_data
                0x20000018       0x4c C:/ST/STM32CubeIDE_2.1.1/STM32CubeIDE/plugins/com.st.stm32cube.ide.mcu.externaltools.gnu-tools-for-stm32.14.3.rel1.win32_1.0.100.202602081740/tools/bin/../lib/gcc/arm-none-eabi/14.3.1/../../../../arm-none-eabi/lib/thumb/v7e-m+fp/hard\libc_nano.a(libc_a-impure.o)
                0x20000018                _impure_data
 *(.RamFunc)
 *(.RamFunc*)
                0x20000064                        . = ALIGN (0x4)
                0x20000064                        _edata = .
                0x08007064                        _siccmram = LOADADDR (.ccmram)

.igot.plt       0x20000064        0x0 load address 0x08007064
 .igot.plt      0x20000064        0x0 C:/ST/STM32CubeIDE_2.1.1/STM32CubeIDE/plugins/com.st.stm32cube.ide.mcu.externaltools.gnu-tools-for-stm32.14.3.rel1.win32_1.0.100.202602081740/tools/bin/../lib/gcc/arm-none-eabi/14.3.1/thumb/v7e-m+fp/hard/crtbegin.o

.ccmram         0x10000000        0x0 load address 0x08007064
                0x10000000                        . = ALIGN (0x4)
                0x10000000                        _sccmram = .
 *(.ccmram)
 *(.ccmram*)
                0x10000000                        . = ALIGN (0x4)
                0x10000000                        _eccmram = .
                0x10000000                        . = ALIGN (0x4)

.bss            0x20000064      0x614
                0x20000064                        _sbss = .
                0x20000064                        __bss_start__ = _sbss
 *(.bss)
 .bss           0x20000064       0x1c C:/ST/STM32CubeIDE_2.1.1/STM32CubeIDE/plugins/com.st.stm32cube.ide.mcu.externaltools.gnu-tools-for-stm32.14.3.rel1.win32_1.0.100.202602081740/tools/bin/../lib/gcc/arm-none-eabi/14.3.1/thumb/v7e-m+fp/hard/crtbegin.o
 *(.bss*)
 .bss.adc_linear_readings
                0x20000080       0x20 ./Core/Src/adc.o
                0x20000080                adc_linear_readings
 .bss.adc_ecu_temp_c
                0x200000a0        0x4 ./Core/Src/adc.o
                0x200000a0                adc_ecu_temp_c
 .bss.adc_mcu_temp_raw
                0x200000a4        0x2 ./Core/Src/adc.o
                0x200000a4                adc_mcu_temp_raw
 *fill*         0x200000a6        0x2 
 .bss.adc_read_fail_count
                0x200000a8        0x4 ./Core/Src/adc.o
                0x200000a8                adc_read_fail_count
 .bss.adc_debug_raw
                0x200000ac        0x8 ./Core/Src/adc.o
                0x200000ac                adc_debug_raw
 .bss.hadc1     0x200000b4       0x48 ./Core/Src/adc.o
                0x200000b4                hadc1
 .bss.hcan1     0x200000fc       0x28 ./Core/Src/can.o
                0x200000fc                hcan1
 .bss.hcan2     0x20000124       0x28 ./Core/Src/can.o
                0x20000124                hcan2
 .bss.HAL_RCC_CAN1_CLK_ENABLED
                0x2000014c        0x4 ./Core/Src/can.o
 .bss.lws_state
                0x20000150       0x18 ./Core/Src/can_lws.o
 .bss.g_lws_state
                0x20000168       0x18 ./Core/Src/can_lws.o
                0x20000168                g_lws_state
 .bss.lws_cal_tx_count
                0x20000180        0x4 ./Core/Src/can_lws.o
                0x20000180                lws_cal_tx_count
 .bss.lws_last_cal_ccw
                0x20000184        0x1 ./Core/Src/can_lws.o
                0x20000184                lws_last_cal_ccw
 *fill*         0x20000185        0x3 
 .bss.lis3dsh_reading
                0x20000188       0x14 ./Core/Src/lis3dsh.o
                0x20000188                lis3dsh_reading
 .bss.lis3dsh_who_am_i
                0x2000019c        0x1 ./Core/Src/lis3dsh.o
                0x2000019c                lis3dsh_who_am_i
 .bss.lis3dsh_ready
                0x2000019d        0x1 ./Core/Src/lis3dsh.o
                0x2000019d                lis3dsh_ready
 *fill*         0x2000019e        0x2 
 .bss.lis3dsh_debug_bytes
                0x200001a0        0x6 ./Core/Src/lis3dsh.o
                0x200001a0                lis3dsh_debug_bytes
 *fill*         0x200001a6        0x2 
 .bss.lis3dsh_read_count
                0x200001a8        0x4 ./Core/Src/lis3dsh.o
                0x200001a8                lis3dsh_read_count
 .bss.lis3dsh_spi_fail_count
                0x200001ac        0x4 ./Core/Src/lis3dsh.o
                0x200001ac                lis3dsh_spi_fail_count
 .bss.lis3dsh_raw_checksum
                0x200001b0        0x4 ./Core/Src/lis3dsh.o
                0x200001b0                lis3dsh_raw_checksum
 .bss.lis3dsh_new_sample_count
                0x200001b4        0x4 ./Core/Src/lis3dsh.o
                0x200001b4                lis3dsh_new_sample_count
 .bss.lis3dsh_status_live
                0x200001b8        0x1 ./Core/Src/lis3dsh.o
                0x200001b8                lis3dsh_status_live
 *fill*         0x200001b9        0x1 
 .bss.lis3dsh_x_raw_live
                0x200001ba        0x2 ./Core/Src/lis3dsh.o
                0x200001ba                lis3dsh_x_raw_live
 .bss.lis3dsh_y_raw_live
                0x200001bc        0x2 ./Core/Src/lis3dsh.o
                0x200001bc                lis3dsh_y_raw_live
 .bss.lis3dsh_z_raw_live
                0x200001be        0x2 ./Core/Src/lis3dsh.o
                0x200001be                lis3dsh_z_raw_live
 .bss.lis3dsh_spi_tx
                0x200001c0        0x1 ./Core/Src/lis3dsh.o
 .bss.lis3dsh_spi_rx
                0x200001c1        0x1 ./Core/Src/lis3dsh.o
 .bss.lis3dsh_last_z_raw
                0x200001c2        0x2 ./Core/Src/lis3dsh.o
 .bss.main_loop_count
                0x200001c4        0x4 ./Core/Src/main.o
                0x200001c4                main_loop_count
 .bss.data      0x200001c8      0x208 ./Core/Src/sensor_uart.o
                0x200001c8                data
 .bss.data_count
                0x200003d0        0x1 ./Core/Src/sensor_uart.o
                0x200003d0                data_count
 *fill*         0x200003d1        0x3 
 .bss.sensor_uart_tx_lines
                0x200003d4        0x4 ./Core/Src/sensor_uart.o
                0x200003d4                sensor_uart_tx_lines
 .bss.sensor_uart_overflow
                0x200003d8        0x4 ./Core/Src/sensor_uart.o
                0x200003d8                sensor_uart_overflow
 .bss.last_sample_ms
                0x200003dc        0x4 ./Core/Src/sensor_uart.o
 .bss.last_flush_ms
                0x200003e0        0x4 ./Core/Src/sensor_uart.o
 .bss.last_heartbeat_ms
                0x200003e4        0x4 ./Core/Src/sensor_uart.o
 .bss.cached_ecu_temp_c
                0x200003e8        0x4 ./Core/Src/sensor_uart.o
 .bss.last_ecu_temp_ms
                0x200003ec        0x4 ./Core/Src/sensor_uart.o
 .bss.hspi1     0x200003f0       0x58 ./Core/Src/spi.o
                0x200003f0                hspi1
 .bss.__sbrk_heap_end
                0x20000448        0x4 ./Core/Src/sysmem.o
 .bss.huart4    0x2000044c       0x48 ./Core/Src/usart.o
                0x2000044c                huart4
 .bss.huart2    0x20000494       0x48 ./Core/Src/usart.o
                0x20000494                huart2
 .bss.user_button_press_count
                0x200004dc        0x4 ./Core/Src/user_button.o
                0x200004dc                user_button_press_count
 .bss.user_button_cal_request_count
                0x200004e0        0x4 ./Core/Src/user_button.o
                0x200004e0                user_button_cal_request_count
 .bss.cal_state
                0x200004e4        0x1 ./Core/Src/user_button.o
 *fill*         0x200004e5        0x3 
 .bss.cal_step_ms
                0x200004e8        0x4 ./Core/Src/user_button.o
 .bss.last_sample_pressed
                0x200004ec        0x1 ./Core/Src/user_button.o
 *fill*         0x200004ed        0x3 
 .bss.last_change_ms
                0x200004f0        0x4 ./Core/Src/user_button.o
 .bss.rx_byte   0x200004f4        0x1 ./Core/Src/wheel_speed_uart.o
 *fill*         0x200004f5        0x3 
 .bss.line_buf  0x200004f8       0x20 ./Core/Src/wheel_speed_uart.o
 .bss.line_len  0x20000518        0x1 ./Core/Src/wheel_speed_uart.o
 *fill*         0x20000519        0x3 
 .bss.wheel_rpm_right
                0x2000051c        0x4 ./Core/Src/wheel_speed_uart.o
 .bss.wheel_rpm_left
                0x20000520        0x4 ./Core/Src/wheel_speed_uart.o
 .bss.wheel_pulse_rx_lines
                0x20000524        0x4 ./Core/Src/wheel_speed_uart.o
 .bss.wheel_pulse_rx_errors
                0x20000528        0x4 ./Core/Src/wheel_speed_uart.o
 .bss.uwTick    0x2000052c        0x4 ./Drivers/STM32F4xx_HAL_Driver/Src/stm32f4xx_hal.o
                0x2000052c                uwTick
 .bss.__sf      0x20000530      0x138 C:/ST/STM32CubeIDE_2.1.1/STM32CubeIDE/plugins/com.st.stm32cube.ide.mcu.externaltools.gnu-tools-for-stm32.14.3.rel1.win32_1.0.100.202602081740/tools/bin/../lib/gcc/arm-none-eabi/14.3.1/../../../../arm-none-eabi/lib/thumb/v7e-m+fp/hard\libc_nano.a(libc_a-findfp.o)
                0x20000530                __sf
 .bss.errno     0x20000668        0x4 C:/ST/STM32CubeIDE_2.1.1/STM32CubeIDE/plugins/com.st.stm32cube.ide.mcu.externaltools.gnu-tools-for-stm32.14.3.rel1.win32_1.0.100.202602081740/tools/bin/../lib/gcc/arm-none-eabi/14.3.1/../../../../arm-none-eabi/lib/thumb/v7e-m+fp/hard\libc_nano.a(libc_a-reent.o)
                0x20000668                errno
 .bss.__lock___malloc_recursive_mutex
                0x2000066c        0x1 C:/ST/STM32CubeIDE_2.1.1/STM32CubeIDE/plugins/com.st.stm32cube.ide.mcu.externaltools.gnu-tools-for-stm32.14.3.rel1.win32_1.0.100.202602081740/tools/bin/../lib/gcc/arm-none-eabi/14.3.1/../../../../arm-none-eabi/lib/thumb/v7e-m+fp/hard\libc_nano.a(libc_a-lock.o)
                0x2000066c                __lock___malloc_recursive_mutex
 *fill*         0x2000066d        0x3 
 .bss.__malloc_sbrk_start
                0x20000670        0x4 C:/ST/STM32CubeIDE_2.1.1/STM32CubeIDE/plugins/com.st.stm32cube.ide.mcu.externaltools.gnu-tools-for-stm32.14.3.rel1.win32_1.0.100.202602081740/tools/bin/../lib/gcc/arm-none-eabi/14.3.1/../../../../arm-none-eabi/lib/thumb/v7e-m+fp/hard\libc_nano.a(libc_a-mallocr.o)
                0x20000670                __malloc_sbrk_start
 .bss.__malloc_free_list
                0x20000674        0x4 C:/ST/STM32CubeIDE_2.1.1/STM32CubeIDE/plugins/com.st.stm32cube.ide.mcu.externaltools.gnu-tools-for-stm32.14.3.rel1.win32_1.0.100.202602081740/tools/bin/../lib/gcc/arm-none-eabi/14.3.1/../../../../arm-none-eabi/lib/thumb/v7e-m+fp/hard\libc_nano.a(libc_a-mallocr.o)
                0x20000674                __malloc_free_list
 *(COMMON)
                0x20000678                        . = ALIGN (0x4)
                0x20000678                        _ebss = .
                0x20000678                        __bss_end__ = _ebss

._user_heap_stack
                0x20000678      0x600
                0x20000678                        . = ALIGN (0x8)
                [!provide]                        PROVIDE (end = .)
                0x20000678                        PROVIDE (_end = .)
                0x20000878                        . = (. + _Min_Heap_Size)
 *fill*         0x20000678      0x200 
                0x20000c78                        . = (. + _Min_Stack_Size)
 *fill*         0x20000878      0x400 
                0x20000c78                        . = ALIGN (0x8)

/DISCARD/
 libc.a(*)
 libm.a(*)
 libgcc.a(*)

.ARM.attributes
                0x00000000       0x30
 *(.ARM.attributes)
 .ARM.attributes
                0x00000000       0x22 C:/ST/STM32CubeIDE_2.1.1/STM32CubeIDE/plugins/com.st.stm32cube.ide.mcu.externaltools.gnu-tools-for-stm32.14.3.rel1.win32_1.0.100.202602081740/tools/bin/../lib/gcc/arm-none-eabi/14.3.1/thumb/v7e-m+fp/hard/crti.o
 .ARM.attributes
                0x00000022       0x34 C:/ST/STM32CubeIDE_2.1.1/STM32CubeIDE/plugins/com.st.stm32cube.ide.mcu.externaltools.gnu-tools-for-stm32.14.3.rel1.win32_1.0.100.202602081740/tools/bin/../lib/gcc/arm-none-eabi/14.3.1/thumb/v7e-m+fp/hard/crtbegin.o
 .ARM.attributes
                0x00000056       0x34 ./Core/Src/adc.o
 .ARM.attributes
                0x0000008a       0x34 ./Core/Src/can.o
 .ARM.attributes
                0x000000be       0x34 ./Core/Src/can_lws.o
 .ARM.attributes
                0x000000f2       0x34 ./Core/Src/gpio.o
 .ARM.attributes
                0x00000126       0x34 ./Core/Src/lis3dsh.o
 .ARM.attributes
                0x0000015a       0x34 ./Core/Src/main.o
 .ARM.attributes
                0x0000018e       0x34 ./Core/Src/sensor_uart.o
 .ARM.attributes
                0x000001c2       0x34 ./Core/Src/spi.o
 .ARM.attributes
                0x000001f6       0x34 ./Core/Src/stm32f4xx_hal_msp.o
 .ARM.attributes
                0x0000022a       0x34 ./Core/Src/stm32f4xx_it.o
 .ARM.attributes
                0x0000025e       0x34 ./Core/Src/sysmem.o
 .ARM.attributes
                0x00000292       0x34 ./Core/Src/system_stm32f4xx.o
 .ARM.attributes
                0x000002c6       0x34 ./Core/Src/usart.o
 .ARM.attributes
                0x000002fa       0x34 ./Core/Src/user_button.o
 .ARM.attributes
                0x0000032e       0x34 ./Core/Src/wheel_speed_uart.o
 .ARM.attributes
                0x00000362       0x21 ./Core/Startup/startup_stm32f407vgtx.o
 .ARM.attributes
                0x00000383       0x34 ./Drivers/STM32F4xx_HAL_Driver/Src/stm32f4xx_hal.o
 .ARM.attributes
                0x000003b7       0x34 ./Drivers/STM32F4xx_HAL_Driver/Src/stm32f4xx_hal_adc.o
 .ARM.attributes
                0x000003eb       0x34 ./Drivers/STM32F4xx_HAL_Driver/Src/stm32f4xx_hal_can.o
 .ARM.attributes
                0x0000041f       0x34 ./Drivers/STM32F4xx_HAL_Driver/Src/stm32f4xx_hal_cortex.o
 .ARM.attributes
                0x00000453       0x34 ./Drivers/STM32F4xx_HAL_Driver/Src/stm32f4xx_hal_dma.o
 .ARM.attributes
                0x00000487       0x34 ./Drivers/STM32F4xx_HAL_Driver/Src/stm32f4xx_hal_gpio.o
 .ARM.attributes
                0x000004bb       0x34 ./Drivers/STM32F4xx_HAL_Driver/Src/stm32f4xx_hal_rcc.o
 .ARM.attributes
                0x000004ef       0x34 ./Drivers/STM32F4xx_HAL_Driver/Src/stm32f4xx_hal_spi.o
 .ARM.attributes
                0x00000523       0x34 ./Drivers/STM32F4xx_HAL_Driver/Src/stm32f4xx_hal_uart.o
 .ARM.attributes
                0x00000557       0x34 C:/ST/STM32CubeIDE_2.1.1/STM32CubeIDE/plugins/com.st.stm32cube.ide.mcu.externaltools.gnu-tools-for-stm32.14.3.rel1.win32_1.0.100.202602081740/tools/bin/../lib/gcc/arm-none-eabi/14.3.1/../../../../arm-none-eabi/lib/thumb/v7e-m+fp/hard\libc_nano.a(libc_a-atoi.o)
 .ARM.attributes
                0x0000058b       0x34 C:/ST/STM32CubeIDE_2.1.1/STM32CubeIDE/plugins/com.st.stm32cube.ide.mcu.externaltools.gnu-tools-for-stm32.14.3.rel1.win32_1.0.100.202602081740/tools/bin/../lib/gcc/arm-none-eabi/14.3.1/../../../../arm-none-eabi/lib/thumb/v7e-m+fp/hard\libc_nano.a(libc_a-strtol.o)
 .ARM.attributes
                0x000005bf       0x34 C:/ST/STM32CubeIDE_2.1.1/STM32CubeIDE/plugins/com.st.stm32cube.ide.mcu.externaltools.gnu-tools-for-stm32.14.3.rel1.win32_1.0.100.202602081740/tools/bin/../lib/gcc/arm-none-eabi/14.3.1/../../../../arm-none-eabi/lib/thumb/v7e-m+fp/hard\libc_nano.a(libc_a-ctype_.o)
 .ARM.attributes
                0x000005f3       0x34 C:/ST/STM32CubeIDE_2.1.1/STM32CubeIDE/plugins/com.st.stm32cube.ide.mcu.externaltools.gnu-tools-for-stm32.14.3.rel1.win32_1.0.100.202602081740/tools/bin/../lib/gcc/arm-none-eabi/14.3.1/../../../../arm-none-eabi/lib/thumb/v7e-m+fp/hard\libc_nano.a(libc_a-findfp.o)
 .ARM.attributes
                0x00000627       0x34 C:/ST/STM32CubeIDE_2.1.1/STM32CubeIDE/plugins/com.st.stm32cube.ide.mcu.externaltools.gnu-tools-for-stm32.14.3.rel1.win32_1.0.100.202602081740/tools/bin/../lib/gcc/arm-none-eabi/14.3.1/../../../../arm-none-eabi/lib/thumb/v7e-m+fp/hard\libc_nano.a(libc_a-snprintf.o)
 .ARM.attributes
                0x0000065b       0x34 C:/ST/STM32CubeIDE_2.1.1/STM32CubeIDE/plugins/com.st.stm32cube.ide.mcu.externaltools.gnu-tools-for-stm32.14.3.rel1.win32_1.0.100.202602081740/tools/bin/../lib/gcc/arm-none-eabi/14.3.1/../../../../arm-none-eabi/lib/thumb/v7e-m+fp/hard\libc_nano.a(libc_a-memset.o)
 .ARM.attributes
                0x0000068f       0x34 C:/ST/STM32CubeIDE_2.1.1/STM32CubeIDE/plugins/com.st.stm32cube.ide.mcu.externaltools.gnu-tools-for-stm32.14.3.rel1.win32_1.0.100.202602081740/tools/bin/../lib/gcc/arm-none-eabi/14.3.1/../../../../arm-none-eabi/lib/thumb/v7e-m+fp/hard\libc_nano.a(libc_a-strncmp.o)
 .ARM.attributes
                0x000006c3       0x34 C:/ST/STM32CubeIDE_2.1.1/STM32CubeIDE/plugins/com.st.stm32cube.ide.mcu.externaltools.gnu-tools-for-stm32.14.3.rel1.win32_1.0.100.202602081740/tools/bin/../lib/gcc/arm-none-eabi/14.3.1/../../../../arm-none-eabi/lib/thumb/v7e-m+fp/hard\libc_nano.a(libc_a-strstr.o)
 .ARM.attributes
                0x000006f7       0x34 C:/ST/STM32CubeIDE_2.1.1/STM32CubeIDE/plugins/com.st.stm32cube.ide.mcu.externaltools.gnu-tools-for-stm32.14.3.rel1.win32_1.0.100.202602081740/tools/bin/../lib/gcc/arm-none-eabi/14.3.1/../../../../arm-none-eabi/lib/thumb/v7e-m+fp/hard\libc_nano.a(libc_a-reent.o)
 .ARM.attributes
                0x0000072b       0x34 C:/ST/STM32CubeIDE_2.1.1/STM32CubeIDE/plugins/com.st.stm32cube.ide.mcu.externaltools.gnu-tools-for-stm32.14.3.rel1.win32_1.0.100.202602081740/tools/bin/../lib/gcc/arm-none-eabi/14.3.1/../../../../arm-none-eabi/lib/thumb/v7e-m+fp/hard\libc_nano.a(libc_a-impure.o)
 .ARM.attributes
                0x0000075f       0x34 C:/ST/STM32CubeIDE_2.1.1/STM32CubeIDE/plugins/com.st.stm32cube.ide.mcu.externaltools.gnu-tools-for-stm32.14.3.rel1.win32_1.0.100.202602081740/tools/bin/../lib/gcc/arm-none-eabi/14.3.1/../../../../arm-none-eabi/lib/thumb/v7e-m+fp/hard\libc_nano.a(libc_a-errno.o)
 .ARM.attributes
                0x00000793       0x34 C:/ST/STM32CubeIDE_2.1.1/STM32CubeIDE/plugins/com.st.stm32cube.ide.mcu.externaltools.gnu-tools-for-stm32.14.3.rel1.win32_1.0.100.202602081740/tools/bin/../lib/gcc/arm-none-eabi/14.3.1/../../../../arm-none-eabi/lib/thumb/v7e-m+fp/hard\libc_nano.a(libc_a-init.o)
 .ARM.attributes
                0x000007c7       0x34 C:/ST/STM32CubeIDE_2.1.1/STM32CubeIDE/plugins/com.st.stm32cube.ide.mcu.externaltools.gnu-tools-for-stm32.14.3.rel1.win32_1.0.100.202602081740/tools/bin/../lib/gcc/arm-none-eabi/14.3.1/../../../../arm-none-eabi/lib/thumb/v7e-m+fp/hard\libc_nano.a(libc_a-lock.o)
 .ARM.attributes
                0x000007fb       0x17 C:/ST/STM32CubeIDE_2.1.1/STM32CubeIDE/plugins/com.st.stm32cube.ide.mcu.externaltools.gnu-tools-for-stm32.14.3.rel1.win32_1.0.100.202602081740/tools/bin/../lib/gcc/arm-none-eabi/14.3.1/../../../../arm-none-eabi/lib/thumb/v7e-m+fp/hard\libc_nano.a(libc_a-strlen.o)
 .ARM.attributes
                0x00000812       0x34 C:/ST/STM32CubeIDE_2.1.1/STM32CubeIDE/plugins/com.st.stm32cube.ide.mcu.externaltools.gnu-tools-for-stm32.14.3.rel1.win32_1.0.100.202602081740/tools/bin/../lib/gcc/arm-none-eabi/14.3.1/../../../../arm-none-eabi/lib/thumb/v7e-m+fp/hard\libc_nano.a(libc_a-freer.o)
 .ARM.attributes
                0x00000846       0x34 C:/ST/STM32CubeIDE_2.1.1/STM32CubeIDE/plugins/com.st.stm32cube.ide.mcu.externaltools.gnu-tools-for-stm32.14.3.rel1.win32_1.0.100.202602081740/tools/bin/../lib/gcc/arm-none-eabi/14.3.1/../../../../arm-none-eabi/lib/thumb/v7e-m+fp/hard\libc_nano.a(libc_a-mallocr.o)
 .ARM.attributes
                0x0000087a       0x34 C:/ST/STM32CubeIDE_2.1.1/STM32CubeIDE/plugins/com.st.stm32cube.ide.mcu.externaltools.gnu-tools-for-stm32.14.3.rel1.win32_1.0.100.202602081740/tools/bin/../lib/gcc/arm-none-eabi/14.3.1/../../../../arm-none-eabi/lib/thumb/v7e-m+fp/hard\libc_nano.a(libc_a-mlock.o)
 .ARM.attributes
                0x000008ae       0x34 C:/ST/STM32CubeIDE_2.1.1/STM32CubeIDE/plugins/com.st.stm32cube.ide.mcu.externaltools.gnu-tools-for-stm32.14.3.rel1.win32_1.0.100.202602081740/tools/bin/../lib/gcc/arm-none-eabi/14.3.1/../../../../arm-none-eabi/lib/thumb/v7e-m+fp/hard\libc_nano.a(libc_a-nano-svfprintf.o)
 .ARM.attributes
                0x000008e2       0x34 C:/ST/STM32CubeIDE_2.1.1/STM32CubeIDE/plugins/com.st.stm32cube.ide.mcu.externaltools.gnu-tools-for-stm32.14.3.rel1.win32_1.0.100.202602081740/tools/bin/../lib/gcc/arm-none-eabi/14.3.1/../../../../arm-none-eabi/lib/thumb/v7e-m+fp/hard\libc_nano.a(libc_a-nano-vfprintf_i.o)
 .ARM.attributes
                0x00000916       0x34 C:/ST/STM32CubeIDE_2.1.1/STM32CubeIDE/plugins/com.st.stm32cube.ide.mcu.externaltools.gnu-tools-for-stm32.14.3.rel1.win32_1.0.100.202602081740/tools/bin/../lib/gcc/arm-none-eabi/14.3.1/../../../../arm-none-eabi/lib/thumb/v7e-m+fp/hard\libc_nano.a(libc_a-memmove.o)
 .ARM.attributes
                0x0000094a       0x34 C:/ST/STM32CubeIDE_2.1.1/STM32CubeIDE/plugins/com.st.stm32cube.ide.mcu.externaltools.gnu-tools-for-stm32.14.3.rel1.win32_1.0.100.202602081740/tools/bin/../lib/gcc/arm-none-eabi/14.3.1/../../../../arm-none-eabi/lib/thumb/v7e-m+fp/hard\libc_nano.a(libc_a-sbrkr.o)
 .ARM.attributes
                0x0000097e       0x1c C:/ST/STM32CubeIDE_2.1.1/STM32CubeIDE/plugins/com.st.stm32cube.ide.mcu.externaltools.gnu-tools-for-stm32.14.3.rel1.win32_1.0.100.202602081740/tools/bin/../lib/gcc/arm-none-eabi/14.3.1/../../../../arm-none-eabi/lib/thumb/v7e-m+fp/hard\libc_nano.a(libc_a-memchr.o)
 .ARM.attributes
                0x0000099a       0x34 C:/ST/STM32CubeIDE_2.1.1/STM32CubeIDE/plugins/com.st.stm32cube.ide.mcu.externaltools.gnu-tools-for-stm32.14.3.rel1.win32_1.0.100.202602081740/tools/bin/../lib/gcc/arm-none-eabi/14.3.1/../../../../arm-none-eabi/lib/thumb/v7e-m+fp/hard\libc_nano.a(libc_a-memcpy-stub.o)
 .ARM.attributes
                0x000009ce       0x34 C:/ST/STM32CubeIDE_2.1.1/STM32CubeIDE/plugins/com.st.stm32cube.ide.mcu.externaltools.gnu-tools-for-stm32.14.3.rel1.win32_1.0.100.202602081740/tools/bin/../lib/gcc/arm-none-eabi/14.3.1/../../../../arm-none-eabi/lib/thumb/v7e-m+fp/hard\libc_nano.a(libc_a-reallocr.o)
 .ARM.attributes
                0x00000a02       0x34 C:/ST/STM32CubeIDE_2.1.1/STM32CubeIDE/plugins/com.st.stm32cube.ide.mcu.externaltools.gnu-tools-for-stm32.14.3.rel1.win32_1.0.100.202602081740/tools/bin/../lib/gcc/arm-none-eabi/14.3.1/../../../../arm-none-eabi/lib/thumb/v7e-m+fp/hard\libc_nano.a(libc_a-msizer.o)
 .ARM.attributes
                0x00000a36       0x22 C:/ST/STM32CubeIDE_2.1.1/STM32CubeIDE/plugins/com.st.stm32cube.ide.mcu.externaltools.gnu-tools-for-stm32.14.3.rel1.win32_1.0.100.202602081740/tools/bin/../lib/gcc/arm-none-eabi/14.3.1/thumb/v7e-m+fp/hard\libgcc.a(_aeabi_uldivmod.o)
 .ARM.attributes
                0x00000a58       0x34 C:/ST/STM32CubeIDE_2.1.1/STM32CubeIDE/plugins/com.st.stm32cube.ide.mcu.externaltools.gnu-tools-for-stm32.14.3.rel1.win32_1.0.100.202602081740/tools/bin/../lib/gcc/arm-none-eabi/14.3.1/thumb/v7e-m+fp/hard\libgcc.a(_udivmoddi4.o)
 .ARM.attributes
                0x00000a8c       0x22 C:/ST/STM32CubeIDE_2.1.1/STM32CubeIDE/plugins/com.st.stm32cube.ide.mcu.externaltools.gnu-tools-for-stm32.14.3.rel1.win32_1.0.100.202602081740/tools/bin/../lib/gcc/arm-none-eabi/14.3.1/thumb/v7e-m+fp/hard\libgcc.a(_dvmd_tls.o)
 .ARM.attributes
                0x00000aae       0x22 C:/ST/STM32CubeIDE_2.1.1/STM32CubeIDE/plugins/com.st.stm32cube.ide.mcu.externaltools.gnu-tools-for-stm32.14.3.rel1.win32_1.0.100.202602081740/tools/bin/../lib/gcc/arm-none-eabi/14.3.1/thumb/v7e-m+fp/hard/crtn.o
OUTPUT(ECU_test.elf elf32-littlearm)
LOAD linker stubs
LOAD C:/ST/STM32CubeIDE_2.1.1/STM32CubeIDE/plugins/com.st.stm32cube.ide.mcu.externaltools.gnu-tools-for-stm32.14.3.rel1.win32_1.0.100.202602081740/tools/bin/../lib/gcc/arm-none-eabi/14.3.1/../../../../arm-none-eabi/lib/thumb/v7e-m+fp/hard\libc.a
LOAD C:/ST/STM32CubeIDE_2.1.1/STM32CubeIDE/plugins/com.st.stm32cube.ide.mcu.externaltools.gnu-tools-for-stm32.14.3.rel1.win32_1.0.100.202602081740/tools/bin/../lib/gcc/arm-none-eabi/14.3.1/../../../../arm-none-eabi/lib/thumb/v7e-m+fp/hard\libm.a
LOAD C:/ST/STM32CubeIDE_2.1.1/STM32CubeIDE/plugins/com.st.stm32cube.ide.mcu.externaltools.gnu-tools-for-stm32.14.3.rel1.win32_1.0.100.202602081740/tools/bin/../lib/gcc/arm-none-eabi/14.3.1/thumb/v7e-m+fp/hard\libgcc.a

.debug_info     0x00000000    0x10a9c
 .debug_info    0x00000000      0xeed ./Core/Src/adc.o
 .debug_info    0x00000eed      0x8d1 ./Core/Src/can.o
 .debug_info    0x000017be      0x9a4 ./Core/Src/can_lws.o
 .debug_info    0x00002162      0x3e4 ./Core/Src/gpio.o
 .debug_info    0x00002546      0xd8c ./Core/Src/lis3dsh.o
 .debug_info    0x000032d2      0x533 ./Core/Src/main.o
 .debug_info    0x00003805      0xd3b ./Core/Src/sensor_uart.o
 .debug_info    0x00004540      0x94d ./Core/Src/spi.o
 .debug_info    0x00004e8d      0x269 ./Core/Src/stm32f4xx_hal_msp.o
 .debug_info    0x000050f6      0x639 ./Core/Src/stm32f4xx_it.o
 .debug_info    0x0000572f      0x168 ./Core/Src/sysmem.o
 .debug_info    0x00005897      0x512 ./Core/Src/system_stm32f4xx.o
 .debug_info    0x00005da9      0x9d0 ./Core/Src/usart.o
 .debug_info    0x00006779      0x8c3 ./Core/Src/user_button.o
 .debug_info    0x0000703c      0xa53 ./Core/Src/wheel_speed_uart.o
 .debug_info    0x00007a8f       0x30 ./Core/Startup/startup_stm32f407vgtx.o
 .debug_info    0x00007abf      0x944 ./Drivers/STM32F4xx_HAL_Driver/Src/stm32f4xx_hal.o
 .debug_info    0x00008403      0xce3 ./Drivers/STM32F4xx_HAL_Driver/Src/stm32f4xx_hal_adc.o
 .debug_info    0x000090e6      0xf49 ./Drivers/STM32F4xx_HAL_Driver/Src/stm32f4xx_hal_can.o
 .debug_info    0x0000a02f      0xd8c ./Drivers/STM32F4xx_HAL_Driver/Src/stm32f4xx_hal_cortex.o
 .debug_info    0x0000adbb      0x8e7 ./Drivers/STM32F4xx_HAL_Driver/Src/stm32f4xx_hal_dma.o
 .debug_info    0x0000b6a2      0x6c3 ./Drivers/STM32F4xx_HAL_Driver/Src/stm32f4xx_hal_gpio.o
 .debug_info    0x0000bd65      0x8c3 ./Drivers/STM32F4xx_HAL_Driver/Src/stm32f4xx_hal_rcc.o
 .debug_info    0x0000c628     0x1525 ./Drivers/STM32F4xx_HAL_Driver/Src/stm32f4xx_hal_spi.o
 .debug_info    0x0000db4d     0x2f4f ./Drivers/STM32F4xx_HAL_Driver/Src/stm32f4xx_hal_uart.o

.debug_abbrev   0x00000000     0x3263
 .debug_abbrev  0x00000000      0x2e3 ./Core/Src/adc.o
 .debug_abbrev  0x000002e3      0x206 ./Core/Src/can.o
 .debug_abbrev  0x000004e9      0x22d ./Core/Src/can_lws.o
 .debug_abbrev  0x00000716      0x135 ./Core/Src/gpio.o
 .debug_abbrev  0x0000084b      0x255 ./Core/Src/lis3dsh.o
 .debug_abbrev  0x00000aa0      0x1f2 ./Core/Src/main.o
 .debug_abbrev  0x00000c92      0x2b9 ./Core/Src/sensor_uart.o
 .debug_abbrev  0x00000f4b      0x1fa ./Core/Src/spi.o
 .debug_abbrev  0x00001145       0xd8 ./Core/Src/stm32f4xx_hal_msp.o
 .debug_abbrev  0x0000121d      0x175 ./Core/Src/stm32f4xx_it.o
 .debug_abbrev  0x00001392       0xbc ./Core/Src/sysmem.o
 .debug_abbrev  0x0000144e      0x11a ./Core/Src/system_stm32f4xx.o
 .debug_abbrev  0x00001568      0x1fe ./Core/Src/usart.o
 .debug_abbrev  0x00001766      0x238 ./Core/Src/user_button.o
 .debug_abbrev  0x0000199e      0x24f ./Core/Src/wheel_speed_uart.o
 .debug_abbrev  0x00001bed       0x24 ./Core/Startup/startup_stm32f407vgtx.o
 .debug_abbrev  0x00001c11      0x214 ./Drivers/STM32F4xx_HAL_Driver/Src/stm32f4xx_hal.o
 .debug_abbrev  0x00001e25      0x252 ./Drivers/STM32F4xx_HAL_Driver/Src/stm32f4xx_hal_adc.o
 .debug_abbrev  0x00002077      0x258 ./Drivers/STM32F4xx_HAL_Driver/Src/stm32f4xx_hal_can.o
 .debug_abbrev  0x000022cf      0x31d ./Drivers/STM32F4xx_HAL_Driver/Src/stm32f4xx_hal_cortex.o
 .debug_abbrev  0x000025ec      0x264 ./Drivers/STM32F4xx_HAL_Driver/Src/stm32f4xx_hal_dma.o
 .debug_abbrev  0x00002850      0x1d4 ./Drivers/STM32F4xx_HAL_Driver/Src/stm32f4xx_hal_gpio.o
 .debug_abbrev  0x00002a24      0x2b7 ./Drivers/STM32F4xx_HAL_Driver/Src/stm32f4xx_hal_rcc.o
 .debug_abbrev  0x00002cdb      0x27a ./Drivers/STM32F4xx_HAL_Driver/Src/stm32f4xx_hal_spi.o
 .debug_abbrev  0x00002f55      0x30e ./Drivers/STM32F4xx_HAL_Driver/Src/stm32f4xx_hal_uart.o

.debug_aranges  0x00000000      0xdd8
 .debug_aranges
                0x00000000       0x98 ./Core/Src/adc.o
 .debug_aranges
                0x00000098       0x38 ./Core/Src/can.o
 .debug_aranges
                0x000000d0       0x48 ./Core/Src/can_lws.o
 .debug_aranges
                0x00000118       0x20 ./Core/Src/gpio.o
 .debug_aranges
                0x00000138       0x78 ./Core/Src/lis3dsh.o
 .debug_aranges
                0x000001b0       0x30 ./Core/Src/main.o
 .debug_aranges
                0x000001e0       0x70 ./Core/Src/sensor_uart.o
 .debug_aranges
                0x00000250       0x30 ./Core/Src/spi.o
 .debug_aranges
                0x00000280       0x20 ./Core/Src/stm32f4xx_hal_msp.o
 .debug_aranges
                0x000002a0       0x68 ./Core/Src/stm32f4xx_it.o
 .debug_aranges
                0x00000308       0x20 ./Core/Src/sysmem.o
 .debug_aranges
                0x00000328       0x28 ./Core/Src/system_stm32f4xx.o
 .debug_aranges
                0x00000350       0x38 ./Core/Src/usart.o
 .debug_aranges
                0x00000388       0x40 ./Core/Src/user_button.o
 .debug_aranges
                0x000003c8       0x60 ./Core/Src/wheel_speed_uart.o
 .debug_aranges
                0x00000428       0x28 ./Core/Startup/startup_stm32f407vgtx.o
 .debug_aranges
                0x00000450       0xf0 ./Drivers/STM32F4xx_HAL_Driver/Src/stm32f4xx_hal.o
 .debug_aranges
                0x00000540       0xe8 ./Drivers/STM32F4xx_HAL_Driver/Src/stm32f4xx_hal_adc.o
 .debug_aranges
                0x00000628      0x138 ./Drivers/STM32F4xx_HAL_Driver/Src/stm32f4xx_hal_can.o
 .debug_aranges
                0x00000760      0x130 ./Drivers/STM32F4xx_HAL_Driver/Src/stm32f4xx_hal_cortex.o
 .debug_aranges
                0x00000890       0x90 ./Drivers/STM32F4xx_HAL_Driver/Src/stm32f4xx_hal_dma.o
 .debug_aranges
                0x00000920       0x58 ./Drivers/STM32F4xx_HAL_Driver/Src/stm32f4xx_hal_gpio.o
 .debug_aranges
                0x00000978       0x88 ./Drivers/STM32F4xx_HAL_Driver/Src/stm32f4xx_hal_rcc.o
 .debug_aranges
                0x00000a00      0x1d0 ./Drivers/STM32F4xx_HAL_Driver/Src/stm32f4xx_hal_spi.o
 .debug_aranges
                0x00000bd0      0x208 ./Drivers/STM32F4xx_HAL_Driver/Src/stm32f4xx_hal_uart.o

.debug_rnglists
                0x00000000      0xa78
 .debug_rnglists
                0x00000000       0x72 ./Core/Src/adc.o
 .debug_rnglists
                0x00000072       0x27 ./Core/Src/can.o
 .debug_rnglists
                0x00000099       0x34 ./Core/Src/can_lws.o
 .debug_rnglists
                0x000000cd       0x14 ./Core/Src/gpio.o
 .debug_rnglists
                0x000000e1       0x57 ./Core/Src/lis3dsh.o
 .debug_rnglists
                0x00000138       0x20 ./Core/Src/main.o
 .debug_rnglists
                0x00000158       0x56 ./Core/Src/sensor_uart.o
 .debug_rnglists
                0x000001ae       0x20 ./Core/Src/spi.o
 .debug_rnglists
                0x000001ce       0x13 ./Core/Src/stm32f4xx_hal_msp.o
 .debug_rnglists
                0x000001e1       0x49 ./Core/Src/stm32f4xx_it.o
 .debug_rnglists
                0x0000022a       0x13 ./Core/Src/sysmem.o
 .debug_rnglists
                0x0000023d       0x1a ./Core/Src/system_stm32f4xx.o
 .debug_rnglists
                0x00000257       0x26 ./Core/Src/usart.o
 .debug_rnglists
                0x0000027d       0x2c ./Core/Src/user_button.o
 .debug_rnglists
                0x000002a9       0x44 ./Core/Src/wheel_speed_uart.o
 .debug_rnglists
                0x000002ed       0x19 ./Core/Startup/startup_stm32f407vgtx.o
 .debug_rnglists
                0x00000306       0xaf ./Drivers/STM32F4xx_HAL_Driver/Src/stm32f4xx_hal.o
 .debug_rnglists
                0x000003b5       0xb5 ./Drivers/STM32F4xx_HAL_Driver/Src/stm32f4xx_hal_adc.o
 .debug_rnglists
                0x0000046a       0xee ./Drivers/STM32F4xx_HAL_Driver/Src/stm32f4xx_hal_can.o
 .debug_rnglists
                0x00000558       0xe0 ./Drivers/STM32F4xx_HAL_Driver/Src/stm32f4xx_hal_cortex.o
 .debug_rnglists
                0x00000638       0x70 ./Drivers/STM32F4xx_HAL_Driver/Src/stm32f4xx_hal_dma.o
 .debug_rnglists
                0x000006a8       0x3f ./Drivers/STM32F4xx_HAL_Driver/Src/stm32f4xx_hal_gpio.o
 .debug_rnglists
                0x000006e7       0x66 ./Drivers/STM32F4xx_HAL_Driver/Src/stm32f4xx_hal_rcc.o
 .debug_rnglists
                0x0000074d      0x16f ./Drivers/STM32F4xx_HAL_Driver/Src/stm32f4xx_hal_spi.o
 .debug_rnglists
                0x000008bc      0x1bc ./Drivers/STM32F4xx_HAL_Driver/Src/stm32f4xx_hal_uart.o

.debug_macro    0x00000000    0x23c68
 .debug_macro   0x00000000      0x238 ./Core/Src/adc.o
 .debug_macro   0x00000238      0xad8 ./Core/Src/adc.o
 .debug_macro   0x00000d10      0x2a7 ./Core/Src/adc.o
 .debug_macro   0x00000fb7       0x2e ./Core/Src/adc.o
 .debug_macro   0x00000fe5       0x2f ./Core/Src/adc.o
 .debug_macro   0x00001014       0x22 ./Core/Src/adc.o
 .debug_macro   0x00001036       0x8e ./Core/Src/adc.o
 .debug_macro   0x000010c4       0x51 ./Core/Src/adc.o
 .debug_macro   0x00001115      0x103 ./Core/Src/adc.o
 .debug_macro   0x00001218       0x6a ./Core/Src/adc.o
 .debug_macro   0x00001282      0x1df ./Core/Src/adc.o
 .debug_macro   0x00001461       0x1c ./Core/Src/adc.o
 .debug_macro   0x0000147d       0x22 ./Core/Src/adc.o
 .debug_macro   0x0000149f       0xfb ./Core/Src/adc.o
 .debug_macro   0x0000159a     0x1011 ./Core/Src/adc.o
 .debug_macro   0x000025ab      0x11f ./Core/Src/adc.o
 .debug_macro   0x000026ca    0x15ea5 ./Core/Src/adc.o
 .debug_macro   0x0001856f       0x6d ./Core/Src/adc.o
 .debug_macro   0x000185dc     0x3693 ./Core/Src/adc.o
 .debug_macro   0x0001bc6f      0x190 ./Core/Src/adc.o
 .debug_macro   0x0001bdff       0x5c ./Core/Src/adc.o
 .debug_macro   0x0001be5b      0x980 ./Core/Src/adc.o
 .debug_macro   0x0001c7db      0x9e9 ./Core/Src/adc.o
 .debug_macro   0x0001d1c4      0x115 ./Core/Src/adc.o
 .debug_macro   0x0001d2d9      0x13e ./Core/Src/adc.o
 .debug_macro   0x0001d417       0xa5 ./Core/Src/adc.o
 .debug_macro   0x0001d4bc      0x174 ./Core/Src/adc.o
 .debug_macro   0x0001d630      0x287 ./Core/Src/adc.o
 .debug_macro   0x0001d8b7       0x5f ./Core/Src/adc.o
 .debug_macro   0x0001d916      0x236 ./Core/Src/adc.o
 .debug_macro   0x0001db4c      0xb5b ./Core/Src/adc.o
 .debug_macro   0x0001e6a7      0x38b ./Core/Src/adc.o
 .debug_macro   0x0001ea32      0x176 ./Core/Src/adc.o
 .debug_macro   0x0001eba8       0xf9 ./Core/Src/adc.o
 .debug_macro   0x0001eca1      0x40f ./Core/Src/adc.o
 .debug_macro   0x0001f0b0      0x12c ./Core/Src/adc.o
 .debug_macro   0x0001f1dc      0x21e ./Core/Src/adc.o
 .debug_macro   0x0001f3fa       0x2e ./Core/Src/adc.o
 .debug_macro   0x0001f428      0x127 ./Core/Src/adc.o
 .debug_macro   0x0001f54f       0x7e ./Core/Src/adc.o
 .debug_macro   0x0001f5cd       0x89 ./Core/Src/adc.o
 .debug_macro   0x0001f656      0x225 ./Core/Src/adc.o
 .debug_macro   0x0001f87b      0x2aa ./Core/Src/adc.o
 .debug_macro   0x0001fb25      0x12d ./Core/Src/adc.o
 .debug_macro   0x0001fc52       0x64 ./Core/Src/adc.o
 .debug_macro   0x0001fcb6       0x1c ./Core/Src/adc.o
 .debug_macro   0x0001fcd2      0x20f ./Core/Src/can.o
 .debug_macro   0x0001fee1      0x236 ./Core/Src/can_lws.o
 .debug_macro   0x00020117       0x1c ./Core/Src/can_lws.o
 .debug_macro   0x00020133       0x6a ./Core/Src/can_lws.o
 .debug_macro   0x0002019d      0x20f ./Core/Src/gpio.o
 .debug_macro   0x000203ac      0x28a ./Core/Src/lis3dsh.o
 .debug_macro   0x00020636       0x10 ./Core/Src/lis3dsh.o
 .debug_macro   0x00020646      0x26e ./Core/Src/main.o
 .debug_macro   0x000208b4       0x16 ./Core/Src/main.o
 .debug_macro   0x000208ca       0x1c ./Core/Src/main.o
 .debug_macro   0x000208e6       0x22 ./Core/Src/main.o
 .debug_macro   0x00020908       0x16 ./Core/Src/main.o
 .debug_macro   0x0002091e      0x386 ./Core/Src/sensor_uart.o
 .debug_macro   0x00020ca4       0x16 ./Core/Src/sensor_uart.o
 .debug_macro   0x00020cba       0x61 ./Core/Src/sensor_uart.o
 .debug_macro   0x00020d1b       0x2a ./Core/Src/sensor_uart.o
 .debug_macro   0x00020d45       0x43 ./Core/Src/sensor_uart.o
 .debug_macro   0x00020d88       0x34 ./Core/Src/sensor_uart.o
 .debug_macro   0x00020dbc       0x16 ./Core/Src/sensor_uart.o
 .debug_macro   0x00020dd2       0x3c ./Core/Src/sensor_uart.o
 .debug_macro   0x00020e0e      0x364 ./Core/Src/sensor_uart.o
 .debug_macro   0x00021172       0x10 ./Core/Src/sensor_uart.o
 .debug_macro   0x00021182       0x16 ./Core/Src/sensor_uart.o
 .debug_macro   0x00021198       0x4a ./Core/Src/sensor_uart.o
 .debug_macro   0x000211e2       0x34 ./Core/Src/sensor_uart.o
 .debug_macro   0x00021216       0x10 ./Core/Src/sensor_uart.o
 .debug_macro   0x00021226       0x58 ./Core/Src/sensor_uart.o
 .debug_macro   0x0002127e       0x8e ./Core/Src/sensor_uart.o
 .debug_macro   0x0002130c       0x1c ./Core/Src/sensor_uart.o
 .debug_macro   0x00021328      0x17e ./Core/Src/sensor_uart.o
 .debug_macro   0x000214a6       0x16 ./Core/Src/sensor_uart.o
 .debug_macro   0x000214bc       0x16 ./Core/Src/sensor_uart.o
 .debug_macro   0x000214d2      0x146 ./Core/Src/sensor_uart.o
 .debug_macro   0x00021618       0x16 ./Core/Src/sensor_uart.o
 .debug_macro   0x0002162e       0x20 ./Core/Src/sensor_uart.o
 .debug_macro   0x0002164e      0x20f ./Core/Src/spi.o
 .debug_macro   0x0002185d      0x205 ./Core/Src/stm32f4xx_hal_msp.o
 .debug_macro   0x00021a62      0x21d ./Core/Src/stm32f4xx_it.o
 .debug_macro   0x00021c7f      0x112 ./Core/Src/sysmem.o
 .debug_macro   0x00021d91      0x23c ./Core/Src/sysmem.o
 .debug_macro   0x00021fcd      0x1f6 ./Core/Src/system_stm32f4xx.o
 .debug_macro   0x000221c3      0x20f ./Core/Src/usart.o
 .debug_macro   0x000223d2      0x300 ./Core/Src/user_button.o
 .debug_macro   0x000226d2       0x10 ./Core/Src/user_button.o
 .debug_macro   0x000226e2      0x320 ./Core/Src/wheel_speed_uart.o
 .debug_macro   0x00022a02       0x10 ./Core/Src/wheel_speed_uart.o
 .debug_macro   0x00022a12      0x256 ./Drivers/STM32F4xx_HAL_Driver/Src/stm32f4xx_hal.o
 .debug_macro   0x00022c68      0x1f7 ./Drivers/STM32F4xx_HAL_Driver/Src/stm32f4xx_hal_adc.o
 .debug_macro   0x00022e5f      0x205 ./Drivers/STM32F4xx_HAL_Driver/Src/stm32f4xx_hal_can.o
 .debug_macro   0x00023064      0x1f6 ./Drivers/STM32F4xx_HAL_Driver/Src/stm32f4xx_hal_cortex.o
 .debug_macro   0x0002325a      0x1fc ./Drivers/STM32F4xx_HAL_Driver/Src/stm32f4xx_hal_dma.o
 .debug_macro   0x00023456      0x1fc ./Drivers/STM32F4xx_HAL_Driver/Src/stm32f4xx_hal_gpio.o
 .debug_macro   0x00023652      0x21a ./Drivers/STM32F4xx_HAL_Driver/Src/stm32f4xx_hal_rcc.o
 .debug_macro   0x0002386c      0x205 ./Drivers/STM32F4xx_HAL_Driver/Src/stm32f4xx_hal_spi.o
 .debug_macro   0x00023a71      0x1f7 ./Drivers/STM32F4xx_HAL_Driver/Src/stm32f4xx_hal_uart.o

.debug_line     0x00000000    0x132a2
 .debug_line    0x00000000      0xb5f ./Core/Src/adc.o
 .debug_line    0x00000b5f      0x8a2 ./Core/Src/can.o
 .debug_line    0x00001401      0x99c ./Core/Src/can_lws.o
 .debug_line    0x00001d9d      0x79b ./Core/Src/gpio.o
 .debug_line    0x00002538      0x9bb ./Core/Src/lis3dsh.o
 .debug_line    0x00002ef3      0x8a2 ./Core/Src/main.o
 .debug_line    0x00003795      0xdec ./Core/Src/sensor_uart.o
 .debug_line    0x00004581      0x804 ./Core/Src/spi.o
 .debug_line    0x00004d85      0x78e ./Core/Src/stm32f4xx_hal_msp.o
 .debug_line    0x00005513      0x860 ./Core/Src/stm32f4xx_it.o
 .debug_line    0x00005d73      0x58d ./Core/Src/sysmem.o
 .debug_line    0x00006300      0x804 ./Core/Src/system_stm32f4xx.o
 .debug_line    0x00006b04      0x86e ./Core/Src/usart.o
 .debug_line    0x00007372      0xa28 ./Core/Src/user_button.o
 .debug_line    0x00007d9a      0xab2 ./Core/Src/wheel_speed_uart.o
 .debug_line    0x0000884c       0x7a ./Core/Startup/startup_stm32f407vgtx.o
 .debug_line    0x000088c6      0xa83 ./Drivers/STM32F4xx_HAL_Driver/Src/stm32f4xx_hal.o
 .debug_line    0x00009349     0x1297 ./Drivers/STM32F4xx_HAL_Driver/Src/stm32f4xx_hal_adc.o
 .debug_line    0x0000a5e0     0x123f ./Drivers/STM32F4xx_HAL_Driver/Src/stm32f4xx_hal_can.o
 .debug_line    0x0000b81f      0xd50 ./Drivers/STM32F4xx_HAL_Driver/Src/stm32f4xx_hal_cortex.o
 .debug_line    0x0000c56f      0xfec ./Drivers/STM32F4xx_HAL_Driver/Src/stm32f4xx_hal_dma.o
 .debug_line    0x0000d55b      0xbd5 ./Drivers/STM32F4xx_HAL_Driver/Src/stm32f4xx_hal_gpio.o
 .debug_line    0x0000e130      0xe8f ./Drivers/STM32F4xx_HAL_Driver/Src/stm32f4xx_hal_rcc.o
 .debug_line    0x0000efbf     0x1d1b ./Drivers/STM32F4xx_HAL_Driver/Src/stm32f4xx_hal_spi.o
 .debug_line    0x00010cda     0x25c8 ./Drivers/STM32F4xx_HAL_Driver/Src/stm32f4xx_hal_uart.o

.debug_str      0x00000000    0xd4ff7
 .debug_str     0x00000000    0xd4ff7 ./Core/Src/adc.o
                              0xcd556 (size before relaxing)
 .debug_str     0x000d4ff7    0xccfe9 ./Core/Src/can.o
 .debug_str     0x000d4ff7    0xcd23a ./Core/Src/can_lws.o
 .debug_str     0x000d4ff7    0xcccd3 ./Core/Src/gpio.o
 .debug_str     0x000d4ff7    0xcd61b ./Core/Src/lis3dsh.o
 .debug_str     0x000d4ff7    0xcd122 ./Core/Src/main.o
 .debug_str     0x000d4ff7    0xd0e16 ./Core/Src/sensor_uart.o
 .debug_str     0x000d4ff7    0xcd19b ./Core/Src/spi.o
 .debug_str     0x000d4ff7    0xccc44 ./Core/Src/stm32f4xx_hal_msp.o
 .debug_str     0x000d4ff7    0xcd087 ./Core/Src/stm32f4xx_it.o
 .debug_str     0x000d4ff7     0x7700 ./Core/Src/sysmem.o
 .debug_str     0x000d4ff7    0xccb08 ./Core/Src/system_stm32f4xx.o
 .debug_str     0x000d4ff7    0xcd202 ./Core/Src/usart.o
 .debug_str     0x000d4ff7    0xd0413 ./Core/Src/user_button.o
 .debug_str     0x000d4ff7    0xd097c ./Core/Src/wheel_speed_uart.o
 .debug_str     0x000d4ff7       0x78 ./Core/Startup/startup_stm32f407vgtx.o
 .debug_str     0x000d4ff7    0xcd68c ./Drivers/STM32F4xx_HAL_Driver/Src/stm32f4xx_hal.o
 .debug_str     0x000d4ff7    0xcd0f5 ./Drivers/STM32F4xx_HAL_Driver/Src/stm32f4xx_hal_adc.o
 .debug_str     0x000d4ff7    0xcd202 ./Drivers/STM32F4xx_HAL_Driver/Src/stm32f4xx_hal_can.o
 .debug_str     0x000d4ff7    0xcd408 ./Drivers/STM32F4xx_HAL_Driver/Src/stm32f4xx_hal_cortex.o
 .debug_str     0x000d4ff7    0xccf22 ./Drivers/STM32F4xx_HAL_Driver/Src/stm32f4xx_hal_dma.o
 .debug_str     0x000d4ff7    0xccc83 ./Drivers/STM32F4xx_HAL_Driver/Src/stm32f4xx_hal_gpio.o
 .debug_str     0x000d4ff7    0xccf3c ./Drivers/STM32F4xx_HAL_Driver/Src/stm32f4xx_hal_rcc.o
 .debug_str     0x000d4ff7    0xcd3c6 ./Drivers/STM32F4xx_HAL_Driver/Src/stm32f4xx_hal_spi.o
 .debug_str     0x000d4ff7    0xcd51d ./Drivers/STM32F4xx_HAL_Driver/Src/stm32f4xx_hal_uart.o

.comment        0x00000000       0x43
 .comment       0x00000000       0x43 ./Core/Src/adc.o
                                 0x44 (size before relaxing)
 .comment       0x00000043       0x44 ./Core/Src/can.o
 .comment       0x00000043       0x44 ./Core/Src/can_lws.o
 .comment       0x00000043       0x44 ./Core/Src/gpio.o
 .comment       0x00000043       0x44 ./Core/Src/lis3dsh.o
 .comment       0x00000043       0x44 ./Core/Src/main.o