Archive member included to satisfy reference by file (symbol)

C:/ST/STM32CubeIDE_2.1.1/STM32CubeIDE/plugins/com.st.stm32cube.ide.mcu.externaltools.gnu-tools-for-stm32.14.3.rel1.win32_1.0.100.202602081740/tools/bin/../lib/gcc/arm-none-eabi/14.3.1/../../../../arm-none-eabi/lib/thumb/v7e-m+fp/hard\libc_nano.a(libc_a-exit.o)
                              C:/ST/STM32CubeIDE_2.1.1/STM32CubeIDE/plugins/com.st.stm32cube.ide.mcu.externaltools.gnu-tools-for-stm32.14.3.rel1.win32_1.0.100.202602081740/tools/bin/../lib/gcc/arm-none-eabi/14.3.1/../../../../arm-none-eabi/lib/thumb/v7e-m+fp/hard/crt0.o (exit)
C:/ST/STM32CubeIDE_2.1.1/STM32CubeIDE/plugins/com.st.stm32cube.ide.mcu.externaltools.gnu-tools-for-stm32.14.3.rel1.win32_1.0.100.202602081740/tools/bin/../lib/gcc/arm-none-eabi/14.3.1/../../../../arm-none-eabi/lib/thumb/v7e-m+fp/hard\libc_nano.a(libc_a-findfp.o)
                              C:/ST/STM32CubeIDE_2.1.1/STM32CubeIDE/plugins/com.st.stm32cube.ide.mcu.externaltools.gnu-tools-for-stm32.14.3.rel1.win32_1.0.100.202602081740/tools/bin/../lib/gcc/arm-none-eabi/14.3.1/../../../../arm-none-eabi/lib/thumb/v7e-m+fp/hard\libc_nano.a(libc_a-exit.o) (__stdio_exit_handler)
C:/ST/STM32CubeIDE_2.1.1/STM32CubeIDE/plugins/com.st.stm32cube.ide.mcu.externaltools.gnu-tools-for-stm32.14.3.rel1.win32_1.0.100.202602081740/tools/bin/../lib/gcc/arm-none-eabi/14.3.1/../../../../arm-none-eabi/lib/thumb/v7e-m+fp/hard\libc_nano.a(libc_a-fwalk.o)
                              C:/ST/STM32CubeIDE_2.1.1/STM32CubeIDE/plugins/com.st.stm32cube.ide.mcu.externaltools.gnu-tools-for-stm32.14.3.rel1.win32_1.0.100.202602081740/tools/bin/../lib/gcc/arm-none-eabi/14.3.1/../../../../arm-none-eabi/lib/thumb/v7e-m+fp/hard\libc_nano.a(libc_a-findfp.o) (_fwalk_sglue)
C:/ST/STM32CubeIDE_2.1.1/STM32CubeIDE/plugins/com.st.stm32cube.ide.mcu.externaltools.gnu-tools-for-stm32.14.3.rel1.win32_1.0.100.202602081740/tools/bin/../lib/gcc/arm-none-eabi/14.3.1/../../../../arm-none-eabi/lib/thumb/v7e-m+fp/hard\libc_nano.a(libc_a-snprintf.o)
                              ./Core/Src/sensor_uart.o (snprintf)
C:/ST/STM32CubeIDE_2.1.1/STM32CubeIDE/plugins/com.st.stm32cube.ide.mcu.externaltools.gnu-tools-for-stm32.14.3.rel1.win32_1.0.100.202602081740/tools/bin/../lib/gcc/arm-none-eabi/14.3.1/../../../../arm-none-eabi/lib/thumb/v7e-m+fp/hard\libc_nano.a(libc_a-stdio.o)
                              C:/ST/STM32CubeIDE_2.1.1/STM32CubeIDE/plugins/com.st.stm32cube.ide.mcu.externaltools.gnu-tools-for-stm32.14.3.rel1.win32_1.0.100.202602081740/tools/bin/../lib/gcc/arm-none-eabi/14.3.1/../../../../arm-none-eabi/lib/thumb/v7e-m+fp/hard\libc_nano.a(libc_a-findfp.o) (__sread)
C:/ST/STM32CubeIDE_2.1.1/STM32CubeIDE/plugins/com.st.stm32cube.ide.mcu.externaltools.gnu-tools-for-stm32.14.3.rel1.win32_1.0.100.202602081740/tools/bin/../lib/gcc/arm-none-eabi/14.3.1/../../../../arm-none-eabi/lib/thumb/v7e-m+fp/hard\libc_nano.a(libc_a-memset.o)
                              C:/ST/STM32CubeIDE_2.1.1/STM32CubeIDE/plugins/com.st.stm32cube.ide.mcu.externaltools.gnu-tools-for-stm32.14.3.rel1.win32_1.0.100.202602081740/tools/bin/../lib/gcc/arm-none-eabi/14.3.1/../../../../arm-none-eabi/lib/thumb/v7e-m+fp/hard/crt0.o (memset)
C:/ST/STM32CubeIDE_2.1.1/STM32CubeIDE/plugins/com.st.stm32cube.ide.mcu.externaltools.gnu-tools-for-stm32.14.3.rel1.win32_1.0.100.202602081740/tools/bin/../lib/gcc/arm-none-eabi/14.3.1/../../../../arm-none-eabi/lib/thumb/v7e-m+fp/hard\libc_nano.a(libc_a-closer.o)
                              C:/ST/STM32CubeIDE_2.1.1/STM32CubeIDE/plugins/com.st.stm32cube.ide.mcu.externaltools.gnu-tools-for-stm32.14.3.rel1.win32_1.0.100.202602081740/tools/bin/../lib/gcc/arm-none-eabi/14.3.1/../../../../arm-none-eabi/lib/thumb/v7e-m+fp/hard\libc_nano.a(libc_a-stdio.o) (_close_r)
C:/ST/STM32CubeIDE_2.1.1/STM32CubeIDE/plugins/com.st.stm32cube.ide.mcu.externaltools.gnu-tools-for-stm32.14.3.rel1.win32_1.0.100.202602081740/tools/bin/../lib/gcc/arm-none-eabi/14.3.1/../../../../arm-none-eabi/lib/thumb/v7e-m+fp/hard\libc_nano.a(libc_a-reent.o)
                              C:/ST/STM32CubeIDE_2.1.1/STM32CubeIDE/plugins/com.st.stm32cube.ide.mcu.externaltools.gnu-tools-for-stm32.14.3.rel1.win32_1.0.100.202602081740/tools/bin/../lib/gcc/arm-none-eabi/14.3.1/../../../../arm-none-eabi/lib/thumb/v7e-m+fp/hard\libc_nano.a(libc_a-closer.o) (errno)
C:/ST/STM32CubeIDE_2.1.1/STM32CubeIDE/plugins/com.st.stm32cube.ide.mcu.externaltools.gnu-tools-for-stm32.14.3.rel1.win32_1.0.100.202602081740/tools/bin/../lib/gcc/arm-none-eabi/14.3.1/../../../../arm-none-eabi/lib/thumb/v7e-m+fp/hard\libc_nano.a(libc_a-impure.o)
                              C:/ST/STM32CubeIDE_2.1.1/STM32CubeIDE/plugins/com.st.stm32cube.ide.mcu.externaltools.gnu-tools-for-stm32.14.3.rel1.win32_1.0.100.202602081740/tools/bin/../lib/gcc/arm-none-eabi/14.3.1/../../../../arm-none-eabi/lib/thumb/v7e-m+fp/hard\libc_nano.a(libc_a-snprintf.o) (_impure_ptr)
[...]
Memory Configuration

Name             Origin             Length             Attributes
CCMRAM           0x10000000         0x00010000         xrw
RAM              0x20000000         0x00020000         xrw
FLASH            0x08000000         0x00100000         xr
*default*        0x00000000         0xffffffff

Linker script and memory map

LOAD C:/ST/STM32CubeIDE_2.1.1/STM32CubeIDE/plugins/com.st.stm32cube.ide.mcu.externaltools.gnu-tools-for-stm32.14.3.rel1.win32_1.0.100.202602081740/tools/bin/../lib/gcc/arm-none-eabi/14.3.1/thumb/v7e-m+fp/hard/crti.o
LOAD C:/ST/STM32CubeIDE_2.1.1/STM32CubeIDE/plugins/com.st.stm32cube.ide.mcu.externaltools.gnu-tools-for-stm32.14.3.rel1.win32_1.0.100.202602081740/tools/bin/../lib/gcc/arm-none-eabi/14.3.1/thumb/v7e-m+fp/hard/crtbegin.o
LOAD C:/ST/STM32CubeIDE_2.1.1/STM32CubeIDE/plugins/com.st.stm32cube.ide.mcu.externaltools.gnu-tools-for-stm32.14.3.rel1.win32_1.0.100.202602081740/tools/bin/../lib/gcc/arm-none-eabi/14.3.1/../../../../arm-none-eabi/lib/thumb/v7e-m+fp/hard/crt0.o
LOAD ./Core/Src/adc.o
LOAD ./Core/Src/can.o
LOAD ./Core/Src/can_lws.o
LOAD ./Core/Src/gpio.o
LOAD ./Core/Src/i2c.o
LOAD ./Core/Src/lis3dsh.o
LOAD ./Core/Src/main.o
LOAD ./Core/Src/sensor_uart.o
LOAD ./Core/Src/spi.o
LOAD ./Core/Src/stm32f4xx_hal_msp.o
LOAD ./Core/Src/stm32f4xx_it.o
LOAD ./Core/Src/syscalls.o
LOAD ./Core/Src/sysmem.o
LOAD ./Core/Src/system_stm32f4xx.o
LOAD ./Core/Src/usart.o
LOAD ./Core/Src/user_button.o
LOAD ./Core/Startup/startup_stm32f407vgtx.o
LOAD ./Drivers/STM32F4xx_HAL_Driver/Src/stm32f4xx_hal.o
LOAD ./Drivers/STM32F4xx_HAL_Driver/Src/stm32f4xx_hal_adc.o
LOAD ./Drivers/STM32F4xx_HAL_Driver/Src/stm32f4xx_hal_adc_ex.o
LOAD ./Drivers/STM32F4xx_HAL_Driver/Src/stm32f4xx_hal_can.o
LOAD ./Drivers/STM32F4xx_HAL_Driver/Src/stm32f4xx_hal_cortex.o
LOAD ./Drivers/STM32F4xx_HAL_Driver/Src/stm32f4xx_hal_dma.o
LOAD ./Drivers/STM32F4xx_HAL_Driver/Src/stm32f4xx_hal_dma_ex.o
LOAD ./Drivers/STM32F4xx_HAL_Driver/Src/stm32f4xx_hal_exti.o
LOAD ./Drivers/STM32F4xx_HAL_Driver/Src/stm32f4xx_hal_flash.o
LOAD ./Drivers/STM32F4xx_HAL_Driver/Src/stm32f4xx_hal_flash_ex.o
LOAD ./Drivers/STM32F4xx_HAL_Driver/Src/stm32f4xx_hal_flash_ramfunc.o
LOAD ./Drivers/STM32F4xx_HAL_Driver/Src/stm32f4xx_hal_gpio.o
LOAD ./Drivers/STM32F4xx_HAL_Driver/Src/stm32f4xx_hal_i2c.o
LOAD ./Drivers/STM32F4xx_HAL_Driver/Src/stm32f4xx_hal_i2c_ex.o
LOAD ./Drivers/STM32F4xx_HAL_Driver/Src/stm32f4xx_hal_pwr.o
LOAD ./Drivers/STM32F4xx_HAL_Driver/Src/stm32f4xx_hal_pwr_ex.o
LOAD ./Drivers/STM32F4xx_HAL_Driver/Src/stm32f4xx_hal_rcc.o
LOAD ./Drivers/STM32F4xx_HAL_Driver/Src/stm32f4xx_hal_rcc_ex.o
LOAD ./Drivers/STM32F4xx_HAL_Driver/Src/stm32f4xx_hal_spi.o
LOAD ./Drivers/STM32F4xx_HAL_Driver/Src/stm32f4xx_hal_uart.o
START GROUP
LOAD C:/ST/STM32CubeIDE_2.1.1/STM32CubeIDE/plugins/com.st.stm32cube.ide.mcu.externaltools.gnu-tools-for-stm32.14.3.rel1.win32_1.0.100.202602081740/tools/bin/../lib/gcc/arm-none-eabi/14.3.1/../../../../arm-none-eabi/lib/thumb/v7e-m+fp/hard\libc_nano.a
LOAD C:/ST/STM32CubeIDE_2.1.1/STM32CubeIDE/plugins/com.st.stm32cube.ide.mcu.externaltools.gnu-tools-for-stm32.14.3.rel1.win32_1.0.100.202602081740/tools/bin/../lib/gcc/arm-none-eabi/14.3.1/../../../../arm-none-eabi/lib/thumb/v7e-m+fp/hard\libm.a
END GROUP
START GROUP
LOAD C:/ST/STM32CubeIDE_2.1.1/STM32CubeIDE/plugins/com.st.stm32cube.ide.mcu.externaltools.gnu-tools-for-stm32.14.3.rel1.win32_1.0.100.202602081740/tools/bin/../lib/gcc/arm-none-eabi/14.3.1/thumb/v7e-m+fp/hard\libgcc.a
LOAD C:/ST/STM32CubeIDE_2.1.1/STM32CubeIDE/plugins/com.st.stm32cube.ide.mcu.externaltools.gnu-tools-for-stm32.14.3.rel1.win32_1.0.100.202602081740/tools/bin/../lib/gcc/arm-none-eabi/14.3.1/../../../../arm-none-eabi/lib/thumb/v7e-m+fp/hard\libc_nano.a
END GROUP
START GROUP
LOAD C:/ST/STM32CubeIDE_2.1.1/STM32CubeIDE/plugins/com.st.stm32cube.ide.mcu.externaltools.gnu-tools-for-stm32.14.3.rel1.win32_1.0.100.202602081740/tools/bin/../lib/gcc/arm-none-eabi/14.3.1/thumb/v7e-m+fp/hard\libgcc.a
LOAD C:/ST/STM32CubeIDE_2.1.1/STM32CubeIDE/plugins/com.st.stm32cube.ide.mcu.externaltools.gnu-tools-for-stm32.14.3.rel1.win32_1.0.100.202602081740/tools/bin/../lib/gcc/arm-none-eabi/14.3.1/../../../../arm-none-eabi/lib/thumb/v7e-m+fp/hard\libc_nano.a
LOAD C:/ST/STM32CubeIDE_2.1.1/STM32CubeIDE/plugins/com.st.stm32cube.ide.mcu.externaltools.gnu-tools-for-stm32.14.3.rel1.win32_1.0.100.202602081740/tools/bin/../lib/gcc/arm-none-eabi/14.3.1/../../../../arm-none-eabi/lib/thumb/v7e-m+fp/hard\libnosys.a
END GROUP
START GROUP
LOAD C:/ST/STM32CubeIDE_2.1.1/STM32CubeIDE/plugins/com.st.stm32cube.ide.mcu.externaltools.gnu-tools-for-stm32.14.3.rel1.win32_1.0.100.202602081740/tools/bin/../lib/gcc/arm-none-eabi/14.3.1/thumb/v7e-m+fp/hard\libgcc.a
LOAD C:/ST/STM32CubeIDE_2.1.1/STM32CubeIDE/plugins/com.st.stm32cube.ide.mcu.externaltools.gnu-tools-for-stm32.14.3.rel1.win32_1.0.100.202602081740/tools/bin/../lib/gcc/arm-none-eabi/14.3.1/../../../../arm-none-eabi/lib/thumb/v7e-m+fp/hard\libc_nano.a
LOAD C:/ST/STM32CubeIDE_2.1.1/STM32CubeIDE/plugins/com.st.stm32cube.ide.mcu.externaltools.gnu-tools-for-stm32.14.3.rel1.win32_1.0.100.202602081740/tools/bin/../lib/gcc/arm-none-eabi/14.3.1/../../../../arm-none-eabi/lib/thumb/v7e-m+fp/hard\libnosys.a
END GROUP
LOAD C:/ST/STM32CubeIDE_2.1.1/STM32CubeIDE/plugins/com.st.stm32cube.ide.mcu.externaltools.gnu-tools-for-stm32.14.3.rel1.win32_1.0.100.202602081740/tools/bin/../lib/gcc/arm-none-eabi/14.3.1/thumb/v7e-m+fp/hard/crtend.o
LOAD C:/ST/STM32CubeIDE_2.1.1/STM32CubeIDE/plugins/com.st.stm32cube.ide.mcu.externaltools.gnu-tools-for-stm32.14.3.rel1.win32_1.0.100.202602081740/tools/bin/../lib/gcc/arm-none-eabi/14.3.1/thumb/v7e-m+fp/hard/crtn.o
                0x20020000                        _estack = (ORIGIN (RAM) + LENGTH (RAM))
                0x00000200                        _Min_Heap_Size = 0x200
                0x00000400                        _Min_Stack_Size = 0x400

.isr_vector     0x08000000      0x188
                0x08000000                        . = ALIGN (0x4)
 *(.isr_vector)
 .isr_vector    0x08000000      0x188 ./Core/Startup/startup_stm32f407vgtx.o
                0x08000000                g_pfnVectors
                0x08000188                        . = ALIGN (0x4)

.text           0x08000190     0x7d3c
                0x08000190                        . = ALIGN (0x4)
 *(.text)
 .text          0x08000190       0x40 C:/ST/STM32CubeIDE_2.1.1/STM32CubeIDE/plugins/com.st.stm32cube.ide.mcu.externaltools.gnu-tools-for-stm32.14.3.rel1.win32_1.0.100.202602081740/tools/bin/../lib/gcc/arm-none-eabi/14.3.1/thumb/v7e-m+fp/hard/crtbegin.o
 .text          0x080001d0       0x10 C:/ST/STM32CubeIDE_2.1.1/STM32CubeIDE/plugins/com.st.stm32cube.ide.mcu.externaltools.gnu-tools-for-stm32.14.3.rel1.win32_1.0.100.202602081740/tools/bin/../lib/gcc/arm-none-eabi/14.3.1/../../../../arm-none-eabi/lib/thumb/v7e-m+fp/hard\libc_nano.a(libc_a-strlen.o)
                0x080001d0                strlen
 .text          0x080001e0       0xa0 C:/ST/STM32CubeIDE_2.1.1/STM32CubeIDE/plugins/com.st.stm32cube.ide.mcu.externaltools.gnu-tools-for-stm32.14.3.rel1.win32_1.0.100.202602081740/tools/bin/../lib/gcc/arm-none-eabi/14.3.1/../../../../arm-none-eabi/lib/thumb/v7e-m+fp/hard\libc_nano.a(libc_a-memchr.o)
                0x080001e0                memchr
 .text          0x08000280       0x30 C:/ST/STM32CubeIDE_2.1.1/STM32CubeIDE/plugins/com.st.stm32cube.ide.mcu.externaltools.gnu-tools-for-stm32.14.3.rel1.win32_1.0.100.202602081740/tools/bin/../lib/gcc/arm-none-eabi/14.3.1/thumb/v7e-m+fp/hard\libgcc.a(_aeabi_uldivmod.o)
                0x08000280                __aeabi_uldivmod
 .text          0x080002b0      0x2f8 C:/ST/STM32CubeIDE_2.1.1/STM32CubeIDE/plugins/com.st.stm32cube.ide.mcu.externaltools.gnu-tools-for-stm32.14.3.rel1.win32_1.0.100.202602081740/tools/bin/../lib/gcc/arm-none-eabi/14.3.1/thumb/v7e-m+fp/hard\libgcc.a(_udivmoddi4.o)
                0x080002b0                __udivmoddi4
 .text          0x080005a8        0x4 C:/ST/STM32CubeIDE_2.1.1/STM32CubeIDE/plugins/com.st.stm32cube.ide.mcu.externaltools.gnu-tools-for-stm32.14.3.rel1.win32_1.0.100.202602081740/tools/bin/../lib/gcc/arm-none-eabi/14.3.1/thumb/v7e-m+fp/hard\libgcc.a(_dvmd_tls.o)
                0x080005a8                __aeabi_idiv0
                0x080005a8                __aeabi_ldiv0
 *(.text*)
 .text.ADC_EnsureAnalogPins
                0x080005ac       0x58 ./Core/Src/adc.o
 .text.ADC_ReadHalChannel
                0x08000604       0xd0 ./Core/Src/adc.o
 .text.ADC_ReadChannelOnce
                0x080006d4       0x30 ./Core/Src/adc.o
 .text.ADC_ReadInternalRawAvg
                0x08000704       0x50 ./Core/Src/adc.o
 .text.ADC_ReadVddaMv
                0x08000754       0x6c ./Core/Src/adc.o
 .text.MX_ADC1_Init
                0x080007c0       0xa4 ./Core/Src/adc.o
                0x080007c0                MX_ADC1_Init
 .text.HAL_ADC_MspInit
                0x08000864       0x88 ./Core/Src/adc.o
                0x08000864                HAL_ADC_MspInit
 .text.ADC_LinearSensor_Init
                0x080008ec       0x60 ./Core/Src/adc.o
                0x080008ec                ADC_LinearSensor_Init
 .text.ADC_RawToVoltageMv
                0x0800094c       0x34 ./Core/Src/adc.o
                0x0800094c                ADC_RawToVoltageMv
 .text.ADC_RawToPositionMm
                0x08000980       0x3c ./Core/Src/adc.o
                0x08000980                ADC_RawToPositionMm
 .text.ADC_ReadAllLinearSensors
                0x080009bc       0x80 ./Core/Src/adc.o
                0x080009bc                ADC_ReadAllLinearSensors
 .text.ADC_RawToMcuTempC
                0x08000a3c       0x80 ./Core/Src/adc.o
 .text.ADC_ReadMcuTempC
                0x08000abc       0x64 ./Core/Src/adc.o
                0x08000abc                ADC_ReadMcuTempC
 .text.MX_CAN1_Init
                0x08000b20       0x6c ./Core/Src/can.o
                0x08000b20                MX_CAN1_Init
 .text.MX_CAN2_Init
                0x08000b8c       0x6c ./Core/Src/can.o
                0x08000b8c                MX_CAN2_Init
 .text.HAL_CAN_MspInit
                0x08000bf8      0x144 ./Core/Src/can.o
                0x08000bf8                HAL_CAN_MspInit
 .text.CAN_LWS_SyncDebugState
                0x08000d3c       0x28 ./Core/Src/can_lws.o
 .text.CAN_LWS_ParsePayload
                0x08000d64      0x12c ./Core/Src/can_lws.o
 .text.CAN_LWS_Init
                0x08000e90       0xa4 ./Core/Src/can_lws.o
                0x08000e90                CAN_LWS_Init
 .text.CAN_LWS_Process
                0x08000f34       0x58 ./Core/Src/can_lws.o
                0x08000f34                CAN_LWS_Process
 .text.CAN_LWS_GetState
                0x08000f8c       0x34 ./Core/Src/can_lws.o
                0x08000f8c                CAN_LWS_GetState
 .text.CAN_LWS_SendConfigCcw
                0x08000fc0       0x8c ./Core/Src/can_lws.o
                0x08000fc0                CAN_LWS_SendConfigCcw
 .text.MX_GPIO_Init
                0x0800104c       0xcc ./Core/Src/gpio.o
                0x0800104c                MX_GPIO_Init
 .text.MX_I2C1_Init
                0x08001118       0x5c ./Core/Src/i2c.o
                0x08001118                MX_I2C1_Init
 .text.HAL_I2C_MspInit
                0x08001174       0xb0 ./Core/Src/i2c.o
                0x08001174                HAL_I2C_MspInit
 .text.LIS3DSH_CS_Low
                0x08001224       0x18 ./Core/Src/lis3dsh.o
 .text.LIS3DSH_CS_High
                0x0800123c       0x18 ./Core/Src/lis3dsh.o
 .text.LIS3DSH_SPI_Recover
                0x08001254       0x24 ./Core/Src/lis3dsh.o
 .text.LIS3DSH_CS_Init
                0x08001278       0x60 ./Core/Src/lis3dsh.o
 .text.LIS3DSH_SPI_WriteRead
                0x080012d8       0x54 ./Core/Src/lis3dsh.o
 .text.LIS3DSH_WriteReg
                0x0800132c       0x30 ./Core/Src/lis3dsh.o
 .text.LIS3DSH_ReadReg
                0x0800135c       0x34 ./Core/Src/lis3dsh.o
 .text.LIS3DSH_Raw16FromBytes
                0x08001390       0x2c ./Core/Src/lis3dsh.o
 .text.LIS3DSH_Raw16ToG
                0x080013bc       0x40 ./Core/Src/lis3dsh.o
 .text.LIS3DSH_Reboot
                0x080013fc       0x30 ./Core/Src/lis3dsh.o
 .text.LIS3DSH_Init
                0x0800142c       0xa8 ./Core/Src/lis3dsh.o
                0x0800142c                LIS3DSH_Init
 .text.LIS3DSH_ReadAccel
                0x080014d4      0x194 ./Core/Src/lis3dsh.o
                0x080014d4                LIS3DSH_ReadAccel
 .text.main     0x08001668       0x5c ./Core/Src/main.o
                0x08001668                main
 .text.SystemClock_Config
                0x080016c4       0xd4 ./Core/Src/main.o
                0x080016c4                SystemClock_Config
 .text.Error_Handler
                0x08001798        0xc ./Core/Src/main.o
                0x08001798                Error_Handler
 .text.float_to_fixed
                0x080017a4       0x68 ./Core/Src/sensor_uart.o
 .text.append_mm
                0x0800180c       0xa8 ./Core/Src/sensor_uart.o
 .text.append_g
                0x080018b4       0xa8 ./Core/Src/sensor_uart.o
 .text.append_temp_c
                0x0800195c       0xa8 ./Core/Src/sensor_uart.o
 .text.SensorUart_FormatSample
                0x08001a04      0x294 ./Core/Src/sensor_uart.o
 .text.SensorUart_CaptureSample
                0x08001c98       0xd4 ./Core/Src/sensor_uart.o
 .text.SensorUart_SendSample
                0x08001d6c       0x58 ./Core/Src/sensor_uart.o
 .text.SensorUart_Flush
                0x08001dc4       0x48 ./Core/Src/sensor_uart.o
 .text.SensorUart_Init
                0x08001e0c       0x88 ./Core/Src/sensor_uart.o
                0x08001e0c                SensorUart_Init
 .text.SensorUart_SendHeartbeat
                0x08001e94       0x54 ./Core/Src/sensor_uart.o
 .text.SensorUart_Process
                0x08001ee8       0xa8 ./Core/Src/sensor_uart.o
                0x08001ee8                SensorUart_Process
 .text.MX_SPI1_Init
                0x08001f90       0x6c ./Core/Src/spi.o
                0x08001f90                MX_SPI1_Init
 .text.HAL_SPI_MspInit
                0x08001ffc       0x90 ./Core/Src/spi.o
                0x08001ffc                HAL_SPI_MspInit
 .text.HAL_MspInit
                0x0800208c       0x50 ./Core/Src/stm32f4xx_hal_msp.o
                0x0800208c                HAL_MspInit
 .text.NMI_Handler
                0x080020dc        0x8 ./Core/Src/stm32f4xx_it.o
                0x080020dc                NMI_Handler
 .text.HardFault_Handler
                0x080020e4        0x8 ./Core/Src/stm32f4xx_it.o
                0x080020e4                HardFault_Handler
 .text.MemManage_Handler
                0x080020ec        0x8 ./Core/Src/stm32f4xx_it.o
                0x080020ec                MemManage_Handler
 .text.BusFault_Handler
                0x080020f4        0x8 ./Core/Src/stm32f4xx_it.o
                0x080020f4                BusFault_Handler
 .text.UsageFault_Handler
                0x080020fc        0x8 ./Core/Src/stm32f4xx_it.o
                0x080020fc                UsageFault_Handler
 .text.SVC_Handler
                0x08002104        0xe ./Core/Src/stm32f4xx_it.o
                0x08002104                SVC_Handler
 .text.DebugMon_Handler
                0x08002112        0xe ./Core/Src/stm32f4xx_it.o
                0x08002112                DebugMon_Handler
 .text.PendSV_Handler
                0x08002120        0xe ./Core/Src/stm32f4xx_it.o
                0x08002120                PendSV_Handler
 .text.SysTick_Handler
                0x0800212e        0xc ./Core/Src/stm32f4xx_it.o
                0x0800212e                SysTick_Handler
 *fill*         0x0800213a        0x2 
 .text.I2C1_EV_IRQHandler
                0x0800213c       0x14 ./Core/Src/stm32f4xx_it.o
                0x0800213c                I2C1_EV_IRQHandler
 .text.I2C1_ER_IRQHandler
                0x08002150       0x14 ./Core/Src/stm32f4xx_it.o
                0x08002150                I2C1_ER_IRQHandler
 .text._sbrk    0x08002164       0x6c ./Core/Src/sysmem.o
                0x08002164                _sbrk
 .text.SystemInit
                0x080021d0       0x24 ./Core/Src/system_stm32f4xx.o
                0x080021d0                SystemInit
 .text.MX_UART4_Init
                0x080021f4       0x64 ./Core/Src/usart.o
                0x080021f4                MX_UART4_Init
 .text.MX_USART2_UART_Init
                0x08002258       0x54 ./Core/Src/usart.o
                0x08002258                MX_USART2_UART_Init
 .text.HAL_UART_MspInit
                0x080022ac       0xfc ./Core/Src/usart.o
                0x080022ac                HAL_UART_MspInit
 .text.UserButton_IsPressed
                0x080023a8       0x20 ./Core/Src/user_button.o
 .text.UserButton_NotifyCal
                0x080023c8       0x44 ./Core/Src/user_button.o
 .text.UserButton_StartCalibrate
                0x0800240c       0x40 ./Core/Src/user_button.o
 .text.UserButton_Init
                0x0800244c        0xe ./Core/Src/user_button.o
                0x0800244c                UserButton_Init
 *fill*         0x0800245a        0x2 
 .text.UserButton_Process
                0x0800245c       0xd8 ./Core/Src/user_button.o
                0x0800245c                UserButton_Process
 .text.Reset_Handler
                0x08002534       0x50 ./Core/Startup/startup_stm32f407vgtx.o
                0x08002534                Reset_Handler
 .text.Default_Handler
                0x08002584        0x2 ./Core/Startup/startup_stm32f407vgtx.o
                0x08002584                RTC_Alarm_IRQHandler
                0x08002584                HASH_RNG_IRQHandler
                0x08002584                EXTI2_IRQHandler
                0x08002584                TIM8_CC_IRQHandler
                0x08002584                TIM1_CC_IRQHandler
                0x08002584                DMA2_Stream5_IRQHandler
                0x08002584                DMA1_Stream5_IRQHandler
                0x08002584                PVD_IRQHandler
                0x08002584                SDIO_IRQHandler
                0x08002584                TAMP_STAMP_IRQHandler
                0x08002584                CAN2_RX1_IRQHandler
                0x08002584                EXTI3_IRQHandler
                0x08002584                TIM8_TRG_COM_TIM14_IRQHandler
                0x08002584                TIM1_UP_TIM10_IRQHandler
                0x08002584                TIM8_UP_TIM13_IRQHandler
                0x08002584                I2C3_ER_IRQHandler
                0x08002584                EXTI0_IRQHandler
                0x08002584                I2C2_EV_IRQHandler
                0x08002584                DMA1_Stream2_IRQHandler
                0x08002584                CAN1_RX0_IRQHandler
                0x08002584                FPU_IRQHandler
                0x08002584                OTG_HS_WKUP_IRQHandler
                0x08002584                CAN2_SCE_IRQHandler
                0x08002584                DMA2_Stream2_IRQHandler
                0x08002584                SPI1_IRQHandler
                0x08002584                TIM6_DAC_IRQHandler
                0x08002584                TIM1_BRK_TIM9_IRQHandler
                0x08002584                DCMI_IRQHandler
                0x08002584                CAN2_RX0_IRQHandler
                0x08002584                DMA2_Stream3_IRQHandler
                0x08002584                USART6_IRQHandler
                0x08002584                USART3_IRQHandler
                0x08002584                CAN1_RX1_IRQHandler
                0x08002584                UART5_IRQHandler
                0x08002584                DMA2_Stream0_IRQHandler
                0x08002584                TIM4_IRQHandler
                0x08002584                DMA1_Stream6_IRQHandler
                0x08002584                DMA1_Stream1_IRQHandler
                0x08002584                UART4_IRQHandler
                0x08002584                TIM3_IRQHandler
                0x08002584                RCC_IRQHandler
                0x08002584                TIM8_BRK_TIM12_IRQHandler
                0x08002584                Default_Handler
                0x08002584                EXTI15_10_IRQHandler
                0x08002584                ADC_IRQHandler
                0x08002584                DMA1_Stream7_IRQHandler
                0x08002584                TIM7_IRQHandler
                0x08002584                CAN2_TX_IRQHandler
                0x08002584                TIM5_IRQHandler
                0x08002584                DMA2_Stream7_IRQHandler
                0x08002584                I2C3_EV_IRQHandler
                0x08002584                EXTI9_5_IRQHandler
                0x08002584                RTC_WKUP_IRQHandler
                0x08002584                ETH_WKUP_IRQHandler
                0x08002584                SPI2_IRQHandler
                0x08002584                OTG_HS_EP1_IN_IRQHandler
                0x08002584                DMA1_Stream0_IRQHandler
                0x08002584                CAN1_TX_IRQHandler
                0x08002584                EXTI4_IRQHandler
                0x08002584                FSMC_IRQHandler
                0x08002584                ETH_IRQHandler
                0x08002584                OTG_HS_EP1_OUT_IRQHandler
                0x08002584                WWDG_IRQHandler
                0x08002584                TIM2_IRQHandler
                0x08002584                OTG_FS_WKUP_IRQHandler
                0x08002584                TIM1_TRG_COM_TIM11_IRQHandler
                0x08002584                OTG_HS_IRQHandler
                0x08002584                EXTI1_IRQHandler
                0x08002584                USART2_IRQHandler
                0x08002584                I2C2_ER_IRQHandler
                0x08002584                DMA2_Stream1_IRQHandler
                0x08002584                CAN1_SCE_IRQHandler
                0x08002584                FLASH_IRQHandler
                0x08002584                DMA2_Stream4_IRQHandler
                0x08002584                USART1_IRQHandler
                0x08002584                OTG_FS_IRQHandler
                0x08002584                SPI3_IRQHandler
                0x08002584                DMA1_Stream4_IRQHandler
                0x08002584                DMA2_Stream6_IRQHandler
                0x08002584                DMA1_Stream3_IRQHandler
 *fill*         0x08002586        0x2 
 .text.HAL_Init
                0x08002588       0x44 ./Drivers/STM32F4xx_HAL_Driver/Src/stm32f4xx_hal.o
                0x08002588                HAL_Init
 .text.HAL_InitTick
                0x080025cc       0x60 ./Drivers/STM32F4xx_HAL_Driver/Src/stm32f4xx_hal.o
                0x080025cc                HAL_InitTick
 .text.HAL_IncTick
                0x0800262c       0x28 ./Drivers/STM32F4xx_HAL_Driver/Src/stm32f4xx_hal.o
                0x0800262c                HAL_IncTick
 .text.HAL_GetTick
                0x08002654       0x18 ./Drivers/STM32F4xx_HAL_Driver/Src/stm32f4xx_hal.o
                0x08002654                HAL_GetTick
 .text.HAL_Delay
                0x0800266c       0x48 ./Drivers/STM32F4xx_HAL_Driver/Src/stm32f4xx_hal.o
                0x0800266c                HAL_Delay
 .text.HAL_ADC_Init
                0x080026b4       0x86 ./Drivers/STM32F4xx_HAL_Driver/Src/stm32f4xx_hal_adc.o
                0x080026b4                HAL_ADC_Init
 *fill*         0x0800273a        0x2 
 .text.HAL_ADC_Start
                0x0800273c      0x1a4 ./Drivers/STM32F4xx_HAL_Driver/Src/stm32f4xx_hal_adc.o
                0x0800273c                HAL_ADC_Start
 .text.HAL_ADC_Stop
                0x080028e0       0x66 ./Drivers/STM32F4xx_HAL_Driver/Src/stm32f4xx_hal_adc.o
                0x080028e0                HAL_ADC_Stop
 .text.HAL_ADC_PollForConversion
                0x08002946      0x116 ./Drivers/STM32F4xx_HAL_Driver/Src/stm32f4xx_hal_adc.o
                0x08002946                HAL_ADC_PollForConversion
 .text.HAL_ADC_GetValue
                0x08002a5c       0x1a ./Drivers/STM32F4xx_HAL_Driver/Src/stm32f4xx_hal_adc.o
                0x08002a5c                HAL_ADC_GetValue
 *fill*         0x08002a76        0x2 
 .text.HAL_ADC_ConfigChannel
                0x08002a78      0x244 ./Drivers/STM32F4xx_HAL_Driver/Src/stm32f4xx_hal_adc.o
                0x08002a78                HAL_ADC_ConfigChannel
 .text.ADC_Init
                0x08002cbc      0x1f8 ./Drivers/STM32F4xx_HAL_Driver/Src/stm32f4xx_hal_adc.o
 .text.HAL_CAN_Init
                0x08002eb4      0x1f6 ./Drivers/STM32F4xx_HAL_Driver/Src/stm32f4xx_hal_can.o
                0x08002eb4                HAL_CAN_Init
 *fill*         0x080030aa        0x2 
 .text.HAL_CAN_ConfigFilter
                0x080030ac      0x1bc ./Drivers/STM32F4xx_HAL_Driver/Src/stm32f4xx_hal_can.o
                0x080030ac                HAL_CAN_ConfigFilter
 .text.HAL_CAN_Start
                0x08003268       0x88 ./Drivers/STM32F4xx_HAL_Driver/Src/stm32f4xx_hal_can.o
                0x08003268                HAL_CAN_Start
 .text.HAL_CAN_AddTxMessage
                0x080032f0      0x1a0 ./Drivers/STM32F4xx_HAL_Driver/Src/stm32f4xx_hal_can.o
                0x080032f0                HAL_CAN_AddTxMessage
 .text.HAL_CAN_GetTxMailboxesFreeLevel
                0x08003490       0x6a ./Drivers/STM32F4xx_HAL_Driver/Src/stm32f4xx_hal_can.o
                0x08003490                HAL_CAN_GetTxMailboxesFreeLevel
 .text.HAL_CAN_GetRxMessage
                0x080034fa      0x244 ./Drivers/STM32F4xx_HAL_Driver/Src/stm32f4xx_hal_can.o
                0x080034fa                HAL_CAN_GetRxMessage
 .text.HAL_CAN_GetRxFifoFillLevel
                0x0800373e       0x50 ./Drivers/STM32F4xx_HAL_Driver/Src/stm32f4xx_hal_can.o
                0x0800373e                HAL_CAN_GetRxFifoFillLevel
 *fill*         0x0800378e        0x2 
 .text.__NVIC_SetPriorityGrouping
                0x08003790       0x48 ./Drivers/STM32F4xx_HAL_Driver/Src/stm32f4xx_hal_cortex.o
 .text.__NVIC_GetPriorityGrouping
                0x080037d8       0x1c ./Drivers/STM32F4xx_HAL_Driver/Src/stm32f4xx_hal_cortex.o
 .text.__NVIC_EnableIRQ
                0x080037f4       0x3c ./Drivers/STM32F4xx_HAL_Driver/Src/stm32f4xx_hal_cortex.o
 .text.__NVIC_SetPriority
                0x08003830       0x54 ./Drivers/STM32F4xx_HAL_Driver/Src/stm32f4xx_hal_cortex.o
 .text.NVIC_EncodePriority
                0x08003884       0x66 ./Drivers/STM32F4xx_HAL_Driver/Src/stm32f4xx_hal_cortex.o
 *fill*         0x080038ea        0x2 
 .text.SysTick_Config
                0x080038ec       0x44 ./Drivers/STM32F4xx_HAL_Driver/Src/stm32f4xx_hal_cortex.o
 .text.HAL_NVIC_SetPriorityGrouping
                0x08003930       0x16 ./Drivers/STM32F4xx_HAL_Driver/Src/stm32f4xx_hal_cortex.o
                0x08003930                HAL_NVIC_SetPriorityGrouping
 .text.HAL_NVIC_SetPriority
                0x08003946       0x38 ./Drivers/STM32F4xx_HAL_Driver/Src/stm32f4xx_hal_cortex.o
                0x08003946                HAL_NVIC_SetPriority
 .text.HAL_NVIC_EnableIRQ
                0x0800397e       0x1c ./Drivers/STM32F4xx_HAL_Driver/Src/stm32f4xx_hal_cortex.o
                0x0800397e                HAL_NVIC_EnableIRQ
 .text.HAL_SYSTICK_Config
                0x0800399a       0x18 ./Drivers/STM32F4xx_HAL_Driver/Src/stm32f4xx_hal_cortex.o
                0x0800399a                HAL_SYSTICK_Config
 .text.HAL_DMA_Abort
                0x080039b2       0xe0 ./Drivers/STM32F4xx_HAL_Driver/Src/stm32f4xx_hal_dma.o
                0x080039b2                HAL_DMA_Abort
 .text.HAL_DMA_Abort_IT
                0x08003a92       0x44 ./Drivers/STM32F4xx_HAL_Driver/Src/stm32f4xx_hal_dma.o
                0x08003a92                HAL_DMA_Abort_IT
 .text.HAL_DMA_GetState
                0x08003ad6       0x1c ./Drivers/STM32F4xx_HAL_Driver/Src/stm32f4xx_hal_dma.o
                0x08003ad6                HAL_DMA_GetState
 *fill*         0x08003af2        0x2 
 .text.HAL_GPIO_Init
                0x08003af4      0x338 ./Drivers/STM32F4xx_HAL_Driver/Src/stm32f4xx_hal_gpio.o
                0x08003af4                HAL_GPIO_Init
 .text.HAL_GPIO_ReadPin
                0x08003e2c       0x30 ./Drivers/STM32F4xx_HAL_Driver/Src/stm32f4xx_hal_gpio.o
                0x08003e2c                HAL_GPIO_ReadPin
 .text.HAL_GPIO_WritePin
                0x08003e5c       0x32 ./Drivers/STM32F4xx_HAL_Driver/Src/stm32f4xx_hal_gpio.o
                0x08003e5c                HAL_GPIO_WritePin
 *fill*         0x08003e8e        0x2 
 .text.HAL_I2C_Init
                0x08003e90      0x288 ./Drivers/STM32F4xx_HAL_Driver/Src/stm32f4xx_hal_i2c.o
                0x08003e90                HAL_I2C_Init
 .text.I2C_Flush_DR
                0x08004118       0x2a ./Drivers/STM32F4xx_HAL_Driver/Src/stm32f4xx_hal_i2c.o
 .text.HAL_I2C_EV_IRQHandler
                0x08004142      0x2e2 ./Drivers/STM32F4xx_HAL_Driver/Src/stm32f4xx_hal_i2c.o
                0x08004142                HAL_I2C_EV_IRQHandler
 .text.HAL_I2C_ER_IRQHandler
                0x08004424      0x14e ./Drivers/STM32F4xx_HAL_Driver/Src/stm32f4xx_hal_i2c.o
                0x08004424                HAL_I2C_ER_IRQHandler
 .text.HAL_I2C_MasterTxCpltCallback
                0x08004572       0x14 ./Drivers/STM32F4xx_HAL_Driver/Src/stm32f4xx_hal_i2c.o
                0x08004572                HAL_I2C_MasterTxCpltCallback
 .text.HAL_I2C_MasterRxCpltCallback
                0x08004586       0x14 ./Drivers/STM32F4xx_HAL_Driver/Src/stm32f4xx_hal_i2c.o
                0x08004586                HAL_I2C_MasterRxCpltCallback
 .text.HAL_I2C_SlaveTxCpltCallback
                0x0800459a       0x14 ./Drivers/STM32F4xx_HAL_Driver/Src/stm32f4xx_hal_i2c.o
                0x0800459a                HAL_I2C_SlaveTxCpltCallback
 .text.HAL_I2C_SlaveRxCpltCallback
                0x080045ae       0x14 ./Drivers/STM32F4xx_HAL_Driver/Src/stm32f4xx_hal_i2c.o
                0x080045ae                HAL_I2C_SlaveRxCpltCallback
 .text.HAL_I2C_AddrCallback
                0x080045c2       0x1c ./Drivers/STM32F4xx_HAL_Driver/Src/stm32f4xx_hal_i2c.o
                0x080045c2                HAL_I2C_AddrCallback
 .text.HAL_I2C_ListenCpltCallback
                0x080045de       0x14 ./Drivers/STM32F4xx_HAL_Driver/Src/stm32f4xx_hal_i2c.o
                0x080045de                HAL_I2C_ListenCpltCallback
 .text.HAL_I2C_MemTxCpltCallback
                0x080045f2       0x14 ./Drivers/STM32F4xx_HAL_Driver/Src/stm32f4xx_hal_i2c.o
                0x080045f2                HAL_I2C_MemTxCpltCallback
 .text.HAL_I2C_MemRxCpltCallback
                0x08004606       0x14 ./Drivers/STM32F4xx_HAL_Driver/Src/stm32f4xx_hal_i2c.o
                0x08004606                HAL_I2C_MemRxCpltCallback
 .text.HAL_I2C_ErrorCallback
                0x0800461a       0x14 ./Drivers/STM32F4xx_HAL_Driver/Src/stm32f4xx_hal_i2c.o
                0x0800461a                HAL_I2C_ErrorCallback
 .text.HAL_I2C_AbortCpltCallback
                0x0800462e       0x14 ./Drivers/STM32F4xx_HAL_Driver/Src/stm32f4xx_hal_i2c.o
                0x0800462e                HAL_I2C_AbortCpltCallback
 .text.I2C_MasterTransmit_TXE
                0x08004642      0x138 ./Drivers/STM32F4xx_HAL_Driver/Src/stm32f4xx_hal_i2c.o
 .text.I2C_MasterTransmit_BTF
                0x0800477a       0xec ./Drivers/STM32F4xx_HAL_Driver/Src/stm32f4xx_hal_i2c.o
 .text.I2C_MemoryTransmit_TXE_BTF
                0x08004866      0x130 ./Drivers/STM32F4xx_HAL_Driver/Src/stm32f4xx_hal_i2c.o
 .text.I2C_MasterReceive_RXNE
                0x08004996      0x190 ./Drivers/STM32F4xx_HAL_Driver/Src/stm32f4xx_hal_i2c.o
 .text.I2C_MasterReceive_BTF
                0x08004b26      0x1e2 ./Drivers/STM32F4xx_HAL_Driver/Src/stm32f4xx_hal_i2c.o
 .text.I2C_Master_SB
                0x08004d08      0x10c ./Drivers/STM32F4xx_HAL_Driver/Src/stm32f4xx_hal_i2c.o
 .text.I2C_Master_ADD10
                0x08004e14       0x54 ./Drivers/STM32F4xx_HAL_Driver/Src/stm32f4xx_hal_i2c.o
 .text.I2C_Master_ADDR
                0x08004e68      0x322 ./Drivers/STM32F4xx_HAL_Driver/Src/stm32f4xx_hal_i2c.o
 .text.I2C_SlaveTransmit_TXE
                0x0800518a       0x7a ./Drivers/STM32F4xx_HAL_Driver/Src/stm32f4xx_hal_i2c.o
 .text.I2C_SlaveTransmit_BTF
                0x08005204       0x42 ./Drivers/STM32F4xx_HAL_Driver/Src/stm32f4xx_hal_i2c.o
 .text.I2C_SlaveReceive_RXNE
                0x08005246       0x7c ./Drivers/STM32F4xx_HAL_Driver/Src/stm32f4xx_hal_i2c.o
 .text.I2C_SlaveReceive_BTF
                0x080052c2       0x44 ./Drivers/STM32F4xx_HAL_Driver/Src/stm32f4xx_hal_i2c.o
 .text.I2C_Slave_ADDR
                0x08005306       0x94 ./Drivers/STM32F4xx_HAL_Driver/Src/stm32f4xx_hal_i2c.o
 *fill*         0x0800539a        0x2 
 .text.I2C_Slave_STOPF
                0x0800539c      0x260 ./Drivers/STM32F4xx_HAL_Driver/Src/stm32f4xx_hal_i2c.o
 .text.I2C_Slave_AF
                0x080055fc       0xe8 ./Drivers/STM32F4xx_HAL_Driver/Src/stm32f4xx_hal_i2c.o
 .text.I2C_ITError
                0x080056e4      0x264 ./Drivers/STM32F4xx_HAL_Driver/Src/stm32f4xx_hal_i2c.o
 .text.I2C_DMAAbort
                0x08005948      0x150 ./Drivers/STM32F4xx_HAL_Driver/Src/stm32f4xx_hal_i2c.o
 .text.I2C_WaitOnSTOPRequestThroughIT
                0x08005a98       0x64 ./Drivers/STM32F4xx_HAL_Driver/Src/stm32f4xx_hal_i2c.o
 .text.I2C_ConvertOtherXferOptions
                0x08005afc       0x36 ./Drivers/STM32F4xx_HAL_Driver/Src/stm32f4xx_hal_i2c.o
 *fill*         0x08005b32        0x2 
 .text.HAL_RCC_OscConfig
                0x08005b34      0x4f0 ./Drivers/STM32F4xx_HAL_Driver/Src/stm32f4xx_hal_rcc.o
                0x08005b34                HAL_RCC_OscConfig
 .text.HAL_RCC_ClockConfig
                0x08006024      0x1cc ./Drivers/STM32F4xx_HAL_Driver/Src/stm32f4xx_hal_rcc.o
                0x08006024                HAL_RCC_ClockConfig
 .text.HAL_RCC_GetSysClockFreq
                0x080061f0      0x20c ./Drivers/STM32F4xx_HAL_Driver/Src/stm32f4xx_hal_rcc.o
                0x080061f0                HAL_RCC_GetSysClockFreq
 .text.HAL_RCC_GetHCLKFreq
                0x080063fc       0x18 ./Drivers/STM32F4xx_HAL_Driver/Src/stm32f4xx_hal_rcc.o
                0x080063fc                HAL_RCC_GetHCLKFreq
 .text.HAL_RCC_GetPCLK1Freq
                0x08006414       0x28 ./Drivers/STM32F4xx_HAL_Driver/Src/stm32f4xx_hal_rcc.o
                0x08006414                HAL_RCC_GetPCLK1Freq
 .text.HAL_RCC_GetPCLK2Freq
                0x0800643c       0x28 ./Drivers/STM32F4xx_HAL_Driver/Src/stm32f4xx_hal_rcc.o
                0x0800643c                HAL_RCC_GetPCLK2Freq
 .text.HAL_SPI_Init
                0x08006464      0x112 ./Drivers/STM32F4xx_HAL_Driver/Src/stm32f4xx_hal_spi.o
                0x08006464                HAL_SPI_Init
 .text.HAL_SPI_TransmitReceive
                0x08006576      0x352 ./Drivers/STM32F4xx_HAL_Driver/Src/stm32f4xx_hal_spi.o
                0x08006576                HAL_SPI_TransmitReceive
 .text.HAL_SPI_Abort
                0x080068c8      0x1d8 ./Drivers/STM32F4xx_HAL_Driver/Src/stm32f4xx_hal_spi.o
                0x080068c8                HAL_SPI_Abort
 .text.SPI_WaitFlagStateUntilTimeout
                0x08006aa0      0x110 ./Drivers/STM32F4xx_HAL_Driver/Src/stm32f4xx_hal_spi.o
 .text.SPI_EndRxTxTransaction
                0x08006bb0       0xa8 ./Drivers/STM32F4xx_HAL_Driver/Src/stm32f4xx_hal_spi.o
 .text.SPI_AbortRx_ISR
                0x08006c58       0x90 ./Drivers/STM32F4xx_HAL_Driver/Src/stm32f4xx_hal_spi.o
 .text.SPI_AbortTx_ISR
                0x08006ce8       0x3c ./Drivers/STM32F4xx_HAL_Driver/Src/stm32f4xx_hal_spi.o
 .text.HAL_UART_Init
                0x08006d24       0xa0 ./Drivers/STM32F4xx_HAL_Driver/Src/stm32f4xx_hal_uart.o
                0x08006d24                HAL_UART_Init
 .text.HAL_UART_Transmit
                0x08006dc4      0x116 ./Drivers/STM32F4xx_HAL_Driver/Src/stm32f4xx_hal_uart.o
                0x08006dc4                HAL_UART_Transmit
 .text.UART_WaitOnFlagUntilTimeout
                0x08006eda       0xb2 ./Drivers/STM32F4xx_HAL_Driver/Src/stm32f4xx_hal_uart.o
 .text.UART_EndRxTransfer
                0x08006f8c       0xc6 ./Drivers/STM32F4xx_HAL_Driver/Src/stm32f4xx_hal_uart.o
 *fill*         0x08007052        0x2 
 .text.UART_SetConfig
                0x08007054      0x4e8 ./Drivers/STM32F4xx_HAL_Driver/Src/stm32f4xx_hal_uart.o
 .text.snprintf
                0x0800753c       0x6c C:/ST/STM32CubeIDE_2.1.1/STM32CubeIDE/plugins/com.st.stm32cube.ide.mcu.externaltools.gnu-tools-for-stm32.14.3.rel1.win32_1.0.100.202602081740/tools/bin/../lib/gcc/arm-none-eabi/14.3.1/../../../../arm-none-eabi/lib/thumb/v7e-m+fp/hard\libc_nano.a(libc_a-snprintf.o)
                0x0800753c                sniprintf
                0x0800753c                snprintf
 .text.memset   0x080075a8       0x10 C:/ST/STM32CubeIDE_2.1.1/STM32CubeIDE/plugins/com.st.stm32cube.ide.mcu.externaltools.gnu-tools-for-stm32.14.3.rel1.win32_1.0.100.202602081740/tools/bin/../lib/gcc/arm-none-eabi/14.3.1/../../../../arm-none-eabi/lib/thumb/v7e-m+fp/hard\libc_nano.a(libc_a-memset.o)
                0x080075a8                memset
 .text.__errno  0x080075b8        0xc C:/ST/STM32CubeIDE_2.1.1/STM32CubeIDE/plugins/com.st.stm32cube.ide.mcu.externaltools.gnu-tools-for-stm32.14.3.rel1.win32_1.0.100.202602081740/tools/bin/../lib/gcc/arm-none-eabi/14.3.1/../../../../arm-none-eabi/lib/thumb/v7e-m+fp/hard\libc_nano.a(libc_a-errno.o)
                0x080075b8                __errno
 .text.__libc_init_array
                0x080075c4       0x48 C:/ST/STM32CubeIDE_2.1.1/STM32CubeIDE/plugins/com.st.stm32cube.ide.mcu.externaltools.gnu-tools-for-stm32.14.3.rel1.win32_1.0.100.202602081740/tools/bin/../lib/gcc/arm-none-eabi/14.3.1/../../../../arm-none-eabi/lib/thumb/v7e-m+fp/hard\libc_nano.a(libc_a-init.o)
                0x080075c4                __libc_init_array
 .text.__retarget_lock_acquire_recursive
                0x0800760c        0x2 C:/ST/STM32CubeIDE_2.1.1/STM32CubeIDE/plugins/com.st.stm32cube.ide.mcu.externaltools.gnu-tools-for-stm32.14.3.rel1.win32_1.0.100.202602081740/tools/bin/../lib/gcc/arm-none-eabi/14.3.1/../../../../arm-none-eabi/lib/thumb/v7e-m+fp/hard\libc_nano.a(libc_a-lock.o)
                0x0800760c                __retarget_lock_acquire_recursive
 .text.__retarget_lock_release_recursive
                0x0800760e        0x2 C:/ST/STM32CubeIDE_2.1.1/STM32CubeIDE/plugins/com.st.stm32cube.ide.mcu.externaltools.gnu-tools-for-stm32.14.3.rel1.win32_1.0.100.202602081740/tools/bin/../lib/gcc/arm-none-eabi/14.3.1/../../../../arm-none-eabi/lib/thumb/v7e-m+fp/hard\libc_nano.a(libc_a-lock.o)
                0x0800760e                __retarget_lock_release_recursive
 .text._free_r  0x08007610       0x94 C:/ST/STM32CubeIDE_2.1.1/STM32CubeIDE/plugins/com.st.stm32cube.ide.mcu.externaltools.gnu-tools-for-stm32.14.3.rel1.win32_1.0.100.202602081740/tools/bin/../lib/gcc/arm-none-eabi/14.3.1/../../../../arm-none-eabi/lib/thumb/v7e-m+fp/hard\libc_nano.a(libc_a-freer.o)
                0x08007610                _free_r
 .text.sbrk_aligned
                0x080076a4       0x44 C:/ST/STM32CubeIDE_2.1.1/STM32CubeIDE/plugins/com.st.stm32cube.ide.mcu.externaltools.gnu-tools-for-stm32.14.3.rel1.win32_1.0.100.202602081740/tools/bin/../lib/gcc/arm-none-eabi/14.3.1/../../../../arm-none-eabi/lib/thumb/v7e-m+fp/hard\libc_nano.a(libc_a-mallocr.o)
 .text._malloc_r
                0x080076e8      0x100 C:/ST/STM32CubeIDE_2.1.1/STM32CubeIDE/plugins/com.st.stm32cube.ide.mcu.externaltools.gnu-tools-for-stm32.14.3.rel1.win32_1.0.100.202602081740/tools/bin/../lib/gcc/arm-none-eabi/14.3.1/../../../../arm-none-eabi/lib/thumb/v7e-m+fp/hard\libc_nano.a(libc_a-mallocr.o)
                0x080076e8                _malloc_r
 .text.__malloc_lock
                0x080077e8        0xc C:/ST/STM32CubeIDE_2.1.1/STM32CubeIDE/plugins/com.st.stm32cube.ide.mcu.externaltools.gnu-tools-for-stm32.14.3.rel1.win32_1.0.100.202602081740/tools/bin/../lib/gcc/arm-none-eabi/14.3.1/../../../../arm-none-eabi/lib/thumb/v7e-m+fp/hard\libc_nano.a(libc_a-mlock.o)
                0x080077e8                __malloc_lock
 .text.__malloc_unlock
                0x080077f4        0xc C:/ST/STM32CubeIDE_2.1.1/STM32CubeIDE/plugins/com.st.stm32cube.ide.mcu.externaltools.gnu-tools-for-stm32.14.3.rel1.win32_1.0.100.202602081740/tools/bin/../lib/gcc/arm-none-eabi/14.3.1/../../../../arm-none-eabi/lib/thumb/v7e-m+fp/hard\libc_nano.a(libc_a-mlock.o)
                0x080077f4                __malloc_unlock
 .text.__ssputs_r
                0x08007800       0xc0 C:/ST/STM32CubeIDE_2.1.1/STM32CubeIDE/plugins/com.st.stm32cube.ide.mcu.externaltools.gnu-tools-for-stm32.14.3.rel1.win32_1.0.100.202602081740/tools/bin/../lib/gcc/arm-none-eabi/14.3.1/../../../../arm-none-eabi/lib/thumb/v7e-m+fp/hard\libc_nano.a(libc_a-nano-svfprintf.o)
                0x08007800                __ssputs_r
 .text._svfprintf_r
                0x080078c0      0x1f0 C:/ST/STM32CubeIDE_2.1.1/STM32CubeIDE/plugins/com.st.stm32cube.ide.mcu.externaltools.gnu-tools-for-stm32.14.3.rel1.win32_1.0.100.202602081740/tools/bin/../lib/gcc/arm-none-eabi/14.3.1/../../../../arm-none-eabi/lib/thumb/v7e-m+fp/hard\libc_nano.a(libc_a-nano-svfprintf.o)
                0x080078c0                _svfiprintf_r
                0x080078c0                _svfprintf_r
 .text._printf_common
                0x08007ab0       0xda C:/ST/STM32CubeIDE_2.1.1/STM32CubeIDE/plugins/com.st.stm32cube.ide.mcu.externaltools.gnu-tools-for-stm32.14.3.rel1.win32_1.0.100.202602081740/tools/bin/../lib/gcc/arm-none-eabi/14.3.1/../../../../arm-none-eabi/lib/thumb/v7e-m+fp/hard\libc_nano.a(libc_a-nano-vfprintf_i.o)
                0x08007ab0                _printf_common
 *fill*         0x08007b8a        0x2 
 .text._printf_i
                0x08007b8c      0x24c C:/ST/STM32CubeIDE_2.1.1/STM32CubeIDE/plugins/com.st.stm32cube.ide.mcu.externaltools.gnu-tools-for-stm32.14.3.rel1.win32_1.0.100.202602081740/tools/bin/../lib/gcc/arm-none-eabi/14.3.1/../../../../arm-none-eabi/lib/thumb/v7e-m+fp/hard\libc_nano.a(libc_a-nano-vfprintf_i.o)
                0x08007b8c                _printf_i
 .text.memmove  0x08007dd8       0x32 C:/ST/STM32CubeIDE_2.1.1/STM32CubeIDE/plugins/com.st.stm32cube.ide.mcu.externaltools.gnu-tools-for-stm32.14.3.rel1.win32_1.0.100.202602081740/tools/bin/../lib/gcc/arm-none-eabi/14.3.1/../../../../arm-none-eabi/lib/thumb/v7e-m+fp/hard\libc_nano.a(libc_a-memmove.o)
                0x08007dd8                memmove
 *fill*         0x08007e0a        0x2 
 .text._sbrk_r  0x08007e0c       0x20 C:/ST/STM32CubeIDE_2.1.1/STM32CubeIDE/plugins/com.st.stm32cube.ide.mcu.externaltools.gnu-tools-for-stm32.14.3.rel1.win32_1.0.100.202602081740/tools/bin/../lib/gcc/arm-none-eabi/14.3.1/../../../../arm-none-eabi/lib/thumb/v7e-m+fp/hard\libc_nano.a(libc_a-sbrkr.o)
                0x08007e0c                _sbrk_r
 .text.memcpy   0x08007e2c       0x1c C:/ST/STM32CubeIDE_2.1.1/STM32CubeIDE/plugins/com.st.stm32cube.ide.mcu.externaltools.gnu-tools-for-stm32.14.3.rel1.win32_1.0.100.202602081740/tools/bin/../lib/gcc/arm-none-eabi/14.3.1/../../../../arm-none-eabi/lib/thumb/v7e-m+fp/hard\libc_nano.a(libc_a-memcpy-stub.o)
                0x08007e2c                memcpy
 .text._realloc_r
                0x08007e48       0x5c C:/ST/STM32CubeIDE_2.1.1/STM32CubeIDE/plugins/com.st.stm32cube.ide.mcu.externaltools.gnu-tools-for-stm32.14.3.rel1.win32_1.0.100.202602081740/tools/bin/../lib/gcc/arm-none-eabi/14.3.1/../../../../arm-none-eabi/lib/thumb/v7e-m+fp/hard\libc_nano.a(libc_a-reallocr.o)
                0x08007e48                _realloc_r
 .text._malloc_usable_size_r
                0x08007ea4       0x10 C:/ST/STM32CubeIDE_2.1.1/STM32CubeIDE/plugins/com.st.stm32cube.ide.mcu.externaltools.gnu-tools-for-stm32.14.3.rel1.win32_1.0.100.202602081740/tools/bin/../lib/gcc/arm-none-eabi/14.3.1/../../../../arm-none-eabi/lib/thumb/v7e-m+fp/hard\libc_nano.a(libc_a-msizer.o)
                0x08007ea4                _malloc_usable_size_r
 *(.glue_7)
 .glue_7        0x08007eb4        0x0 linker stubs
 *(.glue_7t)
 .glue_7t       0x08007eb4        0x0 linker stubs
 *(.eh_frame)
 .eh_frame      0x08007eb4        0x0 C:/ST/STM32CubeIDE_2.1.1/STM32CubeIDE/plugins/com.st.stm32cube.ide.mcu.externaltools.gnu-tools-for-stm32.14.3.rel1.win32_1.0.100.202602081740/tools/bin/../lib/gcc/arm-none-eabi/14.3.1/thumb/v7e-m+fp/hard/crtbegin.o
 *(.init)
 .init          0x08007eb4        0x4 C:/ST/STM32CubeIDE_2.1.1/STM32CubeIDE/plugins/com.st.stm32cube.ide.mcu.externaltools.gnu-tools-for-stm32.14.3.rel1.win32_1.0.100.202602081740/tools/bin/../lib/gcc/arm-none-eabi/14.3.1/thumb/v7e-m+fp/hard/crti.o
                0x08007eb4                _init
 .init          0x08007eb8        0x8 C:/ST/STM32CubeIDE_2.1.1/STM32CubeIDE/plugins/com.st.stm32cube.ide.mcu.externaltools.gnu-tools-for-stm32.14.3.rel1.win32_1.0.100.202602081740/tools/bin/../lib/gcc/arm-none-eabi/14.3.1/thumb/v7e-m+fp/hard/crtn.o
 *(.fini)
 .fini          0x08007ec0        0x4 C:/ST/STM32CubeIDE_2.1.1/STM32CubeIDE/plugins/com.st.stm32cube.ide.mcu.externaltools.gnu-tools-for-stm32.14.3.rel1.win32_1.0.100.202602081740/tools/bin/../lib/gcc/arm-none-eabi/14.3.1/thumb/v7e-m+fp/hard/crti.o
                0x08007ec0                _fini
 .fini          0x08007ec4        0x8 C:/ST/STM32CubeIDE_2.1.1/STM32CubeIDE/plugins/com.st.stm32cube.ide.mcu.externaltools.gnu-tools-for-stm32.14.3.rel1.win32_1.0.100.202602081740/tools/bin/../lib/gcc/arm-none-eabi/14.3.1/thumb/v7e-m+fp/hard/crtn.o
                0x08007ecc                        . = ALIGN (0x4)
                0x08007ecc                        _etext = .

.vfp11_veneer   0x08007ecc        0x0
 .vfp11_veneer  0x08007ecc        0x0 linker stubs

.v4_bx          0x08007ecc        0x0
 .v4_bx         0x08007ecc        0x0 linker stubs

.iplt           0x08007ecc        0x0
 .iplt          0x08007ecc        0x0 C:/ST/STM32CubeIDE_2.1.1/STM32CubeIDE/plugins/com.st.stm32cube.ide.mcu.externaltools.gnu-tools-for-stm32.14.3.rel1.win32_1.0.100.202602081740/tools/bin/../lib/gcc/arm-none-eabi/14.3.1/thumb/v7e-m+fp/hard/crtbegin.o

.rodata         0x08007ecc       0xd4
                0x08007ecc                        . = ALIGN (0x4)
 *(.rodata)
 .rodata        0x08007ecc       0x3f ./Core/Src/sensor_uart.o
 *(.rodata*)
 *fill*         0x08007f0b        0x1 
 .rodata.adc_linear_hal_channels
                0x08007f0c       0x10 ./Core/Src/adc.o
 .rodata.ready_msg.0
                0x08007f1c        0xb ./Core/Src/sensor_uart.o
 *fill*         0x08007f27        0x1 
 .rodata.AHBPrescTable
                0x08007f28       0x10 ./Core/Src/system_stm32f4xx.o
                0x08007f28                AHBPrescTable
 .rodata.APBPrescTable
                0x08007f38        0x8 ./Core/Src/system_stm32f4xx.o
                0x08007f38                APBPrescTable
 .rodata.uart4_boot_msg.0
                0x08007f40        0xe ./Core/Src/usart.o
 *fill*         0x08007f4e        0x2 
 .rodata.ok_msg.1
                0x08007f50        0xc ./Core/Src/user_button.o
 .rodata.fail_msg.0
                0x08007f5c        0xe ./Core/Src/user_button.o
 .rodata._svfprintf_r.str1.1
                0x08007f6a       0x33 C:/ST/STM32CubeIDE_2.1.1/STM32CubeIDE/plugins/com.st.stm32cube.ide.mcu.externaltools.gnu-tools-for-stm32.14.3.rel1.win32_1.0.100.202602081740/tools/bin/../lib/gcc/arm-none-eabi/14.3.1/../../../../arm-none-eabi/lib/thumb/v7e-m+fp/hard\libc_nano.a(libc_a-nano-svfprintf.o)
                                 0x11 (size before relaxing)
 .rodata._printf_i.str1.1
                0x08007f9d       0x22 C:/ST/STM32CubeIDE_2.1.1/STM32CubeIDE/plugins/com.st.stm32cube.ide.mcu.externaltools.gnu-tools-for-stm32.14.3.rel1.win32_1.0.100.202602081740/tools/bin/../lib/gcc/arm-none-eabi/14.3.1/../../../../arm-none-eabi/lib/thumb/v7e-m+fp/hard\libc_nano.a(libc_a-nano-vfprintf_i.o)
                0x08007fc0                        . = ALIGN (0x4)
 *fill*         0x08007f9d        0x3 

.ARM.extab      0x08007fa0        0x0
                0x08007fa0                        . = ALIGN (0x4)
 *(.ARM.extab* .gnu.linkonce.armextab.*)
                0x08007fa0                        . = ALIGN (0x4)

.ARM            0x08007fa0        0x8
                0x08007fa0                        . = ALIGN (0x4)
                0x08007fa0                        __exidx_start = .
 *(.ARM.exidx*)
 .ARM.exidx     0x08007fa0        0x8 C:/ST/STM32CubeIDE_2.1.1/STM32CubeIDE/plugins/com.st.stm32cube.ide.mcu.externaltools.gnu-tools-for-stm32.14.3.rel1.win32_1.0.100.202602081740/tools/bin/../lib/gcc/arm-none-eabi/14.3.1/../../../../arm-none-eabi/lib/thumb/v7e-m+fp/hard\libc_nano.a(libc_a-strlen.o)
 .ARM.exidx     0x08007fa8        0x0 C:/ST/STM32CubeIDE_2.1.1/STM32CubeIDE/plugins/com.st.stm32cube.ide.mcu.externaltools.gnu-tools-for-stm32.14.3.rel1.win32_1.0.100.202602081740/tools/bin/../lib/gcc/arm-none-eabi/14.3.1/../../../../arm-none-eabi/lib/thumb/v7e-m+fp/hard\libc_nano.a(libc_a-memchr.o)
                                  0x8 (size before relaxing)
 .ARM.exidx     0x08007fa8        0x0 C:/ST/STM32CubeIDE_2.1.1/STM32CubeIDE/plugins/com.st.stm32cube.ide.mcu.externaltools.gnu-tools-for-stm32.14.3.rel1.win32_1.0.100.202602081740/tools/bin/../lib/gcc/arm-none-eabi/14.3.1/thumb/v7e-m+fp/hard\libgcc.a(_udivmoddi4.o)
                                  0x8 (size before relaxing)
                0x08007fa8                        __exidx_end = .
                0x08007fa8                        . = ALIGN (0x4)

.preinit_array  0x08007fa8        0x0
                0x08007fa8                        . = ALIGN (0x4)
                0x08007fa8                        PROVIDE (__preinit_array_start = .)
 *(.preinit_array*)
                0x08007fa8                        PROVIDE (__preinit_array_end = .)
                0x08007fa8                        . = ALIGN (0x4)

.init_array     0x08007fa8        0x4
                0x08007fa8                        . = ALIGN (0x4)
                0x08007fa8                        PROVIDE (__init_array_start = .)
 *(SORT_BY_NAME(.init_array.*))
 *(.init_array*)
 .init_array    0x08007fa8        0x4 C:/ST/STM32CubeIDE_2.1.1/STM32CubeIDE/plugins/com.st.stm32cube.ide.mcu.externaltools.gnu-tools-for-stm32.14.3.rel1.win32_1.0.100.202602081740/tools/bin/../lib/gcc/arm-none-eabi/14.3.1/thumb/v7e-m+fp/hard/crtbegin.o
                0x08007fac                        PROVIDE (__init_array_end = .)
                0x08007fac                        . = ALIGN (0x4)

.fini_array     0x08007fac        0x4
                0x08007fac                        . = ALIGN (0x4)
                [!provide]                        PROVIDE (__fini_array_start = .)
 *(SORT_BY_NAME(.fini_array.*))
 *(.fini_array*)
 .fini_array    0x08007fac        0x4 C:/ST/STM32CubeIDE_2.1.1/STM32CubeIDE/plugins/com.st.stm32cube.ide.mcu.externaltools.gnu-tools-for-stm32.14.3.rel1.win32_1.0.100.202602081740/tools/bin/../lib/gcc/arm-none-eabi/14.3.1/thumb/v7e-m+fp/hard/crtbegin.o
                [!provide]                        PROVIDE (__fini_array_end = .)
                0x08007fb0                        . = ALIGN (0x4)
                0x08007fb0                        _sidata = LOADADDR (.data)

.rel.dyn        0x08007fb0        0x0
 .rel.iplt      0x08007fb0        0x0 C:/ST/STM32CubeIDE_2.1.1/STM32CubeIDE/plugins/com.st.stm32cube.ide.mcu.externaltools.gnu-tools-for-stm32.14.3.rel1.win32_1.0.100.202602081740/tools/bin/../lib/gcc/arm-none-eabi/14.3.1/thumb/v7e-m+fp/hard/crtbegin.o

.data           0x20000000       0x64 load address 0x08007fb0
                0x20000000                        . = ALIGN (0x4)
                0x20000000                        _sdata = .
 *(.data)
 *(.data*)
 .data.adc_vdda_mv
                0x20000000        0x2 ./Core/Src/adc.o
                0x20000000                adc_vdda_mv
 *fill*         0x20000002        0x2 
 .data.SystemCoreClock
                0x20000004        0x4 ./Core/Src/system_stm32f4xx.o
                0x20000004                SystemCoreClock
 .data.stable_released
                0x20000008        0x1 ./Core/Src/user_button.o
 *fill*         0x20000009        0x3 
 .data.uwTickPrio
                0x2000000c        0x4 ./Drivers/STM32F4xx_HAL_Driver/Src/stm32f4xx_hal.o
                0x2000000c                uwTickPrio
 .data.uwTickFreq
                0x20000010        0x1 ./Drivers/STM32F4xx_HAL_Driver/Src/stm32f4xx_hal.o
                0x20000010                uwTickFreq
 *fill*         0x20000011        0x3 
 .data._impure_ptr
                0x20000014        0x4 C:/ST/STM32CubeIDE_2.1.1/STM32CubeIDE/plugins/com.st.stm32cube.ide.mcu.externaltools.gnu-tools-for-stm32.14.3.rel1.win32_1.0.100.202602081740/tools/bin/../lib/gcc/arm-none-eabi/14.3.1/../../../../arm-none-eabi/lib/thumb/v7e-m+fp/hard\libc_nano.a(libc_a-impure.o)
                0x20000014                _impure_ptr
 .data._impure_data
                0x20000018       0x4c C:/ST/STM32CubeIDE_2.1.1/STM32CubeIDE/plugins/com.st.stm32cube.ide.mcu.externaltools.gnu-tools-for-stm32.14.3.rel1.win32_1.0.100.202602081740/tools/bin/../lib/gcc/arm-none-eabi/14.3.1/../../../../arm-none-eabi/lib/thumb/v7e-m+fp/hard\libc_nano.a(libc_a-impure.o)
                0x20000018                _impure_data
 *(.RamFunc)
 *(.RamFunc*)
                0x20000064                        . = ALIGN (0x4)
                0x20000064                        _edata = .
                0x08008014                        _siccmram = LOADADDR (.ccmram)

.igot.plt       0x20000064        0x0 load address 0x08008014
 .igot.plt      0x20000064        0x0 C:/ST/STM32CubeIDE_2.1.1/STM32CubeIDE/plugins/com.st.stm32cube.ide.mcu.externaltools.gnu-tools-for-stm32.14.3.rel1.win32_1.0.100.202602081740/tools/bin/../lib/gcc/arm-none-eabi/14.3.1/thumb/v7e-m+fp/hard/crtbegin.o

.ccmram         0x10000000        0x0 load address 0x08008014
                0x10000000                        . = ALIGN (0x4)
                0x10000000                        _sccmram = .
 *(.ccmram)
 *(.ccmram*)
                0x10000000                        . = ALIGN (0x4)
                0x10000000                        _eccmram = .
                0x10000000                        . = ALIGN (0x4)

.bss            0x20000064      0x5e0
                0x20000064                        _sbss = .
                0x20000064                        __bss_start__ = _sbss
 *(.bss)
 .bss           0x20000064       0x1c C:/ST/STM32CubeIDE_2.1.1/STM32CubeIDE/plugins/com.st.stm32cube.ide.mcu.externaltools.gnu-tools-for-stm32.14.3.rel1.win32_1.0.100.202602081740/tools/bin/../lib/gcc/arm-none-eabi/14.3.1/thumb/v7e-m+fp/hard/crtbegin.o
 *(.bss*)
 .bss.adc_linear_readings
                0x20000080       0x20 ./Core/Src/adc.o
                0x20000080                adc_linear_readings
 .bss.adc_ecu_temp_c
                0x200000a0        0x4 ./Core/Src/adc.o
                0x200000a0                adc_ecu_temp_c
 .bss.adc_mcu_temp_raw
                0x200000a4        0x2 ./Core/Src/adc.o
                0x200000a4                adc_mcu_temp_raw
 *fill*         0x200000a6        0x2 
 .bss.adc_read_fail_count
                0x200000a8        0x4 ./Core/Src/adc.o
                0x200000a8                adc_read_fail_count
 .bss.adc_debug_raw
                0x200000ac        0x8 ./Core/Src/adc.o
                0x200000ac                adc_debug_raw
 .bss.hadc1     0x200000b4       0x48 ./Core/Src/adc.o
                0x200000b4                hadc1
 .bss.hcan1     0x200000fc       0x28 ./Core/Src/can.o
                0x200000fc                hcan1
 .bss.hcan2     0x20000124       0x28 ./Core/Src/can.o
                0x20000124                hcan2
 .bss.HAL_RCC_CAN1_CLK_ENABLED
                0x2000014c        0x4 ./Core/Src/can.o
 .bss.lws_state
                0x20000150       0x18 ./Core/Src/can_lws.o
 .bss.g_lws_state
                0x20000168       0x18 ./Core/Src/can_lws.o
                0x20000168                g_lws_state
 .bss.lws_cal_tx_count
                0x20000180        0x4 ./Core/Src/can_lws.o
                0x20000180                lws_cal_tx_count
 .bss.lws_last_cal_ccw
                0x20000184        0x1 ./Core/Src/can_lws.o
                0x20000184                lws_last_cal_ccw
 *fill*         0x20000185        0x3 
 .bss.hi2c1     0x20000188       0x54 ./Core/Src/i2c.o
                0x20000188                hi2c1
 .bss.lis3dsh_reading
                0x200001dc       0x14 ./Core/Src/lis3dsh.o
                0x200001dc                lis3dsh_reading
 .bss.lis3dsh_who_am_i
                0x200001f0        0x1 ./Core/Src/lis3dsh.o
                0x200001f0                lis3dsh_who_am_i
 .bss.lis3dsh_ready
                0x200001f1        0x1 ./Core/Src/lis3dsh.o
                0x200001f1                lis3dsh_ready
 *fill*         0x200001f2        0x2 
 .bss.lis3dsh_debug_bytes
                0x200001f4        0x6 ./Core/Src/lis3dsh.o
                0x200001f4                lis3dsh_debug_bytes
 *fill*         0x200001fa        0x2 
 .bss.lis3dsh_read_count
                0x200001fc        0x4 ./Core/Src/lis3dsh.o
                0x200001fc                lis3dsh_read_count
 .bss.lis3dsh_spi_fail_count
                0x20000200        0x4 ./Core/Src/lis3dsh.o
                0x20000200                lis3dsh_spi_fail_count
 .bss.lis3dsh_raw_checksum
                0x20000204        0x4 ./Core/Src/lis3dsh.o
                0x20000204                lis3dsh_raw_checksum
 .bss.lis3dsh_new_sample_count
                0x20000208        0x4 ./Core/Src/lis3dsh.o
                0x20000208                lis3dsh_new_sample_count
 .bss.lis3dsh_status_live
                0x2000020c        0x1 ./Core/Src/lis3dsh.o
                0x2000020c                lis3dsh_status_live
 *fill*         0x2000020d        0x1 
 .bss.lis3dsh_x_raw_live
                0x2000020e        0x2 ./Core/Src/lis3dsh.o
                0x2000020e                lis3dsh_x_raw_live
 .bss.lis3dsh_y_raw_live
                0x20000210        0x2 ./Core/Src/lis3dsh.o
                0x20000210                lis3dsh_y_raw_live
 .bss.lis3dsh_z_raw_live
                0x20000212        0x2 ./Core/Src/lis3dsh.o
                0x20000212                lis3dsh_z_raw_live
 .bss.lis3dsh_spi_tx
                0x20000214        0x1 ./Core/Src/lis3dsh.o
 .bss.lis3dsh_spi_rx
                0x20000215        0x1 ./Core/Src/lis3dsh.o
 .bss.lis3dsh_last_z_raw
                0x20000216        0x2 ./Core/Src/lis3dsh.o
 .bss.main_loop_count
                0x20000218        0x4 ./Core/Src/main.o
                0x20000218                main_loop_count
 .bss.data      0x2000021c      0x1b8 ./Core/Src/sensor_uart.o
                0x2000021c                data
 .bss.data_count
                0x200003d4        0x1 ./Core/Src/sensor_uart.o
                0x200003d4                data_count
 *fill*         0x200003d5        0x3 
 .bss.sensor_uart_tx_lines
                0x200003d8        0x4 ./Core/Src/sensor_uart.o
                0x200003d8                sensor_uart_tx_lines
 .bss.sensor_uart_overflow
                0x200003dc        0x4 ./Core/Src/sensor_uart.o
                0x200003dc                sensor_uart_overflow
 .bss.last_sample_ms
                0x200003e0        0x4 ./Core/Src/sensor_uart.o
 .bss.last_flush_ms
                0x200003e4        0x4 ./Core/Src/sensor_uart.o
 .bss.last_heartbeat_ms
                0x200003e8        0x4 ./Core/Src/sensor_uart.o
 .bss.cached_ecu_temp_c
                0x200003ec        0x4 ./Core/Src/sensor_uart.o
 .bss.last_ecu_temp_ms
                0x200003f0        0x4 ./Core/Src/sensor_uart.o
 .bss.hspi1     0x200003f4       0x58 ./Core/Src/spi.o
                0x200003f4                hspi1
 .bss.__sbrk_heap_end
                0x2000044c        0x4 ./Core/Src/sysmem.o
 .bss.huart4    0x20000450       0x48 ./Core/Src/usart.o
                0x20000450                huart4
 .bss.huart2    0x20000498       0x48 ./Core/Src/usart.o
                0x20000498                huart2
 .bss.user_button_press_count
                0x200004e0        0x4 ./Core/Src/user_button.o
                0x200004e0                user_button_press_count
 .bss.user_button_cal_request_count
                0x200004e4        0x4 ./Core/Src/user_button.o
                0x200004e4                user_button_cal_request_count
 .bss.cal_state
                0x200004e8        0x1 ./Core/Src/user_button.o
 *fill*         0x200004e9        0x3 
 .bss.cal_step_ms
                0x200004ec        0x4 ./Core/Src/user_button.o
 .bss.last_sample_pressed
                0x200004f0        0x1 ./Core/Src/user_button.o
 *fill*         0x200004f1        0x3 
 .bss.last_change_ms
                0x200004f4        0x4 ./Core/Src/user_button.o
 .bss.uwTick    0x200004f8        0x4 ./Drivers/STM32F4xx_HAL_Driver/Src/stm32f4xx_hal.o
                0x200004f8                uwTick
 .bss.__sf      0x200004fc      0x138 C:/ST/STM32CubeIDE_2.1.1/STM32CubeIDE/plugins/com.st.stm32cube.ide.mcu.externaltools.gnu-tools-for-stm32.14.3.rel1.win32_1.0.100.202602081740/tools/bin/../lib/gcc/arm-none-eabi/14.3.1/../../../../arm-none-eabi/lib/thumb/v7e-m+fp/hard\libc_nano.a(libc_a-findfp.o)
                0x200004fc                __sf
 .bss.errno     0x20000634        0x4 C:/ST/STM32CubeIDE_2.1.1/STM32CubeIDE/plugins/com.st.stm32cube.ide.mcu.externaltools.gnu-tools-for-stm32.14.3.rel1.win32_1.0.100.202602081740/tools/bin/../lib/gcc/arm-none-eabi/14.3.1/../../../../arm-none-eabi/lib/thumb/v7e-m+fp/hard\libc_nano.a(libc_a-reent.o)
                0x20000634                errno
 .bss.__lock___malloc_recursive_mutex
                0x20000638        0x1 C:/ST/STM32CubeIDE_2.1.1/STM32CubeIDE/plugins/com.st.stm32cube.ide.mcu.externaltools.gnu-tools-for-stm32.14.3.rel1.win32_1.0.100.202602081740/tools/bin/../lib/gcc/arm-none-eabi/14.3.1/../../../../arm-none-eabi/lib/thumb/v7e-m+fp/hard\libc_nano.a(libc_a-lock.o)
                0x20000638                __lock___malloc_recursive_mutex
 *fill*         0x20000639        0x3 
 .bss.__malloc_sbrk_start
                0x2000063c        0x4 C:/ST/STM32CubeIDE_2.1.1/STM32CubeIDE/plugins/com.st.stm32cube.ide.mcu.externaltools.gnu-tools-for-stm32.14.3.rel1.win32_1.0.100.202602081740/tools/bin/../lib/gcc/arm-none-eabi/14.3.1/../../../../arm-none-eabi/lib/thumb/v7e-m+fp/hard\libc_nano.a(libc_a-mallocr.o)
                0x2000063c                __malloc_sbrk_start
 .bss.__malloc_free_list
                0x20000640        0x4 C:/ST/STM32CubeIDE_2.1.1/STM32CubeIDE/plugins/com.st.stm32cube.ide.mcu.externaltools.gnu-tools-for-stm32.14.3.rel1.win32_1.0.100.202602081740/tools/bin/../lib/gcc/arm-none-eabi/14.3.1/../../../../arm-none-eabi/lib/thumb/v7e-m+fp/hard\libc_nano.a(libc_a-mallocr.o)
                0x20000640                __malloc_free_list
 *(COMMON)
                0x20000644                        . = ALIGN (0x4)
                0x20000644                        _ebss = .
                0x20000644                        __bss_end__ = _ebss

._user_heap_stack
                0x20000644      0x604
                0x20000648                        . = ALIGN (0x8)
 *fill*         0x20000644        0x4 
                [!provide]                        PROVIDE (end = .)
                0x20000648                        PROVIDE (_end = .)
                0x20000848                        . = (. + _Min_Heap_Size)
 *fill*         0x20000648      0x200 
                0x20000c48                        . = (. + _Min_Stack_Size)
 *fill*         0x20000848      0x400 
                0x20000c48                        . = ALIGN (0x8)

/DISCARD/
 libc.a(*)
 libm.a(*)
 libgcc.a(*)

.ARM.attributes
                0x00000000       0x30
 *(.ARM.attributes)
 .ARM.attributes
                0x00000000       0x22 C:/ST/STM32CubeIDE_2.1.1/STM32CubeIDE/plugins/com.st.stm32cube.ide.mcu.externaltools.gnu-tools-for-stm32.14.3.rel1.win32_1.0.100.202602081740/tools/bin/../lib/gcc/arm-none-eabi/14.3.1/thumb/v7e-m+fp/hard/crti.o
 .ARM.attributes
                0x00000022       0x34 C:/ST/STM32CubeIDE_2.1.1/STM32CubeIDE/plugins/com.st.stm32cube.ide.mcu.externaltools.gnu-tools-for-stm32.14.3.rel1.win32_1.0.100.202602081740/tools/bin/../lib/gcc/arm-none-eabi/14.3.1/thumb/v7e-m+fp/hard/crtbegin.o
 .ARM.attributes
                0x00000056       0x34 ./Core/Src/adc.o
 .ARM.attributes
                0x0000008a       0x34 ./Core/Src/can.o
 .ARM.attributes
                0x000000be       0x34 ./Core/Src/can_lws.o
 .ARM.attributes
                0x000000f2       0x34 ./Core/Src/gpio.o
 .ARM.attributes
                0x00000126       0x34 ./Core/Src/i2c.o
 .ARM.attributes
                0x0000015a       0x34 ./Core/Src/lis3dsh.o
 .ARM.attributes
                0x0000018e       0x34 ./Core/Src/main.o
 .ARM.attributes
                0x000001c2       0x34 ./Core/Src/sensor_uart.o
 .ARM.attributes
                0x000001f6       0x34 ./Core/Src/spi.o
 .ARM.attributes
                0x0000022a       0x34 ./Core/Src/stm32f4xx_hal_msp.o
 .ARM.attributes
                0x0000025e       0x34 ./Core/Src/stm32f4xx_it.o
 .ARM.attributes
                0x00000292       0x34 ./Core/Src/sysmem.o
 .ARM.attributes
                0x000002c6       0x34 ./Core/Src/system_stm32f4xx.o
 .ARM.attributes
                0x000002fa       0x34 ./Core/Src/usart.o
 .ARM.attributes
                0x0000032e       0x34 ./Core/Src/user_button.o
 .ARM.attributes
                0x00000362       0x21 ./Core/Startup/startup_stm32f407vgtx.o
 .ARM.attributes
                0x00000383       0x34 ./Drivers/STM32F4xx_HAL_Driver/Src/stm32f4xx_hal.o
 .ARM.attributes
                0x000003b7       0x34 ./Drivers/STM32F4xx_HAL_Driver/Src/stm32f4xx_hal_adc.o
 .ARM.attributes
                0x000003eb       0x34 ./Drivers/STM32F4xx_HAL_Driver/Src/stm32f4xx_hal_can.o
 .ARM.attributes
                0x0000041f       0x34 ./Drivers/STM32F4xx_HAL_Driver/Src/stm32f4xx_hal_cortex.o
 .ARM.attributes
                0x00000453       0x34 ./Drivers/STM32F4xx_HAL_Driver/Src/stm32f4xx_hal_dma.o
 .ARM.attributes
                0x00000487       0x34 ./Drivers/STM32F4xx_HAL_Driver/Src/stm32f4xx_hal_gpio.o
 .ARM.attributes
                0x000004bb       0x34 ./Drivers/STM32F4xx_HAL_Driver/Src/stm32f4xx_hal_i2c.o
 .ARM.attributes
                0x000004ef       0x34 ./Drivers/STM32F4xx_HAL_Driver/Src/stm32f4xx_hal_rcc.o
 .ARM.attributes
                0x00000523       0x34 ./Drivers/STM32F4xx_HAL_Driver/Src/stm32f4xx_hal_spi.o
 .ARM.attributes
                0x00000557       0x34 ./Drivers/STM32F4xx_HAL_Driver/Src/stm32f4xx_hal_uart.o
 .ARM.attributes
                0x0000058b       0x34 C:/ST/STM32CubeIDE_2.1.1/STM32CubeIDE/plugins/com.st.stm32cube.ide.mcu.externaltools.gnu-tools-for-stm32.14.3.rel1.win32_1.0.100.202602081740/tools/bin/../lib/gcc/arm-none-eabi/14.3.1/../../../../arm-none-eabi/lib/thumb/v7e-m+fp/hard\libc_nano.a(libc_a-findfp.o)
 .ARM.attributes
                0x000005bf       0x34 C:/ST/STM32CubeIDE_2.1.1/STM32CubeIDE/plugins/com.st.stm32cube.ide.mcu.externaltools.gnu-tools-for-stm32.14.3.rel1.win32_1.0.100.202602081740/tools/bin/../lib/gcc/arm-none-eabi/14.3.1/../../../../arm-none-eabi/lib/thumb/v7e-m+fp/hard\libc_nano.a(libc_a-snprintf.o)
 .ARM.attributes
                0x000005f3       0x34 C:/ST/STM32CubeIDE_2.1.1/STM32CubeIDE/plugins/com.st.stm32cube.ide.mcu.externaltools.gnu-tools-for-stm32.14.3.rel1.win32_1.0.100.202602081740/tools/bin/../lib/gcc/arm-none-eabi/14.3.1/../../../../arm-none-eabi/lib/thumb/v7e-m+fp/hard\libc_nano.a(libc_a-memset.o)
 .ARM.attributes
                0x00000627       0x34 C:/ST/STM32CubeIDE_2.1.1/STM32CubeIDE/plugins/com.st.stm32cube.ide.mcu.externaltools.gnu-tools-for-stm32.14.3.rel1.win32_1.0.100.202602081740/tools/bin/../lib/gcc/arm-none-eabi/14.3.1/../../../../arm-none-eabi/lib/thumb/v7e-m+fp/hard\libc_nano.a(libc_a-reent.o)
 .ARM.attributes
                0x0000065b       0x34 C:/ST/STM32CubeIDE_2.1.1/STM32CubeIDE/plugins/com.st.stm32cube.ide.mcu.externaltools.gnu-tools-for-stm32.14.3.rel1.win32_1.0.100.202602081740/tools/bin/../lib/gcc/arm-none-eabi/14.3.1/../../../../arm-none-eabi/lib/thumb/v7e-m+fp/hard\libc_nano.a(libc_a-impure.o)
 .ARM.attributes
                0x0000068f       0x34 C:/ST/STM32CubeIDE_2.1.1/STM32CubeIDE/plugins/com.st.stm32cube.ide.mcu.externaltools.gnu-tools-for-stm32.14.3.rel1.win32_1.0.100.202602081740/tools/bin/../lib/gcc/arm-none-eabi/14.3.1/../../../../arm-none-eabi/lib/thumb/v7e-m+fp/hard\libc_nano.a(libc_a-errno.o)
 .ARM.attributes
                0x000006c3       0x34 C:/ST/STM32CubeIDE_2.1.1/STM32CubeIDE/plugins/com.st.stm32cube.ide.mcu.externaltools.gnu-tools-for-stm32.14.3.rel1.win32_1.0.100.202602081740/tools/bin/../lib/gcc/arm-none-eabi/14.3.1/../../../../arm-none-eabi/lib/thumb/v7e-m+fp/hard\libc_nano.a(libc_a-init.o)
 .ARM.attributes
                0x000006f7       0x34 C:/ST/STM32CubeIDE_2.1.1/STM32CubeIDE/plugins/com.st.stm32cube.ide.mcu.externaltools.gnu-tools-for-stm32.14.3.rel1.win32_1.0.100.202602081740/tools/bin/../lib/gcc/arm-none-eabi/14.3.1/../../../../arm-none-eabi/lib/thumb/v7e-m+fp/hard\libc_nano.a(libc_a-lock.o)
 .ARM.attributes
                0x0000072b       0x17 C:/ST/STM32CubeIDE_2.1.1/STM32CubeIDE/plugins/com.st.stm32cube.ide.mcu.externaltools.gnu-tools-for-stm32.14.3.rel1.win32_1.0.100.202602081740/tools/bin/../lib/gcc/arm-none-eabi/14.3.1/../../../../arm-none-eabi/lib/thumb/v7e-m+fp/hard\libc_nano.a(libc_a-strlen.o)
 .ARM.attributes
                0x00000742       0x34 C:/ST/STM32CubeIDE_2.1.1/STM32CubeIDE/plugins/com.st.stm32cube.ide.mcu.externaltools.gnu-tools-for-stm32.14.3.rel1.win32_1.0.100.202602081740/tools/bin/../lib/gcc/arm-none-eabi/14.3.1/../../../../arm-none-eabi/lib/thumb/v7e-m+fp/hard\libc_nano.a(libc_a-freer.o)
 .ARM.attributes
                0x00000776       0x34 C:/ST/STM32CubeIDE_2.1.1/STM32CubeIDE/plugins/com.st.stm32cube.ide.mcu.externaltools.gnu-tools-for-stm32.14.3.rel1.win32_1.0.100.202602081740/tools/bin/../lib/gcc/arm-none-eabi/14.3.1/../../../../arm-none-eabi/lib/thumb/v7e-m+fp/hard\libc_nano.a(libc_a-mallocr.o)
 .ARM.attributes
                0x000007aa       0x34 C:/ST/STM32CubeIDE_2.1.1/STM32CubeIDE/plugins/com.st.stm32cube.ide.mcu.externaltools.gnu-tools-for-stm32.14.3.rel1.win32_1.0.100.202602081740/tools/bin/../lib/gcc/arm-none-eabi/14.3.1/../../../../arm-none-eabi/lib/thumb/v7e-m+fp/hard\libc_nano.a(libc_a-mlock.o)
 .ARM.attributes
                0x000007de       0x34 C:/ST/STM32CubeIDE_2.1.1/STM32CubeIDE/plugins/com.st.stm32cube.ide.mcu.externaltools.gnu-tools-for-stm32.14.3.rel1.win32_1.0.100.202602081740/tools/bin/../lib/gcc/arm-none-eabi/14.3.1/../../../../arm-none-eabi/lib/thumb/v7e-m+fp/hard\libc_nano.a(libc_a-nano-svfprintf.o)
 .ARM.attributes
                0x00000812       0x34 C:/ST/STM32CubeIDE_2.1.1/STM32CubeIDE/plugins/com.st.stm32cube.ide.mcu.externaltools.gnu-tools-for-stm32.14.3.rel1.win32_1.0.100.202602081740/tools/bin/../lib/gcc/arm-none-eabi/14.3.1/../../../../arm-none-eabi/lib/thumb/v7e-m+fp/hard\libc_nano.a(libc_a-nano-vfprintf_i.o)
 .ARM.attributes
                0x00000846       0x34 C:/ST/STM32CubeIDE_2.1.1/STM32CubeIDE/plugins/com.st.stm32cube.ide.mcu.externaltools.gnu-tools-for-stm32.14.3.rel1.win32_1.0.100.202602081740/tools/bin/../lib/gcc/arm-none-eabi/14.3.1/../../../../arm-none-eabi/lib/thumb/v7e-m+fp/hard\libc_nano.a(libc_a-memmove.o)
 .ARM.attributes
                0x0000087a       0x34 C:/ST/STM32CubeIDE_2.1.1/STM32CubeIDE/plugins/com.st.stm32cube.ide.mcu.externaltools.gnu-tools-for-stm32.14.3.rel1.win32_1.0.100.202602081740/tools/bin/../lib/gcc/arm-none-eabi/14.3.1/../../../../arm-none-eabi/lib/thumb/v7e-m+fp/hard\libc_nano.a(libc_a-sbrkr.o)
 .ARM.attributes
                0x000008ae       0x1c C:/ST/STM32CubeIDE_2.1.1/STM32CubeIDE/plugins/com.st.stm32cube.ide.mcu.externaltools.gnu-tools-for-stm32.14.3.rel1.win32_1.0.100.202602081740/tools/bin/../lib/gcc/arm-none-eabi/14.3.1/../../../../arm-none-eabi/lib/thumb/v7e-m+fp/hard\libc_nano.a(libc_a-memchr.o)
 .ARM.attributes
                0x000008ca       0x34 C:/ST/STM32CubeIDE_2.1.1/STM32CubeIDE/plugins/com.st.stm32cube.ide.mcu.externaltools.gnu-tools-for-stm32.14.3.rel1.win32_1.0.100.202602081740/tools/bin/../lib/gcc/arm-none-eabi/14.3.1/../../../../arm-none-eabi/lib/thumb/v7e-m+fp/hard\libc_nano.a(libc_a-memcpy-stub.o)
 .ARM.attributes
                0x000008fe       0x34 C:/ST/STM32CubeIDE_2.1.1/STM32CubeIDE/plugins/com.st.stm32cube.ide.mcu.externaltools.gnu-tools-for-stm32.14.3.rel1.win32_1.0.100.202602081740/tools/bin/../lib/gcc/arm-none-eabi/14.3.1/../../../../arm-none-eabi/lib/thumb/v7e-m+fp/hard\libc_nano.a(libc_a-reallocr.o)
 .ARM.attributes
                0x00000932       0x34 C:/ST/STM32CubeIDE_2.1.1/STM32CubeIDE/plugins/com.st.stm32cube.ide.mcu.externaltools.gnu-tools-for-stm32.14.3.rel1.win32_1.0.100.202602081740/tools/bin/../lib/gcc/arm-none-eabi/14.3.1/../../../../arm-none-eabi/lib/thumb/v7e-m+fp/hard\libc_nano.a(libc_a-msizer.o)
 .ARM.attributes
                0x00000966       0x22 C:/ST/STM32CubeIDE_2.1.1/STM32CubeIDE/plugins/com.st.stm32cube.ide.mcu.externaltools.gnu-tools-for-stm32.14.3.rel1.win32_1.0.100.202602081740/tools/bin/../lib/gcc/arm-none-eabi/14.3.1/thumb/v7e-m+fp/hard\libgcc.a(_aeabi_uldivmod.o)
 .ARM.attributes
                0x00000988       0x34 C:/ST/STM32CubeIDE_2.1.1/STM32CubeIDE/plugins/com.st.stm32cube.ide.mcu.externaltools.gnu-tools-for-stm32.14.3.rel1.win32_1.0.100.202602081740/tools/bin/../lib/gcc/arm-none-eabi/14.3.1/thumb/v7e-m+fp/hard\libgcc.a(_udivmoddi4.o)
 .ARM.attributes
                0x000009bc       0x22 C:/ST/STM32CubeIDE_2.1.1/STM32CubeIDE/plugins/com.st.stm32cube.ide.mcu.externaltools.gnu-tools-for-stm32.14.3.rel1.win32_1.0.100.202602081740/tools/bin/../lib/gcc/arm-none-eabi/14.3.1/thumb/v7e-m+fp/hard\libgcc.a(_dvmd_tls.o)
 .ARM.attributes
                0x000009de       0x22 C:/ST/STM32CubeIDE_2.1.1/STM32CubeIDE/plugins/com.st.stm32cube.ide.mcu.externaltools.gnu-tools-for-stm32.14.3.rel1.win32_1.0.100.202602081740/tools/bin/../lib/gcc/arm-none-eabi/14.3.1/thumb/v7e-m+fp/hard/crtn.o
OUTPUT(ECU_test.elf elf32-littlearm)
LOAD linker stubs
LOAD C:/ST/STM32CubeIDE_2.1.1/STM32CubeIDE/plugins/com.st.stm32cube.ide.mcu.externaltools.gnu-tools-for-stm32.14.3.rel1.win32_1.0.100.202602081740/tools/bin/../lib/gcc/arm-none-eabi/14.3.1/../../../../arm-none-eabi/lib/thumb/v7e-m+fp/hard\libc.a
LOAD C:/ST/STM32CubeIDE_2.1.1/STM32CubeIDE/plugins/com.st.stm32cube.ide.mcu.externaltools.gnu-tools-for-stm32.14.3.rel1.win32_1.0.100.202602081740/tools/bin/../lib/gcc/arm-none-eabi/14.3.1/../../../../arm-none-eabi/lib/thumb/v7e-m+fp/hard\libm.a
LOAD C:/ST/STM32CubeIDE_2.1.1/STM32CubeIDE/plugins/com.st.stm32cube.ide.mcu.externaltools.gnu-tools-for-stm32.14.3.rel1.win32_1.0.100.202602081740/tools/bin/../lib/gcc/arm-none-eabi/14.3.1/thumb/v7e-m+fp/hard\libgcc.a

.debug_info     0x00000000    0x1306f
 .debug_info    0x00000000      0xeed ./Core/Src/adc.o
 .debug_info    0x00000eed      0x8d1 ./Core/Src/can.o
 .debug_info    0x000017be      0x9a4 ./Core/Src/can_lws.o
 .debug_info    0x00002162      0x3e4 ./Core/Src/gpio.o
 .debug_info    0x00002546      0xbd9 ./Core/Src/i2c.o
 .debug_info    0x0000311f      0xd8c ./Core/Src/lis3dsh.o
 .debug_info    0x00003eab      0x533 ./Core/Src/main.o
 .debug_info    0x000043de      0xd09 ./Core/Src/sensor_uart.o
 .debug_info    0x000050e7      0x94d ./Core/Src/spi.o
 .debug_info    0x00005a34      0x269 ./Core/Src/stm32f4xx_hal_msp.o
 .debug_info    0x00005c9d      0x6a3 ./Core/Src/stm32f4xx_it.o
 .debug_info    0x00006340      0x168 ./Core/Src/sysmem.o
 .debug_info    0x000064a8      0x512 ./Core/Src/system_stm32f4xx.o
 .debug_info    0x000069ba      0x9d0 ./Core/Src/usart.o
 .debug_info    0x0000738a      0x8c3 ./Core/Src/user_button.o
 .debug_info    0x00007c4d       0x30 ./Core/Startup/startup_stm32f407vgtx.o
 .debug_info    0x00007c7d      0x944 ./Drivers/STM32F4xx_HAL_Driver/Src/stm32f4xx_hal.o
 .debug_info    0x000085c1      0xce3 ./Drivers/STM32F4xx_HAL_Driver/Src/stm32f4xx_hal_adc.o
 .debug_info    0x000092a4      0xf49 ./Drivers/STM32F4xx_HAL_Driver/Src/stm32f4xx_hal_can.o
 .debug_info    0x0000a1ed      0xd8c ./Drivers/STM32F4xx_HAL_Driver/Src/stm32f4xx_hal_cortex.o
 .debug_info    0x0000af79      0x8e7 ./Drivers/STM32F4xx_HAL_Driver/Src/stm32f4xx_hal_dma.o
 .debug_info    0x0000b860      0x6c3 ./Drivers/STM32F4xx_HAL_Driver/Src/stm32f4xx_hal_gpio.o
 .debug_info    0x0000bf23     0x2415 ./Drivers/STM32F4xx_HAL_Driver/Src/stm32f4xx_hal_i2c.o
 .debug_info    0x0000e338      0x8c3 ./Drivers/STM32F4xx_HAL_Driver/Src/stm32f4xx_hal_rcc.o
 .debug_info    0x0000ebfb     0x1525 ./Drivers/STM32F4xx_HAL_Driver/Src/stm32f4xx_hal_spi.o
 .debug_info    0x00010120     0x2f4f ./Drivers/STM32F4xx_HAL_Driver/Src/stm32f4xx_hal_uart.o

.debug_abbrev   0x00000000     0x34c9
 .debug_abbrev  0x00000000      0x2e3 ./Core/Src/adc.o
 .debug_abbrev  0x000002e3      0x206 ./Core/Src/can.o
 .debug_abbrev  0x000004e9      0x22d ./Core/Src/can_lws.o
 .debug_abbrev  0x00000716      0x135 ./Core/Src/gpio.o
 .debug_abbrev  0x0000084b      0x210 ./Core/Src/i2c.o
 .debug_abbrev  0x00000a5b      0x255 ./Core/Src/lis3dsh.o
 .debug_abbrev  0x00000cb0      0x1f2 ./Core/Src/main.o
 .debug_abbrev  0x00000ea2      0x2b7 ./Core/Src/sensor_uart.o
 .debug_abbrev  0x00001159      0x1fa ./Core/Src/spi.o
 .debug_abbrev  0x00001353       0xd8 ./Core/Src/stm32f4xx_hal_msp.o
 .debug_abbrev  0x0000142b      0x16f ./Core/Src/stm32f4xx_it.o
 .debug_abbrev  0x0000159a       0xbc ./Core/Src/sysmem.o
 .debug_abbrev  0x00001656      0x11a ./Core/Src/system_stm32f4xx.o
 .debug_abbrev  0x00001770      0x1fe ./Core/Src/usart.o
 .debug_abbrev  0x0000196e      0x238 ./Core/Src/user_button.o
 .debug_abbrev  0x00001ba6       0x24 ./Core/Startup/startup_stm32f407vgtx.o
 .debug_abbrev  0x00001bca      0x214 ./Drivers/STM32F4xx_HAL_Driver/Src/stm32f4xx_hal.o
 .debug_abbrev  0x00001dde      0x252 ./Drivers/STM32F4xx_HAL_Driver/Src/stm32f4xx_hal_adc.o
 .debug_abbrev  0x00002030      0x258 ./Drivers/STM32F4xx_HAL_Driver/Src/stm32f4xx_hal_can.o
 .debug_abbrev  0x00002288      0x31d ./Drivers/STM32F4xx_HAL_Driver/Src/stm32f4xx_hal_cortex.o
 .debug_abbrev  0x000025a5      0x264 ./Drivers/STM32F4xx_HAL_Driver/Src/stm32f4xx_hal_dma.o
 .debug_abbrev  0x00002809      0x1d4 ./Drivers/STM32F4xx_HAL_Driver/Src/stm32f4xx_hal_gpio.o
 .debug_abbrev  0x000029dd      0x2ad ./Drivers/STM32F4xx_HAL_Driver/Src/stm32f4xx_hal_i2c.o
 .debug_abbrev  0x00002c8a      0x2b7 ./Drivers/STM32F4xx_HAL_Driver/Src/stm32f4xx_hal_rcc.o
 .debug_abbrev  0x00002f41      0x27a ./Drivers/STM32F4xx_HAL_Driver/Src/stm32f4xx_hal_spi.o
 .debug_abbrev  0x000031bb      0x30e ./Drivers/STM32F4xx_HAL_Driver/Src/stm32f4xx_hal_uart.o

.debug_aranges  0x00000000     0x1058
 .debug_aranges
                0x00000000       0x98 ./Core/Src/adc.o
 .debug_aranges
                0x00000098       0x38 ./Core/Src/can.o
 .debug_aranges
                0x000000d0       0x48 ./Core/Src/can_lws.o
 .debug_aranges
                0x00000118       0x20 ./Core/Src/gpio.o
 .debug_aranges
                0x00000138       0x30 ./Core/Src/i2c.o
 .debug_aranges
                0x00000168       0x78 ./Core/Src/lis3dsh.o
 .debug_aranges
                0x000001e0       0x30 ./Core/Src/main.o
 .debug_aranges
                0x00000210       0x70 ./Core/Src/sensor_uart.o
 .debug_aranges
                0x00000280       0x30 ./Core/Src/spi.o
 .debug_aranges
                0x000002b0       0x20 ./Core/Src/stm32f4xx_hal_msp.o
 .debug_aranges
                0x000002d0       0x70 ./Core/Src/stm32f4xx_it.o
 .debug_aranges
                0x00000340       0x20 ./Core/Src/sysmem.o
 .debug_aranges
                0x00000360       0x28 ./Core/Src/system_stm32f4xx.o
 .debug_aranges
                0x00000388       0x38 ./Core/Src/usart.o
 .debug_aranges
                0x000003c0       0x40 ./Core/Src/user_button.o
 .debug_aranges
                0x00000400       0x28 ./Core/Startup/startup_stm32f407vgtx.o
 .debug_aranges
                0x00000428       0xf0 ./Drivers/STM32F4xx_HAL_Driver/Src/stm32f4xx_hal.o
 .debug_aranges
                0x00000518       0xe8 ./Drivers/STM32F4xx_HAL_Driver/Src/stm32f4xx_hal_adc.o
 .debug_aranges
                0x00000600      0x138 ./Drivers/STM32F4xx_HAL_Driver/Src/stm32f4xx_hal_can.o
 .debug_aranges
                0x00000738      0x130 ./Drivers/STM32F4xx_HAL_Driver/Src/stm32f4xx_hal_cortex.o
 .debug_aranges
                0x00000868       0x90 ./Drivers/STM32F4xx_HAL_Driver/Src/stm32f4xx_hal_dma.o
 .debug_aranges
                0x000008f8       0x58 ./Drivers/STM32F4xx_HAL_Driver/Src/stm32f4xx_hal_gpio.o
 .debug_aranges
                0x00000950      0x2a8 ./Drivers/STM32F4xx_HAL_Driver/Src/stm32f4xx_hal_i2c.o
 .debug_aranges
                0x00000bf8       0x88 ./Drivers/STM32F4xx_HAL_Driver/Src/stm32f4xx_hal_rcc.o
 .debug_aranges
                0x00000c80      0x1d0 ./Drivers/STM32F4xx_HAL_Driver/Src/stm32f4xx_hal_spi.o
 .debug_aranges
                0x00000e50      0x208 ./Drivers/STM32F4xx_HAL_Driver/Src/stm32f4xx_hal_uart.o

.debug_rnglists
                0x00000000      0xc96
 .debug_rnglists
                0x00000000       0x72 ./Core/Src/adc.o
 .debug_rnglists
                0x00000072       0x27 ./Core/Src/can.o
 .debug_rnglists
                0x00000099       0x34 ./Core/Src/can_lws.o
 .debug_rnglists
                0x000000cd       0x14 ./Core/Src/gpio.o
 .debug_rnglists
                0x000000e1       0x20 ./Core/Src/i2c.o
 .debug_rnglists
                0x00000101       0x57 ./Core/Src/lis3dsh.o
 .debug_rnglists
                0x00000158       0x20 ./Core/Src/main.o
 .debug_rnglists
                0x00000178       0x56 ./Core/Src/sensor_uart.o
 .debug_rnglists
                0x000001ce       0x20 ./Core/Src/spi.o
 .debug_rnglists
                0x000001ee       0x13 ./Core/Src/stm32f4xx_hal_msp.o
 .debug_rnglists
                0x00000201       0x4f ./Core/Src/stm32f4xx_it.o
 .debug_rnglists
                0x00000250       0x13 ./Core/Src/sysmem.o
 .debug_rnglists
                0x00000263       0x1a ./Core/Src/system_stm32f4xx.o
 .debug_rnglists
                0x0000027d       0x26 ./Core/Src/usart.o
 .debug_rnglists
                0x000002a3       0x2c ./Core/Src/user_button.o
 .debug_rnglists
                0x000002cf       0x19 ./Core/Startup/startup_stm32f407vgtx.o
 .debug_rnglists
                0x000002e8       0xaf ./Drivers/STM32F4xx_HAL_Driver/Src/stm32f4xx_hal.o
 .debug_rnglists
                0x00000397       0xb5 ./Drivers/STM32F4xx_HAL_Driver/Src/stm32f4xx_hal_adc.o
 .debug_rnglists
                0x0000044c       0xee ./Drivers/STM32F4xx_HAL_Driver/Src/stm32f4xx_hal_can.o
 .debug_rnglists
                0x0000053a       0xe0 ./Drivers/STM32F4xx_HAL_Driver/Src/stm32f4xx_hal_cortex.o
 .debug_rnglists
                0x0000061a       0x70 ./Drivers/STM32F4xx_HAL_Driver/Src/stm32f4xx_hal_dma.o
 .debug_rnglists
                0x0000068a       0x3f ./Drivers/STM32F4xx_HAL_Driver/Src/stm32f4xx_hal_gpio.o
 .debug_rnglists
                0x000006c9      0x23c ./Drivers/STM32F4xx_HAL_Driver/Src/stm32f4xx_hal_i2c.o
 .debug_rnglists
                0x00000905       0x66 ./Drivers/STM32F4xx_HAL_Driver/Src/stm32f4xx_hal_rcc.o
 .debug_rnglists
                0x0000096b      0x16f ./Drivers/STM32F4xx_HAL_Driver/Src/stm32f4xx_hal_spi.o
 .debug_rnglists
                0x00000ada      0x1bc ./Drivers/STM32F4xx_HAL_Driver/Src/stm32f4xx_hal_uart.o

.debug_macro    0x00000000    0x24294
 .debug_macro   0x00000000      0x252 ./Core/Src/adc.o
 .debug_macro   0x00000252      0xad8 ./Core/Src/adc.o
 .debug_macro   0x00000d2a      0x2ad ./Core/Src/adc.o
 .debug_macro   0x00000fd7       0x2e ./Core/Src/adc.o
 .debug_macro   0x00001005       0x2f ./Core/Src/adc.o
 .debug_macro   0x00001034       0x22 ./Core/Src/adc.o
 .debug_macro   0x00001056       0x8e ./Core/Src/adc.o
 .debug_macro   0x000010e4       0x51 ./Core/Src/adc.o
 .debug_macro   0x00001135      0x103 ./Core/Src/adc.o
 .debug_macro   0x00001238       0x6a ./Core/Src/adc.o
 .debug_macro   0x000012a2      0x1df ./Core/Src/adc.o
 .debug_macro   0x00001481       0x1c ./Core/Src/adc.o
 .debug_macro   0x0000149d       0x22 ./Core/Src/adc.o
 .debug_macro   0x000014bf       0xfb ./Core/Src/adc.o
 .debug_macro   0x000015ba     0x1011 ./Core/Src/adc.o
 .debug_macro   0x000025cb      0x11f ./Core/Src/adc.o
 .debug_macro   0x000026ea    0x15ea5 ./Core/Src/adc.o
 .debug_macro   0x0001858f       0x6d ./Core/Src/adc.o
 .debug_macro   0x000185fc     0x3693 ./Core/Src/adc.o
 .debug_macro   0x0001bc8f      0x190 ./Core/Src/adc.o
 .debug_macro   0x0001be1f       0x5c ./Core/Src/adc.o
 .debug_macro   0x0001be7b      0x980 ./Core/Src/adc.o
 .debug_macro   0x0001c7fb      0x9e9 ./Core/Src/adc.o
 .debug_macro   0x0001d1e4      0x115 ./Core/Src/adc.o
 .debug_macro   0x0001d2f9      0x13e ./Core/Src/adc.o
 .debug_macro   0x0001d437       0xa5 ./Core/Src/adc.o
 .debug_macro   0x0001d4dc      0x174 ./Core/Src/adc.o
 .debug_macro   0x0001d650      0x287 ./Core/Src/adc.o
 .debug_macro   0x0001d8d7       0x5f ./Core/Src/adc.o
 .debug_macro   0x0001d936      0x236 ./Core/Src/adc.o
 .debug_macro   0x0001db6c      0xb5b ./Core/Src/adc.o
 .debug_macro   0x0001e6c7      0x38b ./Core/Src/adc.o
 .debug_macro   0x0001ea52      0x176 ./Core/Src/adc.o
 .debug_macro   0x0001ebc8       0xf9 ./Core/Src/adc.o
 .debug_macro   0x0001ecc1      0x40f ./Core/Src/adc.o
 .debug_macro   0x0001f0d0      0x12c ./Core/Src/adc.o
 .debug_macro   0x0001f1fc      0x21e ./Core/Src/adc.o
 .debug_macro   0x0001f41a       0x2e ./Core/Src/adc.o
 .debug_macro   0x0001f448      0x1b5 ./Core/Src/adc.o
 .debug_macro   0x0001f5fd       0xd6 ./Core/Src/adc.o
 .debug_macro   0x0001f6d3      0x127 ./Core/Src/adc.o
 .debug_macro   0x0001f7fa       0x7e ./Core/Src/adc.o
 .debug_macro   0x0001f878       0x89 ./Core/Src/adc.o
 .debug_macro   0x0001f901      0x225 ./Core/Src/adc.o
 .debug_macro   0x0001fb26      0x2aa ./Core/Src/adc.o
 .debug_macro   0x0001fdd0      0x12d ./Core/Src/adc.o
 .debug_macro   0x0001fefd       0x7c ./Core/Src/adc.o
 .debug_macro   0x0001ff79       0x1c ./Core/Src/adc.o
 .debug_macro   0x0001ff95      0x229 ./Core/Src/can.o
 .debug_macro   0x000201be      0x250 ./Core/Src/can_lws.o
 .debug_macro   0x0002040e       0x1c ./Core/Src/can_lws.o
 .debug_macro   0x0002042a       0x82 ./Core/Src/can_lws.o
 .debug_macro   0x000204ac      0x229 ./Core/Src/gpio.o
 .debug_macro   0x000206d5      0x229 ./Core/Src/i2c.o
 .debug_macro   0x000208fe      0x2a4 ./Core/Src/lis3dsh.o
 .debug_macro   0x00020ba2       0x10 ./Core/Src/lis3dsh.o
 .debug_macro   0x00020bb2      0x289 ./Core/Src/main.o
 .debug_macro   0x00020e3b       0x16 ./Core/Src/main.o
 .debug_macro   0x00020e51       0x1c ./Core/Src/main.o
 .debug_macro   0x00020e6d       0x22 ./Core/Src/main.o
 .debug_macro   0x00020e8f      0x397 ./Core/Src/sensor_uart.o
 .debug_macro   0x00021226       0x16 ./Core/Src/sensor_uart.o
 .debug_macro   0x0002123c       0x61 ./Core/Src/sensor_uart.o
 .debug_macro   0x0002129d       0x2a ./Core/Src/sensor_uart.o
 .debug_macro   0x000212c7       0x43 ./Core/Src/sensor_uart.o
 .debug_macro   0x0002130a       0x34 ./Core/Src/sensor_uart.o
 .debug_macro   0x0002133e       0x16 ./Core/Src/sensor_uart.o
 .debug_macro   0x00021354       0x3c ./Core/Src/sensor_uart.o
 .debug_macro   0x00021390      0x364 ./Core/Src/sensor_uart.o
 .debug_macro   0x000216f4       0x10 ./Core/Src/sensor_uart.o
 .debug_macro   0x00021704       0x16 ./Core/Src/sensor_uart.o
 .debug_macro   0x0002171a       0x4a ./Core/Src/sensor_uart.o
 .debug_macro   0x00021764       0x34 ./Core/Src/sensor_uart.o
 .debug_macro   0x00021798       0x10 ./Core/Src/sensor_uart.o
 .debug_macro   0x000217a8       0x58 ./Core/Src/sensor_uart.o
 .debug_macro   0x00021800       0x8e ./Core/Src/sensor_uart.o
 .debug_macro   0x0002188e       0x1c ./Core/Src/sensor_uart.o
 .debug_macro   0x000218aa      0x17e ./Core/Src/sensor_uart.o
 .debug_macro   0x00021a28       0x16 ./Core/Src/sensor_uart.o
 .debug_macro   0x00021a3e       0x16 ./Core/Src/sensor_uart.o
 .debug_macro   0x00021a54      0x146 ./Core/Src/sensor_uart.o
 .debug_macro   0x00021b9a       0x16 ./Core/Src/sensor_uart.o
 .debug_macro   0x00021bb0       0x20 ./Core/Src/sensor_uart.o
 .debug_macro   0x00021bd0      0x229 ./Core/Src/spi.o
 .debug_macro   0x00021df9      0x21f ./Core/Src/stm32f4xx_hal_msp.o
 .debug_macro   0x00022018      0x22d ./Core/Src/stm32f4xx_it.o
 .debug_macro   0x00022245      0x112 ./Core/Src/sysmem.o
 .debug_macro   0x00022357      0x23c ./Core/Src/sysmem.o
 .debug_macro   0x00022593      0x210 ./Core/Src/system_stm32f4xx.o
 .debug_macro   0x000227a3      0x229 ./Core/Src/usart.o
 .debug_macro   0x000229cc      0x31a ./Core/Src/user_button.o
 .debug_macro   0x00022ce6       0x10 ./Core/Src/user_button.o
 .debug_macro   0x00022cf6      0x270 ./Drivers/STM32F4xx_HAL_Driver/Src/stm32f4xx_hal.o
 .debug_macro   0x00022f66      0x211 ./Drivers/STM32F4xx_HAL_Driver/Src/stm32f4xx_hal_adc.o
 .debug_macro   0x00023177      0x21f ./Drivers/STM32F4xx_HAL_Driver/Src/stm32f4xx_hal_can.o
 .debug_macro   0x00023396      0x210 ./Drivers/STM32F4xx_HAL_Driver/Src/stm32f4xx_hal_cortex.o
 .debug_macro   0x000235a6      0x216 ./Drivers/STM32F4xx_HAL_Driver/Src/stm32f4xx_hal_dma.o
 .debug_macro   0x000237bc      0x216 ./Drivers/STM32F4xx_HAL_Driver/Src/stm32f4xx_hal_gpio.o
 .debug_macro   0x000239d2      0x25e ./Drivers/STM32F4xx_HAL_Driver/Src/stm32f4xx_hal_i2c.o
 .debug_macro   0x00023c30      0x234 ./Drivers/STM32F4xx_HAL_Driver/Src/stm32f4xx_hal_rcc.o
 .debug_macro   0x00023e64      0x21f ./Drivers/STM32F4xx_HAL_Driver/Src/stm32f4xx_hal_spi.o
 .debug_macro   0x00024083      0x211 ./Drivers/STM32F4xx_HAL_Driver/Src/stm32f4xx_hal_uart.o

.debug_line     0x00000000    0x16f35
 .debug_line    0x00000000      0xb90 ./Core/Src/adc.o
 .debug_line    0x00000b90      0x8d3 ./Core/Src/can.o
 .debug_line    0x00001463      0x9cd ./Core/Src/can_lws.o
 .debug_line    0x00001e30      0x7cc ./Core/Src/gpio.o
 .debug_line    0x000025fc      0x833 ./Core/Src/i2c.o
 .debug_line    0x00002e2f      0x9ec ./Core/Src/lis3dsh.o
 .debug_line    0x0000381b      0x8c6 ./Core/Src/main.o
 .debug_line    0x000040e1      0xd9b ./Core/Src/sensor_uart.o
 .debug_line    0x00004e7c      0x835 ./Core/Src/spi.o
 .debug_line    0x000056b1      0x7bf ./Core/Src/stm32f4xx_hal_msp.o
 .debug_line    0x00005e70      0x89e ./Core/Src/stm32f4xx_it.o
 .debug_line    0x0000670e      0x58d ./Core/Src/sysmem.o
 .debug_line    0x00006c9b      0x835 ./Core/Src/system_stm32f4xx.o
 .debug_line    0x000074d0      0x89f ./Core/Src/usart.o
 .debug_line    0x00007d6f      0xa59 ./Core/Src/user_button.o
 .debug_line    0x000087c8       0x7a ./Core/Startup/startup_stm32f407vgtx.o
 .debug_line    0x00008842      0xab4 ./Drivers/STM32F4xx_HAL_Driver/Src/stm32f4xx_hal.o
 .debug_line    0x000092f6     0x12c8 ./Drivers/STM32F4xx_HAL_Driver/Src/stm32f4xx_hal_adc.o
 .debug_line    0x0000a5be     0x1270 ./Drivers/STM32F4xx_HAL_Driver/Src/stm32f4xx_hal_can.o
 .debug_line    0x0000b82e      0xd81 ./Drivers/STM32F4xx_HAL_Driver/Src/stm32f4xx_hal_cortex.o
 .debug_line    0x0000c5af     0x101d ./Drivers/STM32F4xx_HAL_Driver/Src/stm32f4xx_hal_dma.o
 .debug_line    0x0000d5cc      0xc06 ./Drivers/STM32F4xx_HAL_Driver/Src/stm32f4xx_hal_gpio.o
 .debug_line    0x0000e1d2     0x3b5e ./Drivers/STM32F4xx_HAL_Driver/Src/stm32f4xx_hal_i2c.o
 .debug_line    0x00011d30      0xec0 ./Drivers/STM32F4xx_HAL_Driver/Src/stm32f4xx_hal_rcc.o
 .debug_line    0x00012bf0     0x1d4c ./Drivers/STM32F4xx_HAL_Driver/Src/stm32f4xx_hal_spi.o
 .debug_line    0x0001493c     0x25f9 ./Drivers/STM32F4xx_HAL_Driver/Src/stm32f4xx_hal_uart.o

.debug_str      0x00000000    0xd745c
 .debug_str     0x00000000    0xd745c ./Core/Src/adc.o
                              0xceeca (size before relaxing)
 .debug_str     0x000d745c    0xce95d ./Core/Src/can.o
 .debug_str     0x000d745c    0xcebae ./Core/Src/can_lws.o
 .debug_str     0x000d745c    0xce647 ./Core/Src/gpio.o
 .debug_str     0x000d745c    0xcf0e6 ./Core/Src/i2c.o
 .debug_str     0x000d745c    0xcef8f ./Core/Src/lis3dsh.o
 .debug_str     0x000d745c    0xcea53 ./Core/Src/main.o
 .debug_str     0x000d745c    0xd26e5 ./Core/Src/sensor_uart.o
 .debug_str     0x000d745c    0xceb0f ./Core/Src/spi.o
 .debug_str     0x000d745c    0xce5b8 ./Core/Src/stm32f4xx_hal_msp.o
 .debug_str     0x000d745c    0xcea9b ./Core/Src/stm32f4xx_it.o
 .debug_str     0x000d745c     0x7700 ./Core/Src/sysmem.o
 .debug_str     0x000d745c    0xce40e ./Core/Src/system_stm32f4xx.o
 .debug_str     0x000d745c    0xceb76 ./Core/Src/usart.o
 .debug_str     0x000d745c    0xd1d87 ./Core/Src/user_button.o
 .debug_str     0x000d745c       0x78 ./Core/Startup/startup_stm32f407vgtx.o
 .debug_str     0x000d745c    0xcef92 ./Drivers/STM32F4xx_HAL_Driver/Src/stm32f4xx_hal.o
 .debug_str     0x000d745c    0xce9fb ./Drivers/STM32F4xx_HAL_Driver/Src/stm32f4xx_hal_adc.o
 .debug_str     0x000d745c    0xceb08 ./Drivers/STM32F4xx_HAL_Driver/Src/stm32f4xx_hal_can.o
 .debug_str     0x000d745c    0xced0e ./Drivers/STM32F4xx_HAL_Driver/Src/stm32f4xx_hal_cortex.o
 .debug_str     0x000d745c    0xce828 ./Drivers/STM32F4xx_HAL_Driver/Src/stm32f4xx_hal_dma.o
 .debug_str     0x000d745c    0xce589 ./Drivers/STM32F4xx_HAL_Driver/Src/stm32f4xx_hal_gpio.o
 .debug_str     0x000d745c    0xcf42c ./Drivers/STM32F4xx_HAL_Driver/Src/stm32f4xx_hal_i2c.o
 .debug_str     0x000d745c    0xce842 ./Drivers/STM32F4xx_HAL_Driver/Src/stm32f4xx_hal_rcc.o
 .debug_str     0x000d745c    0xceccc ./Drivers/STM32F4xx_HAL_Driver/Src/stm32f4xx_hal_spi.o
 .debug_str     0x000d745c    0xcee23 ./Drivers/STM32F4xx_HAL_Driver/Src/stm32f4xx_hal_uart.o

.comment        0x00000000       0x43
 .comment       0x00000000       0x43 ./Core/Src/adc.o
                                 0x44 (size before relaxing)
 .comment       0x00000043       0x44 ./Core/Src/can.o
 .comment       0x00000043       0x44 ./Core/Src/can_lws.o
 .comment       0x00000043       0x44 ./Core/Src/gpio.o
 .comment       0x00000043       0x44 ./Core/Src/i2c.o
 .comment       0x00000043       0x44 ./Core/Src/lis3dsh.o
 .comment       0x00000043       0x44 ./Core/Src/main.o
 .comment       0x00000043       0x44 ./Core/Src/sensor_uart.o
 .comment       0x00000043       0x44 ./Core/Src/spi.o
 .comment       0x00000043       0x44 ./Core/Src/stm32f4xx_hal_msp.o
 .comment       0x00000043       0x44 ./Core/Src/stm32f4xx_it.o
 .comment       0x00000043       0x44 ./Core/Src/sysmem.o
 .comment       0x00000043       0x44 ./Core/Src/system_stm32f4xx.o
 .comment       0x00000043       0x44 ./Core/Src/usart.o
 .comment       0x00000043       0x44 ./Core/Src/user_button.o
 .comment       0x00000043       0x44 ./Drivers/STM32F4xx_HAL_Driver/Src/stm32f4xx_hal.o